Component: ARM Compiler 5.06 update 7 (build 960) Tool: armlink [4d3601]

==============================================================================

Section Cross References

    clk.o(i.CLK_DisableCKO) refers to clk.o(i.CLK_DisableModuleClock) for CLK_DisableModuleClock
    clk.o(i.CLK_EnableCKO) refers to clk.o(i.CLK_EnableModuleClock) for CLK_EnableModuleClock
    clk.o(i.CLK_EnableCKO) refers to clk.o(i.CLK_SetModuleClock) for CLK_SetModuleClock
    clk.o(i.CLK_EnablePLL) refers to clk.o(i.CLK_DisablePLL) for CLK_DisablePLL
    clk.o(i.CLK_EnablePLL) refers to clk.o(i.CLK_WaitClockReady) for CLK_WaitClockReady
    clk.o(i.CLK_EnablePLL) refers to clk.o(i.CLK_GetPLLClockFreq) for CLK_GetPLLClockFreq
    clk.o(i.CLK_GetCPUFreq) refers to system_m480.o(i.SystemCoreClockUpdate) for SystemCoreClockUpdate
    clk.o(i.CLK_GetCPUFreq) refers to system_m480.o(.data) for SystemCoreClock
    clk.o(i.CLK_GetHCLKFreq) refers to system_m480.o(i.SystemCoreClockUpdate) for SystemCoreClockUpdate
    clk.o(i.CLK_GetHCLKFreq) refers to system_m480.o(.data) for SystemCoreClock
    clk.o(i.CLK_GetModuleClockDivider) refers to clk.o(.constdata) for .constdata
    clk.o(i.CLK_GetModuleClockSource) refers to clk.o(.constdata) for .constdata
    clk.o(i.CLK_GetPCLK0Freq) refers to system_m480.o(i.SystemCoreClockUpdate) for SystemCoreClockUpdate
    clk.o(i.CLK_GetPCLK0Freq) refers to system_m480.o(.data) for SystemCoreClock
    clk.o(i.CLK_GetPCLK1Freq) refers to system_m480.o(i.SystemCoreClockUpdate) for SystemCoreClockUpdate
    clk.o(i.CLK_GetPCLK1Freq) refers to system_m480.o(.data) for SystemCoreClock
    clk.o(i.CLK_SetCoreClock) refers to clk.o(i.CLK_WaitClockReady) for CLK_WaitClockReady
    clk.o(i.CLK_SetCoreClock) refers to clk.o(i.CLK_EnablePLL) for CLK_EnablePLL
    clk.o(i.CLK_SetCoreClock) refers to clk.o(i.CLK_SetHCLK) for CLK_SetHCLK
    clk.o(i.CLK_SetHCLK) refers to clk.o(i.CLK_WaitClockReady) for CLK_WaitClockReady
    clk.o(i.CLK_SetHCLK) refers to system_m480.o(i.SystemCoreClockUpdate) for SystemCoreClockUpdate
    clk.o(i.CLK_SetPowerDownMode) refers to clk.o(i.CLK_WaitClockReady) for CLK_WaitClockReady
    fmc.o(i.FMC_Erase) refers to fmc.o(i.FMC_Erase_SPROM) for FMC_Erase_SPROM
    fmc.o(i.FMC_ReadConfig) refers to fmc.o(i.FMC_Read) for FMC_Read
    fmc.o(i.FMC_SetSPKey) refers to fmc.o(i.FMC_Erase) for FMC_Erase
    fmc.o(i.FMC_SetSPKey) refers to fmc.o(i.FMC_Write) for FMC_Write
    fmc.o(i.FMC_WriteConfig) refers to fmc.o(i.FMC_Erase) for FMC_Erase
    fmc.o(i.FMC_WriteConfig) refers to fmc.o(i.FMC_Write) for FMC_Write
    gui_x.o(i.GUI_X_Delay) refers to gui_x.o(.data) for OS_TimeMS
    gui_x.o(i.GUI_X_GetTime) refers to gui_x.o(.data) for OS_TimeMS
    guiconf.o(i.GUI_X_Config) refers to GUI_Alloc.o(i.GUI_ALLOC_AssignMemory) for GUI_ALLOC_AssignMemory
    guiconf.o(i.GUI_X_Config) refers to GUI_Core.o(i.GUI_SetDefaultFont) for GUI_SetDefaultFont
    guiconf.o(i.GUI_X_Config) refers to guiconf.o(.bss) for aMemory
    guiconf.o(i.GUI_X_Config) refers to F6x8.o(.constdata) for GUI_Font6x8
    lcdconf.o(i.CLK_SysTickDelay) refers to system_m480.o(.data) for CyclesPerUs
    lcdconf.o(i.EBI_FuncPinInit) refers to gpio.o(i.GPIO_SetMode) for GPIO_SetMode
    lcdconf.o(i.ILI9341_Initial) refers to _printf_pad.o(.text) for _printf_pre_padding
    lcdconf.o(i.ILI9341_Initial) refers to _printf_percent.o(.ARM.Collect$$_printf_percent$$00000000) for _printf_percent
    lcdconf.o(i.ILI9341_Initial) refers to _printf_x.o(.ARM.Collect$$_printf_percent$$0000000C) for _printf_x
    lcdconf.o(i.ILI9341_Initial) refers to _printf_hex_int.o(.text) for _printf_longlong_hex
    lcdconf.o(i.ILI9341_Initial) refers to lcdconf.o(i.CLK_SysTickDelay) for CLK_SysTickDelay
    lcdconf.o(i.ILI9341_Initial) refers to lcdconf.o(i.LCD_WR_REG) for LCD_WR_REG
    lcdconf.o(i.ILI9341_Initial) refers to lcdconf.o(i.LCD_WR_DATA) for LCD_WR_DATA
    lcdconf.o(i.ILI9341_Initial) refers to lcdconf.o(i.LCD_RD_DATA) for LCD_RD_DATA
    lcdconf.o(i.ILI9341_Initial) refers to noretval__2printf.o(.text) for __2printf
    lcdconf.o(i.LCD_X_Config) refers to rt_memclr_w.o(.text) for __aeabi_memclr4
    lcdconf.o(i.LCD_X_Config) refers to GUI_Device.o(i.GUI_DEVICE_CreateAndLink) for GUI_DEVICE_CreateAndLink
    lcdconf.o(i.LCD_X_Config) refers to LCD_Set.o(i.LCD_SetSizeEx) for LCD_SetSizeEx
    lcdconf.o(i.LCD_X_Config) refers to LCD_Set.o(i.LCD_SetVSizeEx) for LCD_SetVSizeEx
    lcdconf.o(i.LCD_X_Config) refers to GUIDRV_FlexColor.o(i.GUIDRV_FlexColor_Config) for GUIDRV_FlexColor_Config
    lcdconf.o(i.LCD_X_Config) refers to GUIDRV_FlexColor_Func66709.o(i.GUIDRV_FlexColor_SetReadFunc66709_B16) for GUIDRV_FlexColor_SetReadFunc66709_B16
    lcdconf.o(i.LCD_X_Config) refers to GUIDRV_FlexColor.o(i.GUIDRV_FlexColor_SetFunc) for GUIDRV_FlexColor_SetFunc
    lcdconf.o(i.LCD_X_Config) refers to GUICC_565.o(.constdata) for LCD_API_ColorConv_565
[...]
    GUI__IsInitialized                       0x2000005e   Data           1  GUI_Core.o(.data)
    GUI_pfGetpPalConvTable                   0x20000060   Data           4  GUI_Core.o(.data)
    GUI__pFontDefault                        0x20000064   Data           4  GUI_Core.o(.data)
    GUI__ColorDefault                        0x20000068   Data           4  GUI_Core.o(.data)
    GUI__BkColorDefault                      0x2000006c   Data           4  GUI_Core.o(.data)
    GUI_pContext                             0x20000070   Data           4  GUI_Core.o(.data)
    GUI_pfExecAnimations                     0x20000074   Data           4  GUI_Core.o(.data)
    GUI_pUC_API                              0x20000078   Data           4  GUI_Core.o(.data)
    GUI_pfTimerExec                          0x2000007c   Data           4  GUI_Core.o(.data)
    GUI_DCACHE__pfClearCacheHook             0x20000080   Data           4  GUI_Core.o(.data)
    GUI__apDevice                            0x20000084   Data           4  GUI_Core.o(.data)
    GUI__pfDrawM565MemdevFunc                0x20000088   Data           4  GUI_Core.o(.data)
    GUI__pfDrawM565BitmapFunc                0x2000008c   Data           4  GUI_Core.o(.data)
    GUI_pfDispCharStyle                      0x200000ac   Data           4  GUI_Core.o(.data)
    GUI_pfDispCharLine                       0x200000b0   Data           4  GUI_Core.o(.data)
    GUI__NumLayersInUse                      0x200000b4   Data           1  GUI_Core.o(.data)
    GUI_pLCD_APIList                         0x200000b8   Data           4  GUI_Core.o(.data)
    GUI_OrgX                                 0x200000bc   Data           2  GUI_Core.o(.data)
    GUI_OrgY                                 0x200000be   Data           2  GUI_Core.o(.data)
    GUI_CharLine_pfLog2Vis                   0x200000e4   Data           4  GUI_CharLine.o(.data)
    GUI__pfMemset                            0x20000104   Data           4  GUI__Private.o(.data)
    GUI__pfMemcpy                            0x20000108   Data           4  GUI__Private.o(.data)
    GUI__pfStrcmp                            0x2000010c   Data           4  GUI__Private.o(.data)
    GUI__pfStrlen                            0x20000110   Data           4  GUI__Private.o(.data)
    GUI__pfStrcpy                            0x20000114   Data           4  GUI__Private.o(.data)
    LCD__pSetColorAPI                        0x20000118   Data           4  LCD.o(.data)
    LCD__aConvTable                          0x20000124   Data           4  LCD_Color.o(.data)
    WM__PaintCallbackCnt                     0x20000138   Data           1  WM.o(.data)
    WM__NumWindows                           0x2000013a   Data           2  WM.o(.data)
    WM__NumInvalidWindows                    0x2000013c   Data           2  WM.o(.data)
    WM__FirstWin                             0x20000144   Data           4  WM.o(.data)
    WM__pFirstCriticalHandle                 0x20000148   Data           4  WM.o(.data)
    WM__ahDesktopWin                         0x2000014c   Data           4  WM.o(.data)
    WM__aBkColor                             0x20000150   Data           4  WM.o(.data)
    WM__CreateFlags                          0x20000154   Data           4  WM.o(.data)
    WM__ahCapture                            0x20000158   Data           4  WM.o(.data)
    WM__ahWinFocus                           0x2000015c   Data           4  WM.o(.data)
    WM_pfPollPID                             0x20000160   Data           4  WM.o(.data)
    WM_MULTIBUF__pAPI                        0x20000164   Data           4  WM.o(.data)
    WM__TransWindowCnt                       0x20000168   Data           4  WM.o(.data)
    WM__hATransWindow                        0x2000016c   Data           4  WM.o(.data)
    WM__hCreateStatic                        0x20000170   Data           4  WM.o(.data)
    WM__pExecGestures                        0x20000174   Data           4  WM.o(.data)
    WM__ModalLayer                           0x2000019c   Data           4  WM_Touch.o(.data)
    WM__aCHWinModal                          0x200001b0   Data           8  WM_Touch.o(.data)
    WM__aCHWinLast                           0x200001b8   Data           8  WM_Touch.o(.data)
    WM__aCHWinMouseOver                      0x200001c0   Data           8  WM_Touch.o(.data)
    GUI_ALLOC__Context                       0x200101dc   Data         192  GUI_Alloc.o(.bss)
    __libspace_start                         0x20010384   Data          96  libspace.o(.bss)
    __temporary_stack_top$libspace           0x200103e4   Data           0  libspace.o(.bss)



==============================================================================

Memory Map of the image

  Image Entry point : 0x00000301

  Load Region LR_1 (Base: 0x00000000, Size: 0x0000b118, Max: 0xffffffff, ABSOLUTE, COMPRESSED[0x0000af9c])

    Execution Region ER_RO (Exec base: 0x00000000, Load base: 0x00000000, Size: 0x0000af4c, Max: 0xffffffff, ABSOLUTE)

    Exec Addr    Load Addr    Size         Type   Attr      Idx    E Section Name        Object

    0x00000000   0x00000000   0x000001f4   Data   RO         1809    RESET               startup_m480.o
    0x000001f4   0x000001f4   0x00000008   Code   RO         4047  * !!!main             c_w.l(__main.o)
    0x000001fc   0x000001fc   0x00000034   Code   RO         4223    !!!scatter          c_w.l(__scatter.o)
    0x00000230   0x00000230   0x0000005a   Code   RO         4221    !!dczerorl2         c_w.l(__dczerorl2.o)
    0x0000028a   0x0000028a   0x00000002   PAD
    0x0000028c   0x0000028c   0x0000001c   Code   RO         4225    !!handler_zi        c_w.l(__scatter_zi.o)
    0x000002a8   0x000002a8   0x00000000   Code   RO         4026    .ARM.Collect$$_printf_percent$$00000000  c_w.l(_printf_percent.o)
    0x000002a8   0x000002a8   0x00000006   Code   RO         4025    .ARM.Collect$$_printf_percent$$00000009  c_w.l(_printf_d.o)
    0x000002ae   0x000002ae   0x00000006   Code   RO         4024    .ARM.Collect$$_printf_percent$$0000000C  c_w.l(_printf_x.o)
    0x000002b4   0x000002b4   0x00000004   Code   RO         4058    .ARM.Collect$$_printf_percent$$00000017  c_w.l(_printf_percent_end.o)
    0x000002b8   0x000002b8   0x00000002   Code   RO         4091    .ARM.Collect$$libinit$$00000000  c_w.l(libinit.o)
    0x000002ba   0x000002ba   0x00000004   Code   RO         4097    .ARM.Collect$$libinit$$00000001  c_w.l(libinit2.o)
    0x000002be   0x000002be   0x00000000   Code   RO         4100    .ARM.Collect$$libinit$$00000004  c_w.l(libinit2.o)
    0x000002be   0x000002be   0x00000000   Code   RO         4103    .ARM.Collect$$libinit$$0000000A  c_w.l(libinit2.o)
    0x000002be   0x000002be   0x00000000   Code   RO         4105    .ARM.Collect$$libinit$$0000000C  c_w.l(libinit2.o)
    0x000002be   0x000002be   0x00000000   Code   RO         4107    .ARM.Collect$$libinit$$0000000E  c_w.l(libinit2.o)
    0x000002be   0x000002be   0x00000000   Code   RO         4110    .ARM.Collect$$libinit$$00000011  c_w.l(libinit2.o)
    0x000002be   0x000002be   0x00000000   Code   RO         4112    .ARM.Collect$$libinit$$00000013  c_w.l(libinit2.o)
    0x000002be   0x000002be   0x00000000   Code   RO         4114    .ARM.Collect$$libinit$$00000015  c_w.l(libinit2.o)
    0x000002be   0x000002be   0x00000000   Code   RO         4116    .ARM.Collect$$libinit$$00000017  c_w.l(libinit2.o)
    0x000002be   0x000002be   0x00000000   Code   RO         4118    .ARM.Collect$$libinit$$00000019  c_w.l(libinit2.o)
    0x000002be   0x000002be   0x00000000   Code   RO         4120    .ARM.Collect$$libinit$$0000001B  c_w.l(libinit2.o)
    0x000002be   0x000002be   0x00000000   Code   RO         4122    .ARM.Collect$$libinit$$0000001D  c_w.l(libinit2.o)
    0x000002be   0x000002be   0x00000000   Code   RO         4124    .ARM.Collect$$libinit$$0000001F  c_w.l(libinit2.o)
    0x000002be   0x000002be   0x00000000   Code   RO         4126    .ARM.Collect$$libinit$$00000021  c_w.l(libinit2.o)
    0x000002be   0x000002be   0x00000000   Code   RO         4128    .ARM.Collect$$libinit$$00000023  c_w.l(libinit2.o)
    0x000002be   0x000002be   0x00000000   Code   RO         4130    .ARM.Collect$$libinit$$00000025  c_w.l(libinit2.o)
    0x000002be   0x000002be   0x00000000   Code   RO         4134    .ARM.Collect$$libinit$$0000002C  c_w.l(libinit2.o)
    0x000002be   0x000002be   0x00000000   Code   RO         4136    .ARM.Collect$$libinit$$0000002E  c_w.l(libinit2.o)
    0x000002be   0x000002be   0x00000000   Code   RO         4138    .ARM.Collect$$libinit$$00000030  c_w.l(libinit2.o)
    0x000002be   0x000002be   0x00000000   Code   RO         4140    .ARM.Collect$$libinit$$00000032  c_w.l(libinit2.o)
    0x000002be   0x000002be   0x00000002   Code   RO         4141    .ARM.Collect$$libinit$$00000033  c_w.l(libinit2.o)
    0x000002c0   0x000002c0   0x00000002   Code   RO         4161    .ARM.Collect$$libshutdown$$00000000  c_w.l(libshutdown.o)
    0x000002c2   0x000002c2   0x00000000   Code   RO         4174    .ARM.Collect$$libshutdown$$00000002  c_w.l(libshutdown2.o)
    0x000002c2   0x000002c2   0x00000000   Code   RO         4176    .ARM.Collect$$libshutdown$$00000004  c_w.l(libshutdown2.o)
    0x000002c2   0x000002c2   0x00000000   Code   RO         4178    .ARM.Collect$$libshutdown$$00000006  c_w.l(libshutdown2.o)
    0x000002c2   0x000002c2   0x00000000   Code   RO         4181    .ARM.Collect$$libshutdown$$00000009  c_w.l(libshutdown2.o)
    0x000002c2   0x000002c2   0x00000000   Code   RO         4184    .ARM.Collect$$libshutdown$$0000000C  c_w.l(libshutdown2.o)
    0x000002c2   0x000002c2   0x00000000   Code   RO         4186    .ARM.Collect$$libshutdown$$0000000E  c_w.l(libshutdown2.o)
    0x000002c2   0x000002c2   0x00000000   Code   RO         4189    .ARM.Collect$$libshutdown$$00000011  c_w.l(libshutdown2.o)
    0x000002c2   0x000002c2   0x00000002   Code   RO         4190    .ARM.Collect$$libshutdown$$00000012  c_w.l(libshutdown2.o)
    0x000002c4   0x000002c4   0x00000000   Code   RO         4049    .ARM.Collect$$rtentry$$00000000  c_w.l(__rtentry.o)
    0x000002c4   0x000002c4   0x00000000   Code   RO         4066    .ARM.Collect$$rtentry$$00000002  c_w.l(__rtentry2.o)
    0x000002c4   0x000002c4   0x00000006   Code   RO         4078    .ARM.Collect$$rtentry$$00000004  c_w.l(__rtentry4.o)
    0x000002ca   0x000002ca   0x00000000   Code   RO         4068    .ARM.Collect$$rtentry$$00000009  c_w.l(__rtentry2.o)
    0x000002ca   0x000002ca   0x00000004   Code   RO         4069    .ARM.Collect$$rtentry$$0000000A  c_w.l(__rtentry2.o)
    0x000002ce   0x000002ce   0x00000000   Code   RO         4071    .ARM.Collect$$rtentry$$0000000C  c_w.l(__rtentry2.o)
    0x000002ce   0x000002ce   0x00000008   Code   RO         4072    .ARM.Collect$$rtentry$$0000000D  c_w.l(__rtentry2.o)
    0x000002d6   0x000002d6   0x00000002   Code   RO         4095    .ARM.Collect$$rtexit$$00000000  c_w.l(rtexit.o)
    0x000002d8   0x000002d8   0x00000000   Code   RO         4143    .ARM.Collect$$rtexit$$00000002  c_w.l(rtexit2.o)
    0x000002d8   0x000002d8   0x00000004   Code   RO         4144    .ARM.Collect$$rtexit$$00000003  c_w.l(rtexit2.o)
    0x000002dc   0x000002dc   0x00000006   Code   RO         4145    .ARM.Collect$$rtexit$$00000004  c_w.l(rtexit2.o)
    0x000002e2   0x000002e2   0x00000002   PAD
    0x000002e4   0x000002e4   0x0000001c   Code   RO         1719    .emb_text           retarget.o
    0x00000300   0x00000300   0x00000084   Code   RO         1810  * .text               startup_m480.o
    0x00000384   0x00000384   0x00000018   Code   RO         3973    .text               c_w.l(noretval__2printf.o)
    0x0000039c   0x0000039c   0x00000028   Code   RO         3975    .text               c_w.l(noretval__2sprintf.o)
    0x000003c4   0x000003c4   0x0000004e   Code   RO         3979    .text               c_w.l(_printf_pad.o)
    0x00000412   0x00000412   0x00000002   PAD
    0x00000414   0x00000414   0x00000078   Code   RO         3981    .text               c_w.l(_printf_dec.o)
    0x0000048c   0x0000048c   0x00000058   Code   RO         3986    .text               c_w.l(_printf_hex_int.o)
    0x000004e4   0x000004e4   0x00000138   Code   RO         4016    .text               c_w.l(__printf_flags_wp.o)
    0x0000061c   0x0000061c   0x00000048   Code   RO         4027    .text               c_w.l(strcpy.o)
    0x00000664   0x00000664   0x0000003e   Code   RO         4029    .text               c_w.l(strlen.o)
    0x000006a2   0x000006a2   0x00000084   Code   RO         4031    .text               c_w.l(rt_memmove_v6.o)
    0x00000726   0x00000726   0x00000008   Code   RO         4033    .text               c_w.l(memcpy.o)
    0x0000072e   0x0000072e   0x00000064   Code   RO         4035    .text               c_w.l(rt_memcpy_w.o)
    0x00000792   0x00000792   0x00000016   Code   RO         4037    .text               c_w.l(memset.o)
    0x000007a8   0x000007a8   0x0000004e   Code   RO         4041    .text               c_w.l(rt_memclr_w.o)
    0x000007f6   0x000007f6   0x00000002   PAD
    0x000007f8   0x000007f8   0x00000080   Code   RO         4043    .text               c_w.l(strcmpv7m.o)
    0x00000878   0x00000878   0x00000006   Code   RO         4045    .text               c_w.l(heapauxi.o)
    0x0000087e   0x0000087e   0x000000b2   Code   RO         4050    .text               c_w.l(_printf_intcommon.o)
    0x00000930   0x00000930   0x00000030   Code   RO         4052    .text               c_w.l(_printf_char_common.o)
    0x00000960   0x00000960   0x0000000a   Code   RO         4054    .text               c_w.l(_sputc.o)
    0x0000096a   0x0000096a   0x00000002   PAD
    0x0000096c   0x0000096c   0x00000024   Code   RO         4056    .text               c_w.l(_printf_char_file.o)
    0x00000990   0x00000990   0x0000008a   Code   RO         4059    .text               c_w.l(rt_memcpy_v6.o)
    0x00000a1a   0x00000a1a   0x0000007a   Code   RO         4061    .text               c_w.l(rt_memmove_w.o)
    0x00000a94   0x00000a94   0x00000044   Code   RO         4063    .text               c_w.l(rt_memclr.o)
    0x00000ad8   0x00000ad8   0x0000004a   Code   RO         4082    .text               c_w.l(sys_stackheap_outer.o)
    0x00000b22   0x00000b22   0x00000012   Code   RO         4084    .text               c_w.l(exit.o)
    0x00000b34   0x00000b34   0x00000008   Code   RO         4092    .text               c_w.l(libspace.o)
    0x00000b3c   0x00000b3c   0x0000000c   Code   RO         4153    .text               c_w.l(sys_exit.o)
    0x00000b48   0x00000b48   0x00000002   Code   RO         4164    .text               c_w.l(use_no_semi.o)
    0x00000b4a   0x00000b4a   0x00000000   Code   RO         4166    .text               c_w.l(indicate_semi.o)
    0x00000b4a   0x00000b4a   0x00000002   PAD
    0x00000b4c   0x00000b4c   0x0000006c   Code   RO         1509    i.BTN_init          bnctl.o
    0x00000bb8   0x00000bb8   0x000000fc   Code   RO         1510    i.BTN_task          bnctl.o
    0x00000cb4   0x00000cb4   0x00000010   Code   RO         1512    i.Btn_IsOneShot     bnctl.o
    0x00000cc4   0x00000cc4   0x00000010   Code   RO         1513    i.Btn_OneShotClear  bnctl.o
    0x00000cd4   0x00000cd4   0x00000018   Code   RO            6    i.CLK_DisablePLL    clk.o
    0x00000cec   0x00000cec   0x00000028   Code   RO           11    i.CLK_EnableModuleClock  clk.o
    0x00000d14   0x00000d14   0x00000194   Code   RO           12    i.CLK_EnablePLL     clk.o
    0x00000ea8   0x00000ea8   0x00000014   Code   RO           15    i.CLK_EnableXtalRC  clk.o
    0x00000ebc   0x00000ebc   0x00000074   Code   RO           24    i.CLK_GetPLLClockFreq  clk.o
    0x00000f30   0x00000f30   0x000000a4   Code   RO           28    i.CLK_SetCoreClock  clk.o
    0x00000fd4   0x00000fd4   0x0000007c   Code   RO           29    i.CLK_SetHCLK       clk.o
    0x00001050   0x00001050   0x00000018   Code   RO           32    i.CLK_SetSysTickClockSrc  clk.o
    0x00001068   0x00001068   0x00000034   Code   RO          900    i.CLK_SysTickDelay  lcdconf.o
    0x0000109c   0x0000109c   0x0000002c   Code   RO           33    i.CLK_WaitClockReady  clk.o
    0x000010c8   0x000010c8   0x00000008   Code   RO         1568    i.Display_Init      display.o
    0x000010d0   0x000010d0   0x00000020   Code   RO         1569    i.Display_buf       display.o
    0x000010f0   0x000010f0   0x000000e8   Code   RO          901    i.EBI_FuncPinInit   lcdconf.o
    0x000011d8   0x000011d8   0x00000194   Code   RO          548    i.EBI_Open          ebi.o
    0x0000136c   0x0000136c   0x00000014   Code   RO          588    i.FMC_Close         fmc.o
    0x00001380   0x00001380   0x00000014   Code   RO          598    i.FMC_Open          fmc.o
    0x00001394   0x00001394   0x00000032   Code   RO          762    i.GPIO_SetMode      gpio.o
    0x000013c6   0x000013c6   0x00000040   Code   RO         2292    i.GUIDRV_FlexColor_Config  NUemWin_CM4_Keil.lib(GUIDRV_FlexColor.o)
    0x00001406   0x00001406   0x00000032   Code   RO         2293    i.GUIDRV_FlexColor_SetFunc  NUemWin_CM4_Keil.lib(GUIDRV_FlexColor.o)
    0x00001438   0x00001438   0x00000068   Code   RO         2421    i.GUIDRV_FlexColor_SetFunc66709  NUemWin_CM4_Keil.lib(GUIDRV_FlexColor_Func66709.o)
    0x000014a0   0x000014a0   0x00000068   Code   RO         2411    i.GUIDRV_FlexColor_SetMode16bppC0B16  NUemWin_CM4_Keil.lib(GUIDRV_FlexColor_16bpp_C0B16.o)
    0x00001508   0x00001508   0x00000060   Code   RO         2422    i.GUIDRV_FlexColor_SetReadFunc66709_B16  NUemWin_CM4_Keil.lib(GUIDRV_FlexColor_Func66709.o)
    0x00001568   0x00001568   0x000000ba   Code   RO         2299    i.GUIDRV_FlexColor__GetPixelIndexNoCache  NUemWin_CM4_Keil.lib(GUIDRV_FlexColor.o)
    0x00001622   0x00001622   0x00000002   PAD
    0x00001624   0x00001624   0x00000040   Code   RO         2300    i.GUIDRV_FlexColor__InitOnce  NUemWin_CM4_Keil.lib(GUIDRV_FlexColor.o)
    0x00001664   0x00001664   0x0000003c   Code   RO         2305    i.GUIDRV_FlexColor__SetLog2Phys  NUemWin_CM4_Keil.lib(GUIDRV_FlexColor.o)
    0x000016a0   0x000016a0   0x0000009a   Code   RO         2307    i.GUIDRV_FlexColor__SetPixelIndexNoCache  NUemWin_CM4_Keil.lib(GUIDRV_FlexColor.o)
    0x0000173a   0x0000173a   0x00000002   PAD
    0x0000173c   0x0000173c   0x00000138   Code   RO         2586    i.GUIMONO_DispChar  NUemWin_CM4_Keil.lib(GUI_CharM.o)
    0x00001874   0x00001874   0x00000018   Code   RO         2587    i.GUIMONO_GetCharDistX  NUemWin_CM4_Keil.lib(GUI_CharM.o)
    0x0000188c   0x0000188c   0x00000006   Code   RO         2588    i.GUIMONO_GetFontInfo  NUemWin_CM4_Keil.lib(GUI_CharM.o)
    0x00001892   0x00001892   0x00000038   Code   RO         2589    i.GUIMONO_IsInFont  NUemWin_CM4_Keil.lib(GUI_CharM.o)
    0x000018ca   0x000018ca   0x00000002   PAD
    0x000018cc   0x000018cc   0x000000f0   Code   RO         2594    i.GUIPROP_DispChar  NUemWin_CM4_Keil.lib(GUI_CharP.o)
    0x000019bc   0x000019bc   0x00000060   Code   RO         2595    i.GUIPROP_GetCharDistX  NUemWin_CM4_Keil.lib(GUI_CharP.o)
    0x00001a1c   0x00001a1c   0x00000006   Code   RO         2596    i.GUIPROP_GetFontInfo  NUemWin_CM4_Keil.lib(GUI_CharP.o)
    0x00001a22   0x00001a22   0x00000024   Code   RO         2597    i.GUIPROP_IsInFont  NUemWin_CM4_Keil.lib(GUI_CharP.o)
    0x00001a46   0x00001a46   0x0000000a   Code   RO         1866    i.GUI_ALLOC_AllocNoInit  NUemWin_CM4_Keil.lib(GUI_Alloc.o)
    0x00001a50   0x00001a50   0x00000070   Code   RO         1867    i.GUI_ALLOC_AllocZero  NUemWin_CM4_Keil.lib(GUI_Alloc.o)
    0x00001ac0   0x00001ac0   0x00000010   Code   RO         1868    i.GUI_ALLOC_AssignMemory  NUemWin_CM4_Keil.lib(GUI_Alloc.o)
    0x00001ad0   0x00001ad0   0x00000038   Code   RO         1870    i.GUI_ALLOC_Free    NUemWin_CM4_Keil.lib(GUI_Alloc.o)
    0x00001b08   0x00001b08   0x0000001c   Code   RO         1871    i.GUI_ALLOC_FreeFixedBlock  NUemWin_CM4_Keil.lib(GUI_Alloc.o)
    0x00001b24   0x00001b24   0x000000b0   Code   RO         1874    i.GUI_ALLOC_GetFixedBlock  NUemWin_CM4_Keil.lib(GUI_Alloc.o)
    0x00001bd4   0x00001bd4   0x00000028   Code   RO         1884    i.GUI_ALLOC_LockH   NUemWin_CM4_Keil.lib(GUI_Alloc.o)
    0x00001bfc   0x00001bfc   0x00000030   Code   RO         1891    i.GUI_ALLOC_UnlockH  NUemWin_CM4_Keil.lib(GUI_Alloc.o)
    0x00001c2c   0x00001c2c   0x00000014   Code   RO         1892    i.GUI_ALLOC_h2p     NUemWin_CM4_Keil.lib(GUI_Alloc.o)
    0x00001c40   0x00001c40   0x0000003e   Code   RO         1943    i.GUI_CalcColorDist  NUemWin_CM4_Keil.lib(GUI_Common.o)
    0x00001c7e   0x00001c7e   0x00000002   PAD
    0x00001c80   0x00001c80   0x00000068   Code   RO         2111    i.GUI_Clear         NUemWin_CM4_Keil.lib(GUI_Core.o)
    0x00001ce8   0x00001ce8   0x00000070   Code   RO         2184    i.GUI_DEVICE_CreateAndLink  NUemWin_CM4_Keil.lib(GUI_Device.o)
    0x00001d58   0x00001d58   0x00000004   Code   RO         2185    i.GUI_DEVICE_Delete  NUemWin_CM4_Keil.lib(GUI_Device.o)
    0x00001d5c   0x00001d5c   0x000000a4   Code   RO         2186    i.GUI_DEVICE_Link   NUemWin_CM4_Keil.lib(GUI_Device.o)
    0x00001e00   0x00001e00   0x0000003c   Code   RO         2188    i.GUI_DEVICE_Unlink  NUemWin_CM4_Keil.lib(GUI_Device.o)
    0x00001e3c   0x00001e3c   0x00000028   Code   RO         2191    i.GUI_DEVICE__GetpDriver  NUemWin_CM4_Keil.lib(GUI_Device.o)
    0x00001e64   0x00001e64   0x00000104   Code   RO         2201    i.GUI_DispString    NUemWin_CM4_Keil.lib(GUI_DispString.o)
    0x00001f68   0x00001f68   0x00000010   Code   RO         2202    i.GUI_DispStringAt  NUemWin_CM4_Keil.lib(GUI_DispString.o)
    0x00001f78   0x00001f78   0x00000014   Code   RO         2810    i.GUI_GetBitsPerPixelEx  NUemWin_CM4_Keil.lib(LCD_GetEx.o)
    0x00001f8c   0x00001f8c   0x0000000e   Code   RO         1958    i.GUI_GetBkColor    NUemWin_CM4_Keil.lib(GUI_Common.o)
    0x00001f9a   0x00001f9a   0x00000002   PAD
    0x00001f9c   0x00001f9c   0x00000010   Code   RO         2565    i.GUI_GetCharDistX  NUemWin_CM4_Keil.lib(GUI_Char.o)
    0x00001fac   0x00001fac   0x00000010   Code   RO         2566    i.GUI_GetCharDistXEx  NUemWin_CM4_Keil.lib(GUI_Char.o)
    0x00001fbc   0x00001fbc   0x0000000e   Code   RO         1961    i.GUI_GetColor      NUemWin_CM4_Keil.lib(GUI_Common.o)
    0x00001fca   0x00001fca   0x00000002   PAD
    0x00001fcc   0x00001fcc   0x00000010   Code   RO         2567    i.GUI_GetFontDistY  NUemWin_CM4_Keil.lib(GUI_Char.o)
    0x00001fdc   0x00001fdc   0x00000034   Code   RO         2568    i.GUI_GetYAdjust    NUemWin_CM4_Keil.lib(GUI_Char.o)
    0x00002010   0x00002010   0x00000010   Code   RO         2811    i.GUI_GetpfColor2IndexEx  NUemWin_CM4_Keil.lib(LCD_GetEx.o)
    0x00002020   0x00002020   0x00000010   Code   RO         2812    i.GUI_GetpfIndex2ColorEx  NUemWin_CM4_Keil.lib(LCD_GetEx.o)
    0x00002030   0x00002030   0x00000010   Code   RO         1983    i.GUI_GotoXY        NUemWin_CM4_Keil.lib(GUI_Common.o)
    0x00002040   0x00002040   0x00000164   Code   RO         2120    i.GUI_Init          NUemWin_CM4_Keil.lib(GUI_Core.o)
    0x000021a4   0x000021a4   0x00000044   Code   RO         3449    i.GUI_MEMDEV_Delete  NUemWin_CM4_Keil.lib(GUIDEV.o)
    0x000021e8   0x000021e8   0x00000024   Code   RO         3450    i.GUI_MEMDEV_GetBitsPerPixel  NUemWin_CM4_Keil.lib(GUIDEV.o)
    0x0000220c   0x0000220c   0x0000001c   Code   RO         3760    i.GUI_MEMDEV_GetDataPtr  NUemWin_CM4_Keil.lib(GUIDEV_GetDataPtr.o)
    0x00002228   0x00002228   0x0000081c   Code   RO         3495    i.GUI_MEMDEV__WriteToActiveOpaque  NUemWin_CM4_Keil.lib(GUIDEV_WriteToActiveOpaque.o)
    0x00002a44   0x00002a44   0x0000005c   Code   RO         1989    i.GUI_MergeRect     NUemWin_CM4_Keil.lib(GUI_Common.o)
    0x00002aa0   0x00002aa0   0x00000020   Code   RO         1990    i.GUI_MoveRect      NUemWin_CM4_Keil.lib(GUI_Common.o)
    0x00002ac0   0x00002ac0   0x00000038   Code   RO         1991    i.GUI_RectsIntersect  NUemWin_CM4_Keil.lib(GUI_Common.o)
    0x00002af8   0x00002af8   0x00000012   Code   RO         1995    i.GUI_SelectLCD     NUemWin_CM4_Keil.lib(GUI_Common.o)
    0x00002b0a   0x00002b0a   0x00000002   PAD
    0x00002b0c   0x00002b0c   0x00000024   Code   RO         3333    i.GUI_SelectLayer   NUemWin_CM4_Keil.lib(GUI_SelectLayer.o)
    0x00002b30   0x00002b30   0x00000004   Code   RO         1996    i.GUI_SetBkColor    NUemWin_CM4_Keil.lib(GUI_Common.o)
    0x00002b34   0x00002b34   0x00000004   Code   RO         1999    i.GUI_SetColor      NUemWin_CM4_Keil.lib(GUI_Common.o)
    0x00002b38   0x00002b38   0x0000000c   Code   RO         2126    i.GUI_SetDefaultFont  NUemWin_CM4_Keil.lib(GUI_Core.o)
    0x00002b44   0x00002b44   0x00000014   Code   RO         2004    i.GUI_SetFont       NUemWin_CM4_Keil.lib(GUI_Common.o)
    0x00002b58   0x00002b58   0x00000034   Code   RO         2007    i.GUI_SetOrg        NUemWin_CM4_Keil.lib(GUI_Common.o)
    0x00002b8c   0x00002b8c   0x00000010   Code   RO         2665    i.GUI_SignalEvent   NUemWin_CM4_Keil.lib(GUI_WaitEvent.o)
    0x00002b9c   0x00002b9c   0x00000014   Code   RO         2623    i.GUI_StoreKey      NUemWin_CM4_Keil.lib(GUI_OnKey.o)
    0x00002bb0   0x00002bb0   0x0000002c   Code   RO         2639    i.GUI_UC__GetCharCodeInc  NUemWin_CM4_Keil.lib(GUI_UC.o)
    0x00002bdc   0x00002bdc   0x0000002c   Code   RO         2641    i.GUI_UC__NumChars2NumBytes  NUemWin_CM4_Keil.lib(GUI_UC.o)
    0x00002c08   0x00002c08   0x00000028   Code   RO         3489    i.GUI_USAGE_AddRect  NUemWin_CM4_Keil.lib(GUIDEV_Usage.o)
    0x00002c30   0x00002c30   0x00000024   Code   RO         3490    i.GUI_USAGE_DecUseCnt  NUemWin_CM4_Keil.lib(GUIDEV_Usage.o)
    0x00002c54   0x00002c54   0x0000001c   Code   RO          884    i.GUI_X_Config      guiconf.o
    0x00002c70   0x00002c70   0x00000002   Code   RO          811    i.GUI_X_ExecIdle    gui_x.o
    0x00002c72   0x00002c72   0x00000002   Code   RO          813    i.GUI_X_Init        gui_x.o
    0x00002c74   0x00002c74   0x0000018c   Code   RO         3709    i.GUI__CompactPixelIndices  NUemWin_CM4_Keil.lib(GUI__CompactPixelIndices.o)
    0x00002e00   0x00002e00   0x000001e4   Code   RO         2575    i.GUI__DispLine     NUemWin_CM4_Keil.lib(GUI_CharLine.o)
    0x00002fe4   0x00002fe4   0x00000078   Code   RO         2576    i.GUI__GetLineDistX  NUemWin_CM4_Keil.lib(GUI_CharLine.o)
    0x0000305c   0x0000305c   0x00000044   Code   RO         2577    i.GUI__GetLineNumChars  NUemWin_CM4_Keil.lib(GUI_CharLine.o)
    0x000030a0   0x000030a0   0x00000042   Code   RO         2684    i.GUI__IntersectRect  NUemWin_CM4_Keil.lib(GUI__Private.o)
    0x000030e2   0x000030e2   0x00000052   Code   RO         2685    i.GUI__IntersectRects  NUemWin_CM4_Keil.lib(GUI__Private.o)
    0x00003134   0x00003134   0x00000010   Code   RO         3404    i.GUI__ManageCache  NUemWin_CM4_Keil.lib(GUI__ManageCache.o)
    0x00003144   0x00003144   0x000000e8   Code   RO         3405    i.GUI__ManageCacheEx  NUemWin_CM4_Keil.lib(GUI__ManageCache.o)
    0x0000322c   0x0000322c   0x00000010   Code   RO         2135    i.GUI__RegisterExit  NUemWin_CM4_Keil.lib(GUI_Core.o)
    0x0000323c   0x0000323c   0x000000a6   Code   RO         2693    i.GUI__memset16     NUemWin_CM4_Keil.lib(GUI__Private.o)
    0x000032e2   0x000032e2   0x00000002   PAD
    0x000032e4   0x000032e4   0x0000002c   Code   RO         1721    i.Hard_Fault_Handler  retarget.o
    0x00003310   0x00003310   0x000002d4   Code   RO          902    i.ILI9341_Initial   lcdconf.o
    0x000035e4   0x000035e4   0x0000001c   Code   RO         2743    i.LCD_Color2Index   NUemWin_CM4_Keil.lib(LCD.o)
    0x00003600   0x00003600   0x00000280   Code   RO         2744    i.LCD_DrawBitmap    NUemWin_CM4_Keil.lib(LCD.o)
    0x00003880   0x00003880   0x00000064   Code   RO         2745    i.LCD_DrawHLine     NUemWin_CM4_Keil.lib(LCD.o)
    0x000038e4   0x000038e4   0x00000070   Code   RO         2746    i.LCD_DrawPixel     NUemWin_CM4_Keil.lib(LCD.o)
    0x00003954   0x00003954   0x0000006c   Code   RO         2749    i.LCD_FillRect      NUemWin_CM4_Keil.lib(LCD.o)
    0x000039c0   0x000039c0   0x0000001e   Code   RO         2814    i.LCD_GetBitsPerPixelEx  NUemWin_CM4_Keil.lib(LCD_GetEx.o)
    0x000039de   0x000039de   0x00000002   PAD
    0x000039e0   0x000039e0   0x00000010   Code   RO         2806    i.LCD_GetBkColorIndex  NUemWin_CM4_Keil.lib(LCD_GetColorIndex.o)
    0x000039f0   0x000039f0   0x00000010   Code   RO         2807    i.LCD_GetColorIndex  NUemWin_CM4_Keil.lib(LCD_GetColorIndex.o)
    0x00003a00   0x00003a00   0x00000028   Code   RO         2821    i.LCD_GetNumColors  NUemWin_CM4_Keil.lib(LCD_GetEx.o)
    0x00003a28   0x00003a28   0x0000001e   Code   RO         2822    i.LCD_GetNumColorsEx  NUemWin_CM4_Keil.lib(LCD_GetEx.o)
    0x00003a46   0x00003a46   0x00000014   Code   RO         3438    i.LCD_GetNumLayers  NUemWin_CM4_Keil.lib(LCD_GetNumDisplays.o)
    0x00003a5a   0x00003a5a   0x00000002   PAD
    0x00003a5c   0x00003a5c   0x00000024   Code   RO         2823    i.LCD_GetPalette    NUemWin_CM4_Keil.lib(LCD_GetEx.o)
    0x00003a80   0x00003a80   0x0000000c   Code   RO         2838    i.LCD_GetXSizeDisplay  NUemWin_CM4_Keil.lib(LCD_GetEx.o)
    0x00003a8c   0x00003a8c   0x00000022   Code   RO         2840    i.LCD_GetXSizeMax   NUemWin_CM4_Keil.lib(LCD_GetEx.o)
    0x00003aae   0x00003aae   0x00000002   PAD
    0x00003ab0   0x00003ab0   0x0000000c   Code   RO         2844    i.LCD_GetYSizeDisplay  NUemWin_CM4_Keil.lib(LCD_GetEx.o)
    0x00003abc   0x00003abc   0x00000022   Code   RO         2846    i.LCD_GetYSizeMax   NUemWin_CM4_Keil.lib(LCD_GetEx.o)
    0x00003ade   0x00003ade   0x00000002   PAD
    0x00003ae0   0x00003ae0   0x00000074   Code   RO         2789    i.LCD_GetpPalConvTableBM  NUemWin_CM4_Keil.lib(LCD_Color.o)
    0x00003b54   0x00003b54   0x0000001c   Code   RO         2750    i.LCD_Index2Color   NUemWin_CM4_Keil.lib(LCD.o)
    0x00003b70   0x00003b70   0x00000030   Code   RO         1854    i.LCD_Index2Color_565  NUemWin_CM4_Keil.lib(GUICC_565.o)
    0x00003ba0   0x00003ba0   0x000000ac   Code   RO         2751    i.LCD_Init          NUemWin_CM4_Keil.lib(LCD.o)
    0x00003c4c   0x00003c4c   0x00000038   Code   RO         2791    i.LCD_InitColors    NUemWin_CM4_Keil.lib(LCD_Color.o)
    0x00003c84   0x00003c84   0x00000088   Code   RO         2792    i.LCD_InitLUT       NUemWin_CM4_Keil.lib(LCD_Color.o)
    0x00003d0c   0x00003d0c   0x0000000c   Code   RO          903    i.LCD_RD_DATA       lcdconf.o
    0x00003d18   0x00003d18   0x00000048   Code   RO         2925    i.LCD_SelectLCD     NUemWin_CM4_Keil.lib(LCD_SelectLCD.o)
    0x00003d60   0x00003d60   0x0000000c   Code   RO         2753    i.LCD_SetBkColor    NUemWin_CM4_Keil.lib(LCD.o)
    0x00003d6c   0x00003d6c   0x00000018   Code   RO         2754    i.LCD_SetBkColorIndex  NUemWin_CM4_Keil.lib(LCD.o)
    0x00003d84   0x00003d84   0x00000034   Code   RO         3443    i.LCD_SetClipRectEx  NUemWin_CM4_Keil.lib(LCD_SetClipRectEx.o)
    0x00003db8   0x00003db8   0x0000001c   Code   RO         2755    i.LCD_SetClipRectMax  NUemWin_CM4_Keil.lib(LCD.o)
    0x00003dd4   0x00003dd4   0x0000000c   Code   RO         2756    i.LCD_SetColor      NUemWin_CM4_Keil.lib(LCD.o)
    0x00003de0   0x00003de0   0x00000018   Code   RO         2757    i.LCD_SetColorIndex  NUemWin_CM4_Keil.lib(LCD.o)
    0x00003df8   0x00003df8   0x0000000c   Code   RO         2849    i.LCD_SetDisplaySize  NUemWin_CM4_Keil.lib(LCD_GetEx.o)
    0x00003e04   0x00003e04   0x0000000c   Code   RO         2758    i.LCD_SetDrawMode   NUemWin_CM4_Keil.lib(LCD.o)
    0x00003e10   0x00003e10   0x0000002c   Code   RO         2248    i.LCD_SetLUTEntryEx  NUemWin_CM4_Keil.lib(LCD_Set.o)
    0x00003e3c   0x00003e3c   0x0000002c   Code   RO         2253    i.LCD_SetSizeEx     NUemWin_CM4_Keil.lib(LCD_Set.o)
    0x00003e68   0x00003e68   0x0000002c   Code   RO         2257    i.LCD_SetVSizeEx    NUemWin_CM4_Keil.lib(LCD_Set.o)
    0x00003e94   0x00003e94   0x00000024   Code   RO         2927    i.LCD_UpdateColorIndices  NUemWin_CM4_Keil.lib(LCD_UpdateColorIndices.o)
    0x00003eb8   0x00003eb8   0x0000000c   Code   RO          904    i.LCD_WR_DATA       lcdconf.o
    0x00003ec4   0x00003ec4   0x00000014   Code   RO          905    i.LCD_WR_REG        lcdconf.o
    0x00003ed8   0x00003ed8   0x0000009c   Code   RO          906    i.LCD_X_Config      lcdconf.o
    0x00003f74   0x00003f74   0x00000024   Code   RO          907    i.LCD_X_DisplayDriver  lcdconf.o
    0x00003f98   0x00003f98   0x000001fc   Code   RO         2760    i.LCD__DrawBitmap_1bpp  NUemWin_CM4_Keil.lib(LCD.o)
    0x00004194   0x00004194   0x0000008e   Code   RO         2851    i.LCD__GetBPPDevice  NUemWin_CM4_Keil.lib(LCD_GetEx.o)
    0x00004222   0x00004222   0x00000002   PAD
    0x00004224   0x00004224   0x00000018   Code   RO          908    i.LcdReadDataMultiple  lcdconf.o
    0x0000423c   0x0000423c   0x00000018   Code   RO          909    i.LcdWriteDataMultiple  lcdconf.o
    0x00004254   0x00004254   0x0000006c   Code   RO         1643    i.SYS_Init          system_init.o
    0x000042c0   0x000042c0   0x0000000c   Code   RO         1723    i.SendChar          retarget.o
    0x000042cc   0x000042cc   0x00000030   Code   RO         1724    i.SendChar_ToUART   retarget.o
    0x000042fc   0x000042fc   0x00000058   Code   RO         1602    i.StepMtr_Initial   stepmotoragent.o
    0x00004354   0x00004354   0x00000104   Code   RO         1603    i.StepMtr_Task      stepmotoragent.o
    0x00004458   0x00004458   0x00000064   Code   RO         1817    i.SystemCoreClockUpdate  system_m480.o
    0x000044bc   0x000044bc   0x00000094   Code   RO         1818    i.SystemInit        system_m480.o
    0x00004550   0x00004550   0x0000002c   Code   RO         1674    i.TMR0_IRQHandler   tmr.o
    0x0000457c   0x0000457c   0x000000a0   Code   RO         1675    i.TMR0_Initial      tmr.o
    0x0000461c   0x0000461c   0x00000010   Code   RO         3052    i.WM_Activate       NUemWin_CM4_Keil.lib(WM.o)
    0x0000462c   0x0000462c   0x0000008c   Code   RO         3154    i.WM_BringToBottom  NUemWin_CM4_Keil.lib(WM_Lib.o)
    0x000046b8   0x000046b8   0x0000016c   Code   RO         3054    i.WM_CreateWindowAsChild  NUemWin_CM4_Keil.lib(WM.o)
    0x00004824   0x00004824   0x00000048   Code   RO         3056    i.WM_DefaultProc    NUemWin_CM4_Keil.lib(WM.o)
    0x0000486c   0x0000486c   0x0000000c   Code   RO         3167    i.WM_GetDesktopWindow  NUemWin_CM4_Keil.lib(WM_Lib.o)
    0x00004878   0x00004878   0x00000010   Code   RO         3170    i.WM_GetFirstChild  NUemWin_CM4_Keil.lib(WM_Lib.o)
    0x00004888   0x00004888   0x00000010   Code   RO         3183    i.WM_GetParent      NUemWin_CM4_Keil.lib(WM_Lib.o)
    0x00004898   0x00004898   0x000000c0   Code   RO         3062    i.WM_Init           NUemWin_CM4_Keil.lib(WM.o)
    0x00004958   0x00004958   0x000000d4   Code   RO         3063    i.WM_InvalidateRect  NUemWin_CM4_Keil.lib(WM.o)
    0x00004a2c   0x00004a2c   0x0000006e   Code   RO         3065    i.WM_InvalidateWindowAndDescsEx  NUemWin_CM4_Keil.lib(WM.o)
    0x00004a9a   0x00004a9a   0x00000026   Code   RO         3210    i.WM_SendToParent   NUemWin_CM4_Keil.lib(WM_Lib.o)
    0x00004ac0   0x00004ac0   0x000000d0   Code   RO         3069    i.WM__ActivateClipRect  NUemWin_CM4_Keil.lib(WM.o)
    0x00004b90   0x00004b90   0x00000010   Code   RO         3538    i.WM__AddCriticalHandle  NUemWin_CM4_Keil.lib(WM__Private.o)
    0x00004ba0   0x00004ba0   0x00000054   Code   RO         3071    i.WM__ClipAtParentBorders  NUemWin_CM4_Keil.lib(WM.o)
    0x00004bf4   0x00004bf4   0x00000020   Code   RO         3540    i.WM__GetClientRectEx  NUemWin_CM4_Keil.lib(WM__Private.o)
    0x00004c14   0x00004c14   0x00000018   Code   RO         3074    i.WM__GetClientRectWin  NUemWin_CM4_Keil.lib(WM.o)
    0x00004c2c   0x00004c2c   0x0000033c   Code   RO         3075    i.WM__GetNextIVR    NUemWin_CM4_Keil.lib(WM.o)
    0x00004f68   0x00004f68   0x00000030   Code   RO         3546    i.WM__GetPrevSibling  NUemWin_CM4_Keil.lib(WM__Private.o)
    0x00004f98   0x00004f98   0x00000104   Code   RO         3076    i.WM__InitIVRSearch  NUemWin_CM4_Keil.lib(WM.o)
    0x0000509c   0x0000509c   0x000000b6   Code   RO         3077    i.WM__InsertWindowIntoList  NUemWin_CM4_Keil.lib(WM.o)
    0x00005152   0x00005152   0x00000002   PAD
    0x00005154   0x00005154   0x00000058   Code   RO         3079    i.WM__InvalidateDrawAndDescs  NUemWin_CM4_Keil.lib(WM.o)
    0x000051ac   0x000051ac   0x000000d2   Code   RO         3081    i.WM__InvalidateRect  NUemWin_CM4_Keil.lib(WM.o)
    0x0000527e   0x0000527e   0x00000006   Code   RO         3082    i.WM__InvalidateRectEx  NUemWin_CM4_Keil.lib(WM.o)
    0x00005284   0x00005284   0x0000003c   Code   RO         3554    i.WM__SendMessage   NUemWin_CM4_Keil.lib(WM__Private.o)
    0x000052c0   0x000052c0   0x000000bc   Code   RO         1894    i._AddFreeMemory    NUemWin_CM4_Keil.lib(GUI_Alloc.o)
    0x0000537c   0x0000537c   0x000001e4   Code   RO         1895    i._Alloc            NUemWin_CM4_Keil.lib(GUI_Alloc.o)
    0x00005560   0x00005560   0x00000004   Code   RO         2652    i._CalcSizeOfChar   NUemWin_CM4_Keil.lib(GUI_UC_EncodeNone.o)
    0x00005564   0x00005564   0x00000080   Code   RO         1855    i._Color2IndexBulk  NUemWin_CM4_Keil.lib(GUICC_565.o)
    0x000055e4   0x000055e4   0x0000006e   Code   RO         3320    i._Color2Index_0    NUemWin_CM4_Keil.lib(GUICC_0.o)
    0x00005652   0x00005652   0x00000002   PAD
    0x00005654   0x00005654   0x0000002c   Code   RO         1856    i._Color2Index_565  NUemWin_CM4_Keil.lib(GUICC_565.o)
    0x00005680   0x00005680   0x00000022   Code   RO         2309    i._DrawBitmap       NUemWin_CM4_Keil.lib(GUIDRV_FlexColor.o)
    0x000056a2   0x000056a2   0x00000002   PAD
    0x000056a4   0x000056a4   0x000004f8   Code   RO         2412    i._DrawBitmap       NUemWin_CM4_Keil.lib(GUIDRV_FlexColor_16bpp_C0B16.o)
    0x00005b9c   0x00005b9c   0x00000820   Code   RO         3027    i._DrawBitmap       NUemWin_CM4_Keil.lib(GUIDEV_16.o)
    0x000063bc   0x000063bc   0x00000010   Code   RO         2310    i._DrawHLine        NUemWin_CM4_Keil.lib(GUIDRV_FlexColor.o)
    0x000063cc   0x000063cc   0x0000000a   Code   RO         3028    i._DrawHLine        NUemWin_CM4_Keil.lib(GUIDEV_16.o)
    0x000063d6   0x000063d6   0x00000012   Code   RO         2311    i._DrawVLine        NUemWin_CM4_Keil.lib(GUIDRV_FlexColor.o)
    0x000063e8   0x000063e8   0x00000114   Code   RO         3029    i._DrawVLine        NUemWin_CM4_Keil.lib(GUIDEV_16.o)
    0x000064fc   0x000064fc   0x00000006   Code   RO         2653    i._Encode           NUemWin_CM4_Keil.lib(GUI_UC_EncodeNone.o)
    0x00006502   0x00006502   0x00000002   PAD
    0x00006504   0x00006504   0x000000c8   Code   RO         1896    i._EnlargeBlocks    NUemWin_CM4_Keil.lib(GUI_Alloc.o)
    0x000065cc   0x000065cc   0x00000012   Code   RO         2312    i._FillRect         NUemWin_CM4_Keil.lib(GUIDRV_FlexColor.o)
    0x000065de   0x000065de   0x00000002   PAD
    0x000065e0   0x000065e0   0x0000014c   Code   RO         2413    i._FillRect         NUemWin_CM4_Keil.lib(GUIDRV_FlexColor_16bpp_C0B16.o)
    0x0000672c   0x0000672c   0x000000f4   Code   RO         3030    i._FillRect         NUemWin_CM4_Keil.lib(GUIDEV_16.o)
    0x00006820   0x00006820   0x0000008a   Code   RO         3092    i._Findx0           NUemWin_CM4_Keil.lib(WM.o)
    0x000068aa   0x000068aa   0x00000080   Code   RO         3093    i._Findx1           NUemWin_CM4_Keil.lib(WM.o)
    0x0000692a   0x0000692a   0x000000b4   Code   RO         3094    i._Findy1           NUemWin_CM4_Keil.lib(WM.o)
    0x000069de   0x000069de   0x00000004   Code   RO         2654    i._GetCharCode      NUemWin_CM4_Keil.lib(GUI_UC_EncodeNone.o)
    0x000069e2   0x000069e2   0x00000004   Code   RO         2655    i._GetCharSize      NUemWin_CM4_Keil.lib(GUI_UC_EncodeNone.o)
    0x000069e6   0x000069e6   0x0000000c   Code   RO         2313    i._GetDevData       NUemWin_CM4_Keil.lib(GUIDRV_FlexColor.o)
    0x000069f2   0x000069f2   0x00000002   PAD
    0x000069f4   0x000069f4   0x00000010   Code   RO         3031    i._GetDevData       NUemWin_CM4_Keil.lib(GUIDEV_16.o)
    0x00006a04   0x00006a04   0x0000009c   Code   RO         2314    i._GetDevFunc       NUemWin_CM4_Keil.lib(GUIDRV_FlexColor.o)
    0x00006aa0   0x00006aa0   0x00000010   Code   RO         3032    i._GetDevFunc       NUemWin_CM4_Keil.lib(GUIDEV_16.o)
    0x00006ab0   0x00006ab0   0x0000003c   Code   RO         2315    i._GetDevFunc_Exit  NUemWin_CM4_Keil.lib(GUIDRV_FlexColor.o)
    0x00006aec   0x00006aec   0x00000058   Code   RO         2316    i._GetDevFunc_Init  NUemWin_CM4_Keil.lib(GUIDRV_FlexColor.o)
    0x00006b44   0x00006b44   0x00000016   Code   RO         2317    i._GetDevFunc_Off   NUemWin_CM4_Keil.lib(GUIDRV_FlexColor.o)
    0x00006b5a   0x00006b5a   0x00000016   Code   RO         2318    i._GetDevFunc_On    NUemWin_CM4_Keil.lib(GUIDRV_FlexColor.o)
    0x00006b70   0x00006b70   0x00000002   Code   RO         2319    i._GetDevFunc_SetRect  NUemWin_CM4_Keil.lib(GUIDRV_FlexColor.o)
    0x00006b72   0x00006b72   0x00000002   PAD
    0x00006b74   0x00006b74   0x00000048   Code   RO         2320    i._GetDevFunc_SetRectOutside  NUemWin_CM4_Keil.lib(GUIDRV_FlexColor.o)
    0x00006bbc   0x00006bbc   0x00000014   Code   RO         2321    i._GetDevFunc_SetSize  NUemWin_CM4_Keil.lib(GUIDRV_FlexColor.o)
    0x00006bd0   0x00006bd0   0x00000014   Code   RO         2322    i._GetDevFunc_SetVSize  NUemWin_CM4_Keil.lib(GUIDRV_FlexColor.o)
    0x00006be4   0x00006be4   0x00000066   Code   RO         2323    i._GetDevProp       NUemWin_CM4_Keil.lib(GUIDRV_FlexColor.o)
    0x00006c4a   0x00006c4a   0x0000001a   Code   RO         3033    i._GetDevProp       NUemWin_CM4_Keil.lib(GUIDEV_16.o)
    0x00006c64   0x00006c64   0x00000052   Code   RO         3321    i._GetIndexMask_0   NUemWin_CM4_Keil.lib(GUICC_0.o)
    0x00006cb6   0x00006cb6   0x00000006   Code   RO         1857    i._GetIndexMask_565  NUemWin_CM4_Keil.lib(GUICC_565.o)
    0x00006cbc   0x00006cbc   0x00000008   Code   RO         2324    i._GetPixelIndex    NUemWin_CM4_Keil.lib(GUIDRV_FlexColor.o)
    0x00006cc4   0x00006cc4   0x0000003c   Code   RO         3034    i._GetPixelIndex    NUemWin_CM4_Keil.lib(GUIDEV_16.o)
    0x00006d00   0x00006d00   0x00000016   Code   RO         2325    i._GetRect          NUemWin_CM4_Keil.lib(GUIDRV_FlexColor.o)
    0x00006d16   0x00006d16   0x00000034   Code   RO         3035    i._GetRect          NUemWin_CM4_Keil.lib(GUIDEV_16.o)
    0x00006d4a   0x00006d4a   0x00000002   PAD
    0x00006d4c   0x00006d4c   0x0000009c   Code   RO         1858    i._Index2ColorBulk  NUemWin_CM4_Keil.lib(GUICC_565.o)
    0x00006de8   0x00006de8   0x00000020   Code   RO         3322    i._Index2Color_0    NUemWin_CM4_Keil.lib(GUICC_0.o)
    0x00006e08   0x00006e08   0x00000084   Code   RO          910    i._InitController   lcdconf.o
    0x00006e8c   0x00006e8c   0x000000c0   Code   RO         1897    i._InitOnce         NUemWin_CM4_Keil.lib(GUI_Alloc.o)
    0x00006f4c   0x00006f4c   0x000000b4   Code   RO         3095    i._Invalidate1Abs   NUemWin_CM4_Keil.lib(WM.o)
    0x00007000   0x00007000   0x00000004   Code   RO         2326    i._Log2PhysX_X0Y0S0  NUemWin_CM4_Keil.lib(GUIDRV_FlexColor.o)
    0x00007004   0x00007004   0x00000004   Code   RO         2327    i._Log2PhysX_X0Y0S1  NUemWin_CM4_Keil.lib(GUIDRV_FlexColor.o)
    0x00007008   0x00007008   0x00000004   Code   RO         2328    i._Log2PhysX_X0Y1S0  NUemWin_CM4_Keil.lib(GUIDRV_FlexColor.o)
    0x0000700c   0x0000700c   0x00000004   Code   RO         2329    i._Log2PhysX_X0Y1S1  NUemWin_CM4_Keil.lib(GUIDRV_FlexColor.o)
    0x00007010   0x00007010   0x00000008   Code   RO         2330    i._Log2PhysX_X1Y0S0  NUemWin_CM4_Keil.lib(GUIDRV_FlexColor.o)
    0x00007018   0x00007018   0x00000008   Code   RO         2331    i._Log2PhysX_X1Y0S1  NUemWin_CM4_Keil.lib(GUIDRV_FlexColor.o)
    0x00007020   0x00007020   0x00000008   Code   RO         2332    i._Log2PhysX_X1Y1S0  NUemWin_CM4_Keil.lib(GUIDRV_FlexColor.o)
    0x00007028   0x00007028   0x00000008   Code   RO         2333    i._Log2PhysX_X1Y1S1  NUemWin_CM4_Keil.lib(GUIDRV_FlexColor.o)
    0x00007030   0x00007030   0x00000004   Code   RO         2334    i._Log2PhysY_X0Y0S0  NUemWin_CM4_Keil.lib(GUIDRV_FlexColor.o)
    0x00007034   0x00007034   0x00000004   Code   RO         2335    i._Log2PhysY_X0Y0S1  NUemWin_CM4_Keil.lib(GUIDRV_FlexColor.o)
    0x00007038   0x00007038   0x00000008   Code   RO         2336    i._Log2PhysY_X0Y1S0  NUemWin_CM4_Keil.lib(GUIDRV_FlexColor.o)
    0x00007040   0x00007040   0x00000008   Code   RO         2337    i._Log2PhysY_X0Y1S1  NUemWin_CM4_Keil.lib(GUIDRV_FlexColor.o)
    0x00007048   0x00007048   0x00000004   Code   RO         2338    i._Log2PhysY_X1Y0S0  NUemWin_CM4_Keil.lib(GUIDRV_FlexColor.o)
    0x0000704c   0x0000704c   0x00000004   Code   RO         2339    i._Log2PhysY_X1Y0S1  NUemWin_CM4_Keil.lib(GUIDRV_FlexColor.o)
    0x00007050   0x00007050   0x00000008   Code   RO         2340    i._Log2PhysY_X1Y1S0  NUemWin_CM4_Keil.lib(GUIDRV_FlexColor.o)
    0x00007058   0x00007058   0x00000008   Code   RO         2341    i._Log2PhysY_X1Y1S1  NUemWin_CM4_Keil.lib(GUIDRV_FlexColor.o)
    0x00007060   0x00007060   0x00000002   Code   RO         2579    i._Log2VisBuffered  NUemWin_CM4_Keil.lib(GUI_CharLine.o)
    0x00007062   0x00007062   0x00000002   PAD
    0x00007064   0x00007064   0x00000038   Code   RO         2137    i._OnExit           NUemWin_CM4_Keil.lib(GUI_Core.o)
    0x0000709c   0x0000709c   0x00000018   Code   RO         2795    i._OnExit           NUemWin_CM4_Keil.lib(LCD_Color.o)
    0x000070b4   0x000070b4   0x00000070   Code   RO         3096    i._OnExit           NUemWin_CM4_Keil.lib(WM.o)
    0x00007124   0x00007124   0x00000006   Code   RO         2414    i._ReadData         NUemWin_CM4_Keil.lib(GUIDRV_FlexColor_16bpp_C0B16.o)
    0x0000712a   0x0000712a   0x0000000c   Code   RO         2342    i._ReadPixelCust_16bpp  NUemWin_CM4_Keil.lib(GUIDRV_FlexColor.o)
    0x00007136   0x00007136   0x0000000c   Code   RO         2343    i._ReadPixelCust_18bpp  NUemWin_CM4_Keil.lib(GUIDRV_FlexColor.o)
    0x00007142   0x00007142   0x00000040   Code   RO         2423    i._ReadPixel_16bpp_B16_I  NUemWin_CM4_Keil.lib(GUIDRV_FlexColor_Func66709.o)
    0x00007182   0x00007182   0x00000024   Code   RO         2424    i._ReadPixel_16bpp_B16_II  NUemWin_CM4_Keil.lib(GUIDRV_FlexColor_Func66709.o)
    0x000071a6   0x000071a6   0x0000003a   Code   RO         2425    i._ReadPixel_16bpp_B16_III  NUemWin_CM4_Keil.lib(GUIDRV_FlexColor_Func66709.o)
    0x000071e0   0x000071e0   0x00000038   Code   RO         2426    i._ReadPixel_16bpp_B8  NUemWin_CM4_Keil.lib(GUIDRV_FlexColor_Func66709.o)
    0x00007218   0x00007218   0x00000034   Code   RO         2344    i._ReadRectCust_16bpp  NUemWin_CM4_Keil.lib(GUIDRV_FlexColor.o)
    0x0000724c   0x0000724c   0x00000034   Code   RO         2345    i._ReadRectCust_18bpp  NUemWin_CM4_Keil.lib(GUIDRV_FlexColor.o)
    0x00007280   0x00007280   0x00000068   Code   RO         2427    i._ReadRect_16bpp_B16_I  NUemWin_CM4_Keil.lib(GUIDRV_FlexColor_Func66709.o)
    0x000072e8   0x000072e8   0x00000048   Code   RO         2428    i._ReadRect_16bpp_B16_II  NUemWin_CM4_Keil.lib(GUIDRV_FlexColor_Func66709.o)
    0x00007330   0x00007330   0x00000092   Code   RO         2429    i._ReadRect_16bpp_B16_III  NUemWin_CM4_Keil.lib(GUIDRV_FlexColor_Func66709.o)
    0x000073c2   0x000073c2   0x00000064   Code   RO         2430    i._ReadRect_16bpp_B8  NUemWin_CM4_Keil.lib(GUIDRV_FlexColor_Func66709.o)
    0x00007426   0x00007426   0x00000002   PAD
    0x00007428   0x00007428   0x0000005c   Code   RO         1898    i._RemoveFreeBlock  NUemWin_CM4_Keil.lib(GUI_Alloc.o)
    0x00007484   0x00007484   0x000000d0   Code   RO         1899    i._RemoveHoles      NUemWin_CM4_Keil.lib(GUI_Alloc.o)
    0x00007554   0x00007554   0x00000038   Code   RO         2761    i._SetBkColor       NUemWin_CM4_Keil.lib(LCD.o)
    0x0000758c   0x0000758c   0x00000038   Code   RO         2762    i._SetColor         NUemWin_CM4_Keil.lib(LCD.o)
    0x000075c4   0x000075c4   0x000000a4   Code   RO         2346    i._SetDevFunc       NUemWin_CM4_Keil.lib(GUIDRV_FlexColor.o)
    0x00007668   0x00007668   0x00000038   Code   RO         2763    i._SetDrawMode      NUemWin_CM4_Keil.lib(LCD.o)
    0x000076a0   0x000076a0   0x00000034   Code   RO         2431    i._SetInterface     NUemWin_CM4_Keil.lib(GUIDRV_FlexColor_Func66709.o)
    0x000076d4   0x000076d4   0x00000016   Code   RO         2347    i._SetOrg           NUemWin_CM4_Keil.lib(GUIDRV_FlexColor.o)
    0x000076ea   0x000076ea   0x0000000e   Code   RO         3036    i._SetOrg           NUemWin_CM4_Keil.lib(GUIDEV_16.o)
    0x000076f8   0x000076f8   0x0000003c   Code   RO         2432    i._SetOrientation   NUemWin_CM4_Keil.lib(GUIDRV_FlexColor_Func66709.o)
    0x00007734   0x00007734   0x000000a8   Code   RO         2433    i._SetPhysRAMAddr   NUemWin_CM4_Keil.lib(GUIDRV_FlexColor_Func66709.o)
    0x000077dc   0x000077dc   0x0000000a   Code   RO         2348    i._SetPixelIndex    NUemWin_CM4_Keil.lib(GUIDRV_FlexColor.o)
    0x000077e6   0x000077e6   0x00000002   PAD
    0x000077e8   0x000077e8   0x00000070   Code   RO         3037    i._SetPixelIndex    NUemWin_CM4_Keil.lib(GUIDEV_16.o)
    0x00007858   0x00007858   0x000000b0   Code   RO         2434    i._SetRect          NUemWin_CM4_Keil.lib(GUIDRV_FlexColor_Func66709.o)
    0x00007908   0x00007908   0x00000008   Code   RO         2435    i._SetReg_B16       NUemWin_CM4_Keil.lib(GUIDRV_FlexColor_Func66709.o)
    0x00007910   0x00007910   0x0000001a   Code   RO         2436    i._SetReg_B8        NUemWin_CM4_Keil.lib(GUIDRV_FlexColor_Func66709.o)
    0x0000792a   0x0000792a   0x0000000a   Code   RO         2415    i._WriteData        NUemWin_CM4_Keil.lib(GUIDRV_FlexColor_16bpp_C0B16.o)
    0x00007934   0x00007934   0x00000008   Code   RO         2437    i._WritePara_B16    NUemWin_CM4_Keil.lib(GUIDRV_FlexColor_Func66709.o)
    0x0000793c   0x0000793c   0x0000000a   Code   RO         2438    i._WritePara_B8     NUemWin_CM4_Keil.lib(GUIDRV_FlexColor_Func66709.o)
    0x00007946   0x00007946   0x00000032   Code   RO         2349    i._XorPixel         NUemWin_CM4_Keil.lib(GUIDRV_FlexColor.o)
    0x00007978   0x00007978   0x00000078   Code   RO         3038    i._XorPixel         NUemWin_CM4_Keil.lib(GUIDEV_16.o)
    0x000079f0   0x000079f0   0x00000084   Code   RO         3098    i._cbBackWin        NUemWin_CM4_Keil.lib(WM.o)
    0x00007a74   0x00007a74   0x0000000e   Code   RO         4014    i._is_digit         c_w.l(__printf_wp.o)
    0x00007a82   0x00007a82   0x00000008   Code   RO         1726    i.ferror            retarget.o
    0x00007a8a   0x00007a8a   0x00000010   Code   RO         1728    i.fputc             retarget.o
    0x00007a9a   0x00007a9a   0x00000002   PAD
    0x00007a9c   0x00007a9c   0x000001b8   Code   RO         1460    i.main              main.o
    0x00007c54   0x00007c54   0x000000a8   Code   RO         1730    i.stackDump         retarget.o
    0x00007cfc   0x00007cfc   0x0000000a   Code   RO         4151    x$fpl$fpinit        fz_wm.l(fpinit.o)
    0x00007d06   0x00007d06   0x00000002   PAD
    0x00007d08   0x00007d08   0x00000018   Data   RO         1859    .constdata          NUemWin_CM4_Keil.lib(GUICC_565.o)
    0x00007d20   0x00007d20   0x00000008   Data   RO         2139    .constdata          NUemWin_CM4_Keil.lib(GUI_Core.o)
    0x00007d28   0x00007d28   0x00000034   Data   RO         2350    .constdata          NUemWin_CM4_Keil.lib(GUIDRV_FlexColor.o)
    0x00007d5c   0x00007d5c   0x00000040   Data   RO         2351    .constdata          NUemWin_CM4_Keil.lib(GUIDRV_FlexColor.o)
    0x00007d9c   0x00007d9c   0x00000018   Data   RO         2458    .constdata          NUemWin_CM4_Keil.lib(F24_1.o)
    0x00007db4   0x00007db4   0x00000018   Data   RO         2459    .constdata          NUemWin_CM4_Keil.lib(F24_1.o)
    0x00007dcc   0x00007dcc   0x00000030   Data   RO         2460    .constdata          NUemWin_CM4_Keil.lib(F24_1.o)
    0x00007dfc   0x00007dfc   0x00000030   Data   RO         2461    .constdata          NUemWin_CM4_Keil.lib(F24_1.o)
    0x00007e2c   0x00007e2c   0x00000030   Data   RO         2462    .constdata          NUemWin_CM4_Keil.lib(F24_1.o)
    0x00007e5c   0x00007e5c   0x00000030   Data   RO         2463    .constdata          NUemWin_CM4_Keil.lib(F24_1.o)
    0x00007e8c   0x00007e8c   0x00000018   Data   RO         2464    .constdata          NUemWin_CM4_Keil.lib(F24_1.o)
    0x00007ea4   0x00007ea4   0x00000030   Data   RO         2465    .constdata          NUemWin_CM4_Keil.lib(F24_1.o)
    0x00007ed4   0x00007ed4   0x00000018   Data   RO         2466    .constdata          NUemWin_CM4_Keil.lib(F24_1.o)
    0x00007eec   0x00007eec   0x00000030   Data   RO         2467    .constdata          NUemWin_CM4_Keil.lib(F24_1.o)
    0x00007f1c   0x00007f1c   0x00000018   Data   RO         2468    .constdata          NUemWin_CM4_Keil.lib(F24_1.o)
    0x00007f34   0x00007f34   0x00000030   Data   RO         2469    .constdata          NUemWin_CM4_Keil.lib(F24_1.o)
    0x00007f64   0x00007f64   0x00000030   Data   RO         2470    .constdata          NUemWin_CM4_Keil.lib(F24_1.o)
    0x00007f94   0x00007f94   0x00000018   Data   RO         2471    .constdata          NUemWin_CM4_Keil.lib(F24_1.o)
    0x00007fac   0x00007fac   0x00000030   Data   RO         2472    .constdata          NUemWin_CM4_Keil.lib(F24_1.o)
    0x00007fdc   0x00007fdc   0x00000030   Data   RO         2473    .constdata          NUemWin_CM4_Keil.lib(F24_1.o)
    0x0000800c   0x0000800c   0x00000018   Data   RO         2474    .constdata          NUemWin_CM4_Keil.lib(F24_1.o)
    0x00008024   0x00008024   0x00000030   Data   RO         2475    .constdata          NUemWin_CM4_Keil.lib(F24_1.o)
    0x00008054   0x00008054   0x00000018   Data   RO         2476    .constdata          NUemWin_CM4_Keil.lib(F24_1.o)
    0x0000806c   0x0000806c   0x00000018   Data   RO         2477    .constdata          NUemWin_CM4_Keil.lib(F24_1.o)
    0x00008084   0x00008084   0x00000018   Data   RO         2478    .constdata          NUemWin_CM4_Keil.lib(F24_1.o)
    0x0000809c   0x0000809c   0x00000030   Data   RO         2479    .constdata          NUemWin_CM4_Keil.lib(F24_1.o)
    0x000080cc   0x000080cc   0x00000030   Data   RO         2480    .constdata          NUemWin_CM4_Keil.lib(F24_1.o)
    0x000080fc   0x000080fc   0x00000018   Data   RO         2481    .constdata          NUemWin_CM4_Keil.lib(F24_1.o)
    0x00008114   0x00008114   0x00000018   Data   RO         2482    .constdata          NUemWin_CM4_Keil.lib(F24_1.o)
    0x0000812c   0x0000812c   0x00000018   Data   RO         2483    .constdata          NUemWin_CM4_Keil.lib(F24_1.o)
    0x00008144   0x00008144   0x00000018   Data   RO         2484    .constdata          NUemWin_CM4_Keil.lib(F24_1.o)
    0x0000815c   0x0000815c   0x00000030   Data   RO         2485    .constdata          NUemWin_CM4_Keil.lib(F24_1.o)
    0x0000818c   0x0000818c   0x00000048   Data   RO         2486    .constdata          NUemWin_CM4_Keil.lib(F24_1.o)
    0x000081d4   0x000081d4   0x00000048   Data   RO         2487    .constdata          NUemWin_CM4_Keil.lib(F24_1.o)
    0x0000821c   0x0000821c   0x00000048   Data   RO         2488    .constdata          NUemWin_CM4_Keil.lib(F24_1.o)
    0x00008264   0x00008264   0x00000030   Data   RO         2489    .constdata          NUemWin_CM4_Keil.lib(F24_1.o)
    0x00008294   0x00008294   0x00000030   Data   RO         2490    .constdata          NUemWin_CM4_Keil.lib(F24_1.o)
    0x000082c4   0x000082c4   0x00000030   Data   RO         2491    .constdata          NUemWin_CM4_Keil.lib(F24_1.o)
    0x000082f4   0x000082f4   0x00000030   Data   RO         2492    .constdata          NUemWin_CM4_Keil.lib(F24_1.o)
    0x00008324   0x00008324   0x00000030   Data   RO         2493    .constdata          NUemWin_CM4_Keil.lib(F24_1.o)
    0x00008354   0x00008354   0x00000030   Data   RO         2494    .constdata          NUemWin_CM4_Keil.lib(F24_1.o)
    0x00008384   0x00008384   0x00000030   Data   RO         2495    .constdata          NUemWin_CM4_Keil.lib(F24_1.o)
    0x000083b4   0x000083b4   0x00000048   Data   RO         2496    .constdata          NUemWin_CM4_Keil.lib(F24_1.o)
    0x000083fc   0x000083fc   0x00000030   Data   RO         2497    .constdata          NUemWin_CM4_Keil.lib(F24_1.o)
    0x0000842c   0x0000842c   0x00000030   Data   RO         2498    .constdata          NUemWin_CM4_Keil.lib(F24_1.o)
    0x0000845c   0x0000845c   0x00000030   Data   RO         2499    .constdata          NUemWin_CM4_Keil.lib(F24_1.o)
    0x0000848c   0x0000848c   0x00000030   Data   RO         2500    .constdata          NUemWin_CM4_Keil.lib(F24_1.o)
    0x000084bc   0x000084bc   0x00000030   Data   RO         2501    .constdata          NUemWin_CM4_Keil.lib(F24_1.o)
    0x000084ec   0x000084ec   0x00000018   Data   RO         2502    .constdata          NUemWin_CM4_Keil.lib(F24_1.o)
    0x00008504   0x00008504   0x00000018   Data   RO         2503    .constdata          NUemWin_CM4_Keil.lib(F24_1.o)
    0x0000851c   0x0000851c   0x00000018   Data   RO         2504    .constdata          NUemWin_CM4_Keil.lib(F24_1.o)
    0x00008534   0x00008534   0x00000018   Data   RO         2505    .constdata          NUemWin_CM4_Keil.lib(F24_1.o)
    0x0000854c   0x0000854c   0x00000030   Data   RO         2506    .constdata          NUemWin_CM4_Keil.lib(F24_1.o)
    0x0000857c   0x0000857c   0x00000030   Data   RO         2507    .constdata          NUemWin_CM4_Keil.lib(F24_1.o)
    0x000085ac   0x000085ac   0x00000030   Data   RO         2508    .constdata          NUemWin_CM4_Keil.lib(F24_1.o)
    0x000085dc   0x000085dc   0x00000030   Data   RO         2509    .constdata          NUemWin_CM4_Keil.lib(F24_1.o)
    0x0000860c   0x0000860c   0x00000030   Data   RO         2510    .constdata          NUemWin_CM4_Keil.lib(F24_1.o)
    0x0000863c   0x0000863c   0x00000030   Data   RO         2511    .constdata          NUemWin_CM4_Keil.lib(F24_1.o)
    0x0000866c   0x0000866c   0x00000030   Data   RO         2512    .constdata          NUemWin_CM4_Keil.lib(F24_1.o)
    0x0000869c   0x0000869c   0x00000030   Data   RO         2513    .constdata          NUemWin_CM4_Keil.lib(F24_1.o)
    0x000086cc   0x000086cc   0x00000030   Data   RO         2514    .constdata          NUemWin_CM4_Keil.lib(F24_1.o)
    0x000086fc   0x000086fc   0x00000030   Data   RO         2515    .constdata          NUemWin_CM4_Keil.lib(F24_1.o)
    0x0000872c   0x0000872c   0x00000030   Data   RO         2516    .constdata          NUemWin_CM4_Keil.lib(F24_1.o)
    0x0000875c   0x0000875c   0x00000030   Data   RO         2517    .constdata          NUemWin_CM4_Keil.lib(F24_1.o)
    0x0000878c   0x0000878c   0x00000030   Data   RO         2518    .constdata          NUemWin_CM4_Keil.lib(F24_1.o)
    0x000087bc   0x000087bc   0x00000030   Data   RO         2519    .constdata          NUemWin_CM4_Keil.lib(F24_1.o)
    0x000087ec   0x000087ec   0x00000030   Data   RO         2520    .constdata          NUemWin_CM4_Keil.lib(F24_1.o)
    0x0000881c   0x0000881c   0x00000030   Data   RO         2521    .constdata          NUemWin_CM4_Keil.lib(F24_1.o)
    0x0000884c   0x0000884c   0x00000030   Data   RO         2522    .constdata          NUemWin_CM4_Keil.lib(F24_1.o)
    0x0000887c   0x0000887c   0x00000030   Data   RO         2523    .constdata          NUemWin_CM4_Keil.lib(F24_1.o)
    0x000088ac   0x000088ac   0x00000030   Data   RO         2524    .constdata          NUemWin_CM4_Keil.lib(F24_1.o)
    0x000088dc   0x000088dc   0x00000030   Data   RO         2525    .constdata          NUemWin_CM4_Keil.lib(F24_1.o)
    0x0000890c   0x0000890c   0x00000030   Data   RO         2526    .constdata          NUemWin_CM4_Keil.lib(F24_1.o)
    0x0000893c   0x0000893c   0x00000030   Data   RO         2527    .constdata          NUemWin_CM4_Keil.lib(F24_1.o)
    0x0000896c   0x0000896c   0x00000048   Data   RO         2528    .constdata          NUemWin_CM4_Keil.lib(F24_1.o)
    0x000089b4   0x000089b4   0x00000030   Data   RO         2529    .constdata          NUemWin_CM4_Keil.lib(F24_1.o)
    0x000089e4   0x000089e4   0x00000030   Data   RO         2530    .constdata          NUemWin_CM4_Keil.lib(F24_1.o)
    0x00008a14   0x00008a14   0x00000030   Data   RO         2531    .constdata          NUemWin_CM4_Keil.lib(F24_1.o)
    0x00008a44   0x00008a44   0x00000030   Data   RO         2532    .constdata          NUemWin_CM4_Keil.lib(F24_1.o)
    0x00008a74   0x00008a74   0x00000030   Data   RO         2533    .constdata          NUemWin_CM4_Keil.lib(F24_1.o)
    0x00008aa4   0x00008aa4   0x00000018   Data   RO         2534    .constdata          NUemWin_CM4_Keil.lib(F24_1.o)
    0x00008abc   0x00008abc   0x00000018   Data   RO         2535    .constdata          NUemWin_CM4_Keil.lib(F24_1.o)
    0x00008ad4   0x00008ad4   0x00000018   Data   RO         2536    .constdata          NUemWin_CM4_Keil.lib(F24_1.o)
    0x00008aec   0x00008aec   0x00000018   Data   RO         2537    .constdata          NUemWin_CM4_Keil.lib(F24_1.o)
    0x00008b04   0x00008b04   0x00000030   Data   RO         2538    .constdata          NUemWin_CM4_Keil.lib(F24_1.o)
    0x00008b34   0x00008b34   0x00000030   Data   RO         2539    .constdata          NUemWin_CM4_Keil.lib(F24_1.o)
    0x00008b64   0x00008b64   0x00000030   Data   RO         2540    .constdata          NUemWin_CM4_Keil.lib(F24_1.o)
    0x00008b94   0x00008b94   0x00000030   Data   RO         2541    .constdata          NUemWin_CM4_Keil.lib(F24_1.o)
    0x00008bc4   0x00008bc4   0x00000030   Data   RO         2542    .constdata          NUemWin_CM4_Keil.lib(F24_1.o)
    0x00008bf4   0x00008bf4   0x00000030   Data   RO         2543    .constdata          NUemWin_CM4_Keil.lib(F24_1.o)
    0x00008c24   0x00008c24   0x00000030   Data   RO         2544    .constdata          NUemWin_CM4_Keil.lib(F24_1.o)
    0x00008c54   0x00008c54   0x00000030   Data   RO         2545    .constdata          NUemWin_CM4_Keil.lib(F24_1.o)
    0x00008c84   0x00008c84   0x00000030   Data   RO         2546    .constdata          NUemWin_CM4_Keil.lib(F24_1.o)
    0x00008cb4   0x00008cb4   0x00000030   Data   RO         2547    .constdata          NUemWin_CM4_Keil.lib(F24_1.o)
    0x00008ce4   0x00008ce4   0x00000030   Data   RO         2548    .constdata          NUemWin_CM4_Keil.lib(F24_1.o)
    0x00008d14   0x00008d14   0x00000030   Data   RO         2549    .constdata          NUemWin_CM4_Keil.lib(F24_1.o)
    0x00008d44   0x00008d44   0x00000030   Data   RO         2550    .constdata          NUemWin_CM4_Keil.lib(F24_1.o)
    0x00008d74   0x00008d74   0x00000030   Data   RO         2551    .constdata          NUemWin_CM4_Keil.lib(F24_1.o)
    0x00008da4   0x00008da4   0x00000030   Data   RO         2552    .constdata          NUemWin_CM4_Keil.lib(F24_1.o)
    0x00008dd4   0x00008dd4   0x00000030   Data   RO         2553    .constdata          NUemWin_CM4_Keil.lib(F24_1.o)
    0x00008e04   0x00008e04   0x00000300   Data   RO         2554    .constdata          NUemWin_CM4_Keil.lib(F24_1.o)
    0x00009104   0x00009104   0x0000000c   Data   RO         2555    .constdata          NUemWin_CM4_Keil.lib(F24_1.o)
    0x00009110   0x00009110   0x00000024   Data   RO         2556    .constdata          NUemWin_CM4_Keil.lib(F24_1.o)
    0x00009134   0x00009134   0x00000518   Data   RO         2557    .constdata          NUemWin_CM4_Keil.lib(F6x8.o)
    0x0000964c   0x0000964c   0x000001c0   Data   RO         2558    .constdata          NUemWin_CM4_Keil.lib(F6x8.o)
    0x0000980c   0x0000980c   0x00000008   Data   RO         2559    .constdata          NUemWin_CM4_Keil.lib(F6x8.o)
    0x00009814   0x00009814   0x00000014   Data   RO         2560    .constdata          NUemWin_CM4_Keil.lib(F6x8.o)
    0x00009828   0x00009828   0x00000024   Data   RO         2561    .constdata          NUemWin_CM4_Keil.lib(F6x8.o)
    0x0000984c   0x0000984c   0x00000010   Data   RO         2656    .constdata          NUemWin_CM4_Keil.lib(GUI_UC_EncodeNone.o)
    0x0000985c   0x0000985c   0x00000020   Data   RO         2674    .constdata          NUemWin_CM4_Keil.lib(GUI__DivTbl.o)
    0x0000987c   0x0000987c   0x00000040   Data   RO         2675    .constdata          NUemWin_CM4_Keil.lib(GUI__DivTbl.o)
    0x000098bc   0x000098bc   0x00000100   Data   RO         2677    .constdata          NUemWin_CM4_Keil.lib(GUI__DivTbl.o)
    0x000099bc   0x000099bc   0x00000100   Data   RO         2678    .constdata          NUemWin_CM4_Keil.lib(GUI__DivTbl.o)
    0x00009abc   0x00009abc   0x0000000c   Data   RO         2764    .constdata          NUemWin_CM4_Keil.lib(LCD.o)
    0x00009ac8   0x00009ac8   0x00000018   Data   RO         2929    .constdata          NUemWin_CM4_Keil.lib(F24_ASCII.o)
    0x00009ae0   0x00009ae0   0x00000018   Data   RO         2930    .constdata          NUemWin_CM4_Keil.lib(F24_ASCII.o)
    0x00009af8   0x00009af8   0x00000018   Data   RO         2931    .constdata          NUemWin_CM4_Keil.lib(F24_ASCII.o)
    0x00009b10   0x00009b10   0x00000030   Data   RO         2932    .constdata          NUemWin_CM4_Keil.lib(F24_ASCII.o)
    0x00009b40   0x00009b40   0x00000030   Data   RO         2933    .constdata          NUemWin_CM4_Keil.lib(F24_ASCII.o)
    0x00009b70   0x00009b70   0x00000048   Data   RO         2934    .constdata          NUemWin_CM4_Keil.lib(F24_ASCII.o)
    0x00009bb8   0x00009bb8   0x00000030   Data   RO         2935    .constdata          NUemWin_CM4_Keil.lib(F24_ASCII.o)
    0x00009be8   0x00009be8   0x00000018   Data   RO         2936    .constdata          NUemWin_CM4_Keil.lib(F24_ASCII.o)
    0x00009c00   0x00009c00   0x00000018   Data   RO         2937    .constdata          NUemWin_CM4_Keil.lib(F24_ASCII.o)
    0x00009c18   0x00009c18   0x00000018   Data   RO         2938    .constdata          NUemWin_CM4_Keil.lib(F24_ASCII.o)
    0x00009c30   0x00009c30   0x00000018   Data   RO         2939    .constdata          NUemWin_CM4_Keil.lib(F24_ASCII.o)
    0x00009c48   0x00009c48   0x00000030   Data   RO         2940    .constdata          NUemWin_CM4_Keil.lib(F24_ASCII.o)
    0x00009c78   0x00009c78   0x00000018   Data   RO         2941    .constdata          NUemWin_CM4_Keil.lib(F24_ASCII.o)
    0x00009c90   0x00009c90   0x00000018   Data   RO         2942    .constdata          NUemWin_CM4_Keil.lib(F24_ASCII.o)
    0x00009ca8   0x00009ca8   0x00000018   Data   RO         2943    .constdata          NUemWin_CM4_Keil.lib(F24_ASCII.o)
    0x00009cc0   0x00009cc0   0x00000018   Data   RO         2944    .constdata          NUemWin_CM4_Keil.lib(F24_ASCII.o)
    0x00009cd8   0x00009cd8   0x00000030   Data   RO         2945    .constdata          NUemWin_CM4_Keil.lib(F24_ASCII.o)
    0x00009d08   0x00009d08   0x00000030   Data   RO         2946    .constdata          NUemWin_CM4_Keil.lib(F24_ASCII.o)
    0x00009d38   0x00009d38   0x00000030   Data   RO         2947    .constdata          NUemWin_CM4_Keil.lib(F24_ASCII.o)
    0x00009d68   0x00009d68   0x00000030   Data   RO         2948    .constdata          NUemWin_CM4_Keil.lib(F24_ASCII.o)
    0x00009d98   0x00009d98   0x00000030   Data   RO         2949    .constdata          NUemWin_CM4_Keil.lib(F24_ASCII.o)
    0x00009dc8   0x00009dc8   0x00000030   Data   RO         2950    .constdata          NUemWin_CM4_Keil.lib(F24_ASCII.o)
    0x00009df8   0x00009df8   0x00000030   Data   RO         2951    .constdata          NUemWin_CM4_Keil.lib(F24_ASCII.o)
    0x00009e28   0x00009e28   0x00000030   Data   RO         2952    .constdata          NUemWin_CM4_Keil.lib(F24_ASCII.o)
    0x00009e58   0x00009e58   0x00000030   Data   RO         2953    .constdata          NUemWin_CM4_Keil.lib(F24_ASCII.o)
    0x00009e88   0x00009e88   0x00000030   Data   RO         2954    .constdata          NUemWin_CM4_Keil.lib(F24_ASCII.o)
    0x00009eb8   0x00009eb8   0x00000018   Data   RO         2955    .constdata          NUemWin_CM4_Keil.lib(F24_ASCII.o)
    0x00009ed0   0x00009ed0   0x00000018   Data   RO         2956    .constdata          NUemWin_CM4_Keil.lib(F24_ASCII.o)
    0x00009ee8   0x00009ee8   0x00000030   Data   RO         2957    .constdata          NUemWin_CM4_Keil.lib(F24_ASCII.o)
    0x00009f18   0x00009f18   0x00000030   Data   RO         2958    .constdata          NUemWin_CM4_Keil.lib(F24_ASCII.o)
    0x00009f48   0x00009f48   0x00000030   Data   RO         2959    .constdata          NUemWin_CM4_Keil.lib(F24_ASCII.o)
    0x00009f78   0x00009f78   0x00000030   Data   RO         2960    .constdata          NUemWin_CM4_Keil.lib(F24_ASCII.o)
    0x00009fa8   0x00009fa8   0x00000048   Data   RO         2961    .constdata          NUemWin_CM4_Keil.lib(F24_ASCII.o)
    0x00009ff0   0x00009ff0   0x00000030   Data   RO         2962    .constdata          NUemWin_CM4_Keil.lib(F24_ASCII.o)
    0x0000a020   0x0000a020   0x00000030   Data   RO         2963    .constdata          NUemWin_CM4_Keil.lib(F24_ASCII.o)
    0x0000a050   0x0000a050   0x00000030   Data   RO         2964    .constdata          NUemWin_CM4_Keil.lib(F24_ASCII.o)
    0x0000a080   0x0000a080   0x00000030   Data   RO         2965    .constdata          NUemWin_CM4_Keil.lib(F24_ASCII.o)
    0x0000a0b0   0x0000a0b0   0x00000030   Data   RO         2966    .constdata          NUemWin_CM4_Keil.lib(F24_ASCII.o)
    0x0000a0e0   0x0000a0e0   0x00000030   Data   RO         2967    .constdata          NUemWin_CM4_Keil.lib(F24_ASCII.o)
    0x0000a110   0x0000a110   0x00000030   Data   RO         2968    .constdata          NUemWin_CM4_Keil.lib(F24_ASCII.o)
    0x0000a140   0x0000a140   0x00000030   Data   RO         2969    .constdata          NUemWin_CM4_Keil.lib(F24_ASCII.o)
    0x0000a170   0x0000a170   0x00000018   Data   RO         2970    .constdata          NUemWin_CM4_Keil.lib(F24_ASCII.o)
    0x0000a188   0x0000a188   0x00000030   Data   RO         2971    .constdata          NUemWin_CM4_Keil.lib(F24_ASCII.o)
    0x0000a1b8   0x0000a1b8   0x00000030   Data   RO         2972    .constdata          NUemWin_CM4_Keil.lib(F24_ASCII.o)
    0x0000a1e8   0x0000a1e8   0x00000030   Data   RO         2973    .constdata          NUemWin_CM4_Keil.lib(F24_ASCII.o)
    0x0000a218   0x0000a218   0x00000048   Data   RO         2974    .constdata          NUemWin_CM4_Keil.lib(F24_ASCII.o)
    0x0000a260   0x0000a260   0x00000030   Data   RO         2975    .constdata          NUemWin_CM4_Keil.lib(F24_ASCII.o)
    0x0000a290   0x0000a290   0x00000030   Data   RO         2976    .constdata          NUemWin_CM4_Keil.lib(F24_ASCII.o)
    0x0000a2c0   0x0000a2c0   0x00000030   Data   RO         2977    .constdata          NUemWin_CM4_Keil.lib(F24_ASCII.o)
    0x0000a2f0   0x0000a2f0   0x00000030   Data   RO         2978    .constdata          NUemWin_CM4_Keil.lib(F24_ASCII.o)
    0x0000a320   0x0000a320   0x00000030   Data   RO         2979    .constdata          NUemWin_CM4_Keil.lib(F24_ASCII.o)
    0x0000a350   0x0000a350   0x00000030   Data   RO         2980    .constdata          NUemWin_CM4_Keil.lib(F24_ASCII.o)
    0x0000a380   0x0000a380   0x00000030   Data   RO         2981    .constdata          NUemWin_CM4_Keil.lib(F24_ASCII.o)
    0x0000a3b0   0x0000a3b0   0x00000030   Data   RO         2982    .constdata          NUemWin_CM4_Keil.lib(F24_ASCII.o)
    0x0000a3e0   0x0000a3e0   0x00000030   Data   RO         2983    .constdata          NUemWin_CM4_Keil.lib(F24_ASCII.o)
    0x0000a410   0x0000a410   0x00000048   Data   RO         2984    .constdata          NUemWin_CM4_Keil.lib(F24_ASCII.o)
    0x0000a458   0x0000a458   0x00000030   Data   RO         2985    .constdata          NUemWin_CM4_Keil.lib(F24_ASCII.o)
    0x0000a488   0x0000a488   0x00000030   Data   RO         2986    .constdata          NUemWin_CM4_Keil.lib(F24_ASCII.o)
    0x0000a4b8   0x0000a4b8   0x00000030   Data   RO         2987    .constdata          NUemWin_CM4_Keil.lib(F24_ASCII.o)
    0x0000a4e8   0x0000a4e8   0x00000018   Data   RO         2988    .constdata          NUemWin_CM4_Keil.lib(F24_ASCII.o)
    0x0000a500   0x0000a500   0x00000018   Data   RO         2989    .constdata          NUemWin_CM4_Keil.lib(F24_ASCII.o)
    0x0000a518   0x0000a518   0x00000018   Data   RO         2990    .constdata          NUemWin_CM4_Keil.lib(F24_ASCII.o)
    0x0000a530   0x0000a530   0x00000018   Data   RO         2991    .constdata          NUemWin_CM4_Keil.lib(F24_ASCII.o)
    0x0000a548   0x0000a548   0x00000030   Data   RO         2992    .constdata          NUemWin_CM4_Keil.lib(F24_ASCII.o)
    0x0000a578   0x0000a578   0x00000018   Data   RO         2993    .constdata          NUemWin_CM4_Keil.lib(F24_ASCII.o)
    0x0000a590   0x0000a590   0x00000030   Data   RO         2994    .constdata          NUemWin_CM4_Keil.lib(F24_ASCII.o)
    0x0000a5c0   0x0000a5c0   0x00000030   Data   RO         2995    .constdata          NUemWin_CM4_Keil.lib(F24_ASCII.o)
    0x0000a5f0   0x0000a5f0   0x00000030   Data   RO         2996    .constdata          NUemWin_CM4_Keil.lib(F24_ASCII.o)
    0x0000a620   0x0000a620   0x00000030   Data   RO         2997    .constdata          NUemWin_CM4_Keil.lib(F24_ASCII.o)
    0x0000a650   0x0000a650   0x00000030   Data   RO         2998    .constdata          NUemWin_CM4_Keil.lib(F24_ASCII.o)
    0x0000a680   0x0000a680   0x00000018   Data   RO         2999    .constdata          NUemWin_CM4_Keil.lib(F24_ASCII.o)
    0x0000a698   0x0000a698   0x00000030   Data   RO         3000    .constdata          NUemWin_CM4_Keil.lib(F24_ASCII.o)
    0x0000a6c8   0x0000a6c8   0x00000030   Data   RO         3001    .constdata          NUemWin_CM4_Keil.lib(F24_ASCII.o)
    0x0000a6f8   0x0000a6f8   0x00000018   Data   RO         3002    .constdata          NUemWin_CM4_Keil.lib(F24_ASCII.o)
    0x0000a710   0x0000a710   0x00000018   Data   RO         3003    .constdata          NUemWin_CM4_Keil.lib(F24_ASCII.o)
    0x0000a728   0x0000a728   0x00000030   Data   RO         3004    .constdata          NUemWin_CM4_Keil.lib(F24_ASCII.o)
    0x0000a758   0x0000a758   0x00000018   Data   RO         3005    .constdata          NUemWin_CM4_Keil.lib(F24_ASCII.o)
    0x0000a770   0x0000a770   0x00000030   Data   RO         3006    .constdata          NUemWin_CM4_Keil.lib(F24_ASCII.o)
    0x0000a7a0   0x0000a7a0   0x00000030   Data   RO         3007    .constdata          NUemWin_CM4_Keil.lib(F24_ASCII.o)
    0x0000a7d0   0x0000a7d0   0x00000030   Data   RO         3008    .constdata          NUemWin_CM4_Keil.lib(F24_ASCII.o)
    0x0000a800   0x0000a800   0x00000030   Data   RO         3009    .constdata          NUemWin_CM4_Keil.lib(F24_ASCII.o)
    0x0000a830   0x0000a830   0x00000030   Data   RO         3010    .constdata          NUemWin_CM4_Keil.lib(F24_ASCII.o)
    0x0000a860   0x0000a860   0x00000018   Data   RO         3011    .constdata          NUemWin_CM4_Keil.lib(F24_ASCII.o)
    0x0000a878   0x0000a878   0x00000030   Data   RO         3012    .constdata          NUemWin_CM4_Keil.lib(F24_ASCII.o)
    0x0000a8a8   0x0000a8a8   0x00000018   Data   RO         3013    .constdata          NUemWin_CM4_Keil.lib(F24_ASCII.o)
    0x0000a8c0   0x0000a8c0   0x00000030   Data   RO         3014    .constdata          NUemWin_CM4_Keil.lib(F24_ASCII.o)
    0x0000a8f0   0x0000a8f0   0x00000030   Data   RO         3015    .constdata          NUemWin_CM4_Keil.lib(F24_ASCII.o)
    0x0000a920   0x0000a920   0x00000030   Data   RO         3016    .constdata          NUemWin_CM4_Keil.lib(F24_ASCII.o)
    0x0000a950   0x0000a950   0x00000030   Data   RO         3017    .constdata          NUemWin_CM4_Keil.lib(F24_ASCII.o)
    0x0000a980   0x0000a980   0x00000030   Data   RO         3018    .constdata          NUemWin_CM4_Keil.lib(F24_ASCII.o)
    0x0000a9b0   0x0000a9b0   0x00000030   Data   RO         3019    .constdata          NUemWin_CM4_Keil.lib(F24_ASCII.o)
    0x0000a9e0   0x0000a9e0   0x00000018   Data   RO         3020    .constdata          NUemWin_CM4_Keil.lib(F24_ASCII.o)
    0x0000a9f8   0x0000a9f8   0x00000018   Data   RO         3021    .constdata          NUemWin_CM4_Keil.lib(F24_ASCII.o)
    0x0000aa10   0x0000aa10   0x00000018   Data   RO         3022    .constdata          NUemWin_CM4_Keil.lib(F24_ASCII.o)
    0x0000aa28   0x0000aa28   0x00000030   Data   RO         3023    .constdata          NUemWin_CM4_Keil.lib(F24_ASCII.o)
    0x0000aa58   0x0000aa58   0x000002f8   Data   RO         3024    .constdata          NUemWin_CM4_Keil.lib(F24_ASCII.o)
    0x0000ad50   0x0000ad50   0x0000000c   Data   RO         3025    .constdata          NUemWin_CM4_Keil.lib(F24_ASCII.o)
    0x0000ad5c   0x0000ad5c   0x00000074   Data   RO         3039    .constdata          NUemWin_CM4_Keil.lib(GUIDEV_16.o)
    0x0000add0   0x0000add0   0x00000018   Data   RO         3323    .constdata          NUemWin_CM4_Keil.lib(GUICC_0.o)
    0x0000ade8   0x0000ade8   0x00000100   Data   RO         3442    .constdata          NUemWin_CM4_Keil.lib(LCD_Mirror.o)
    0x0000aee8   0x0000aee8   0x00000008   Data   RO         3496    .constdata          NUemWin_CM4_Keil.lib(GUIDEV_WriteToActiveOpaque.o)
    0x0000aef0   0x0000aef0   0x00000028   Data   RO         3987    .constdata          c_w.l(_printf_hex_int.o)
    0x0000af18   0x0000af18   0x00000011   Data   RO         4017    .constdata          c_w.l(__printf_flags_wp.o)
    0x0000af29   0x0000af29   0x00000003   PAD
    0x0000af2c   0x0000af2c   0x00000020   Data   RO         4219    Region$$Table       anon$$obj.o


    Execution Region ER_RW (Exec base: 0x20000000, Load base: 0x0000af4c, Size: 0x000001cc, Max: 0xffffffff, ABSOLUTE, COMPRESSED[0x00000050])

    Exec Addr    Load Addr    Size         Type   Attr      Idx    E Section Name        Object

    0x20000000   COMPRESSED   0x00000001   Data   RW          911    .data               lcdconf.o
    0x20000001   COMPRESSED   0x00000003   PAD
    0x20000004   COMPRESSED   0x0000000c   Data   RW         1461    .data               main.o
    0x20000010   COMPRESSED   0x0000000a   Data   RW         1515    .data               bnctl.o
    0x2000001a   COMPRESSED   0x00000002   PAD
    0x2000001c   COMPRESSED   0x00000008   Data   RW         1604    .data               stepmotoragent.o
    0x20000024   COMPRESSED   0x00000008   Data   RW         1731    .data               retarget.o
    0x2000002c   COMPRESSED   0x0000002c   Data   RW         1819    .data               system_m480.o
    0x20000058   COMPRESSED   0x00000004   Data   RW         1901    .data               NUemWin_CM4_Keil.lib(GUI_Alloc.o)
    0x2000005c   COMPRESSED   0x00000050   Data   RW         2140    .data               NUemWin_CM4_Keil.lib(GUI_Core.o)
    0x200000ac   COMPRESSED   0x00000004   Data   RW         2144    .data               NUemWin_CM4_Keil.lib(GUI_Core.o)
    0x200000b0   COMPRESSED   0x00000004   Data   RW         2145    .data               NUemWin_CM4_Keil.lib(GUI_Core.o)
    0x200000b4   COMPRESSED   0x00000001   Data   RW         2149    .data               NUemWin_CM4_Keil.lib(GUI_Core.o)
    0x200000b5   COMPRESSED   0x00000003   PAD
    0x200000b8   COMPRESSED   0x00000004   Data   RW         2151    .data               NUemWin_CM4_Keil.lib(GUI_Core.o)
    0x200000bc   COMPRESSED   0x00000002   Data   RW         2152    .data               NUemWin_CM4_Keil.lib(GUI_Core.o)
    0x200000be   COMPRESSED   0x00000002   Data   RW         2153    .data               NUemWin_CM4_Keil.lib(GUI_Core.o)
    0x200000c0   COMPRESSED   0x0000001c   Data   RW         2352    .data               NUemWin_CM4_Keil.lib(GUIDRV_FlexColor.o)
    0x200000dc   COMPRESSED   0x00000008   Data   RW         2439    .data               NUemWin_CM4_Keil.lib(GUIDRV_FlexColor_Func66709.o)
    0x200000e4   COMPRESSED   0x00000004   Data   RW         2580    .data               NUemWin_CM4_Keil.lib(GUI_CharLine.o)
    0x200000e8   COMPRESSED   0x00000010   Data   RW         2626    .data               NUemWin_CM4_Keil.lib(GUI_OnKey.o)
    0x200000f8   COMPRESSED   0x0000000c   Data   RW         2667    .data               NUemWin_CM4_Keil.lib(GUI_WaitEvent.o)
    0x20000104   COMPRESSED   0x00000004   Data   RW         2698    .data               NUemWin_CM4_Keil.lib(GUI__Private.o)
    0x20000108   COMPRESSED   0x00000010   Data   RW         2699    .data               NUemWin_CM4_Keil.lib(GUI__Private.o)
    0x20000118   COMPRESSED   0x00000004   Data   RW         2765    .data               NUemWin_CM4_Keil.lib(LCD.o)
    0x2000011c   COMPRESSED   0x00000014   Data   RW         2796    .data               NUemWin_CM4_Keil.lib(LCD_Color.o)
    0x20000130   COMPRESSED   0x00000008   Data   RW         2852    .data               NUemWin_CM4_Keil.lib(LCD_GetEx.o)
    0x20000138   COMPRESSED   0x00000050   Data   RW         3102    .data               NUemWin_CM4_Keil.lib(WM.o)
    0x20000188   COMPRESSED   0x00000014   Data   RW         3407    .data               NUemWin_CM4_Keil.lib(GUI__ManageCache.o)
    0x2000019c   COMPRESSED   0x0000002c   Data   RW         3529    .data               NUemWin_CM4_Keil.lib(WM_Touch.o)
    0x200001c8   COMPRESSED   0x00000004   Data   RW         3559    .data               NUemWin_CM4_Keil.lib(WM__Private.o)


    Execution Region ER_ZI (Exec base: 0x200001cc, Load base: 0x0000af9c, Size: 0x00010b1c, Max: 0xffffffff, ABSOLUTE)

    Exec Addr    Load Addr    Size         Type   Attr      Idx    E Section Name        Object

    0x200001cc        -       0x00010000   Zero   RW          885    .bss                guiconf.o
    0x200101cc        -       0x00000010   Zero   RW         1514    .bss                bnctl.o
    0x200101dc        -       0x000000cc   Zero   RW         1900    .bss                NUemWin_CM4_Keil.lib(GUI_Alloc.o)
    0x200102a8        -       0x0000006c   Zero   RW         2138    .bss                NUemWin_CM4_Keil.lib(GUI_Core.o)
    0x20010314        -       0x00000058   Zero   RW         2625    .bss                NUemWin_CM4_Keil.lib(GUI_OnKey.o)
    0x2001036c        -       0x00000018   Zero   RW         3100    .bss                NUemWin_CM4_Keil.lib(WM.o)
    0x20010384        -       0x00000060   Zero   RW         4093    .bss                c_w.l(libspace.o)
    0x200103e4   0x0000af9c   0x00000004   PAD
    0x200103e8        -       0x00000100   Zero   RW         1808    HEAP                startup_m480.o
    0x200104e8        -       0x00000800   Zero   RW         1807    STACK               startup_m480.o


==============================================================================

Image component sizes


      Code (inc. data)   RO Data    RW Data    ZI Data      Debug   Object Name

       392         64          0         10         16       2989   bnctl.o
       960         84          0          0          0      53717   clk.o
        40          6          0          0          0       1157   display.o
       404         24          0          0          0       1395   ebi.o
        40         12          0          0          0        931   fmc.o
        50          0          0          0          0       1131   gpio.o
         4          0          0          0          0      51767   gui_x.o
        28          8          0          0      65536        555   guiconf.o
      1424        232          0          1          0      10089   lcdconf.o
       440        132          0         12          0       1025   main.o
       324        132          0          8          0       5576   retarget.o
       132         38        500          0       2304        900   startup_m480.o
       348         42          0          8          0       1576   stepmotoragent.o
       108         12          0          0          0      84391   system_init.o
       248         44          0         44          0       1931   system_m480.o
       204         22          0          0          0      34496   tmr.o

    ----------------------------------------------------------------------
      5148        852        532         88      67856     253626   Object Totals
         0          0         32          0          0          0   (incl. Generated)
         2          0          0          5          0          0   (incl. Padding)

    ----------------------------------------------------------------------

      Code (inc. data)   RO Data    RW Data    ZI Data      Debug   Library Member Name

         0          0       5016          0          0          0   F24_1.o
         0          0       4756          0          0          0   F24_ASCII.o
         0          0       1816          0          0          0   F6x8.o
       224          0         24          0          0        388   GUICC_0.o
       382         36         24          0          0        644   GUICC_565.o
       104          4          0          0          0        256   GUIDEV.o
      3026         62        116          0          0       1584   GUIDEV_16.o
        28          0          0          0          0        128   GUIDEV_GetDataPtr.o
        76          0          0          0          0        260   GUIDEV_Usage.o
      2076         14          8          0          0        168   GUIDEV_WriteToActiveOpaque.o
      1740         90        116         28          0       5800   GUIDRV_FlexColor.o
      1724         42          0          0          0        676   GUIDRV_FlexColor_16bpp_C0B16.o
      1344         84          0          8          0       2336   GUIDRV_FlexColor_Func66709.o
      1870         84          0          4        204       1920   GUI_Alloc.o
       100         22          0          0          0        464   GUI_Char.o
       674         34          0          4          0        548   GUI_CharLine.o
       398         10          0          0          0        492   GUI_CharM.o
       378         10          0          0          0        532   GUI_CharP.o
       384         26          0          0          0       1428   GUI_Common.o
       544         84          8         97        108        632   GUI_Core.o
       380         24          0          0          0        612   GUI_Device.o
       276          8          0          0          0        264   GUI_DispString.o
        20          6          0         16         88        116   GUI_OnKey.o
        36          6          0          0          0        128   GUI_SelectLayer.o
        88         12          0          0          0        264   GUI_UC.o
        18          0         16          0          0        464   GUI_UC_EncodeNone.o
        16          4          0         12          0        116   GUI_WaitEvent.o
       396          0          0          0          0        140   GUI__CompactPixelIndices.o
         0          0        608          0          0          0   GUI__DivTbl.o
       248         10          0         20          0        252   GUI__ManageCache.o
       314          0          0         20          0        380   GUI__Private.o
      1976        142         12          4          0       2216   LCD.o
       332         38          0         20          0        520   LCD_Color.o
        32         12          0          0          0        232   LCD_GetColorIndex.o
       434         40          0          8          0       1580   LCD_GetEx.o
        20          0          0          0          0        124   LCD_GetNumDisplays.o
         0          0        256          0          0          0   LCD_Mirror.o
        72         10          0          0          0        128   LCD_SelectLCD.o
       132          0          0          0          0        396   LCD_Set.o
        52         10          0          0          0        132   LCD_SetClipRectEx.o
        36          4          0          0          0        128   LCD_UpdateColorIndices.o
      3726        156          0         80         24       2920   WM.o
       222          6          0          0          0        644   WM_Lib.o
         0          0          0         44          0          0   WM_Touch.o
       156         10          0          4          0        508   WM__Private.o
        90          0          0          0          0          0   __dczerorl2.o
         8          0          0          0          0         68   __main.o
       312          4         17          0          0         92   __printf_flags_wp.o
        14          0          0          0          0         68   __printf_wp.o
         0          0          0          0          0          0   __rtentry.o
        12          0          0          0          0          0   __rtentry2.o
         6          0          0          0          0          0   __rtentry4.o
        52          8          0          0          0          0   __scatter.o
        28          0          0          0          0          0   __scatter_zi.o
        48          6          0          0          0         96   _printf_char_common.o
        36          4          0          0          0         80   _printf_char_file.o
         6          0          0          0          0          0   _printf_d.o
       120         16          0          0          0         92   _printf_dec.o
        88          4         40          0          0         88   _printf_hex_int.o
       178          0          0          0          0         88   _printf_intcommon.o
        78          0          0          0          0        108   _printf_pad.o
         0          0          0          0          0          0   _printf_percent.o
         4          0          0          0          0          0   _printf_percent_end.o
         6          0          0          0          0          0   _printf_x.o
        10          0          0          0          0         68   _sputc.o
        18          0          0          0          0         80   exit.o
         6          0          0          0          0        152   heapauxi.o
         0          0          0          0          0          0   indicate_semi.o
         2          0          0          0          0          0   libinit.o
         6          0          0          0          0          0   libinit2.o
         2          0          0          0          0          0   libshutdown.o
         2          0          0          0          0          0   libshutdown2.o
         8          4          0          0         96         68   libspace.o
         8          0          0          0          0         76   memcpy.o
        22          0          0          0          0         76   memset.o
        24          4          0          0          0         84   noretval__2printf.o
        40          6          0          0          0         84   noretval__2sprintf.o
        68          0          0          0          0         68   rt_memclr.o
        78          0          0          0          0         80   rt_memclr_w.o
       138          0          0          0          0         68   rt_memcpy_v6.o
       100          0          0          0          0         80   rt_memcpy_w.o
       132          0          0          0          0         68   rt_memmove_v6.o
       122          0          0          0          0         80   rt_memmove_w.o
         2          0          0          0          0          0   rtexit.o
        10          0          0          0          0          0   rtexit2.o
       128          0          0          0          0         68   strcmpv7m.o
        72          0          0          0          0         80   strcpy.o
        62          0          0          0          0         76   strlen.o
        12          4          0          0          0         68   sys_exit.o
        74          0          0          0          0         80   sys_stackheap_outer.o
         2          0          0          0          0         68   use_no_semi.o
        10          0          0          0          0        116   fpinit.o

    ----------------------------------------------------------------------
     26360       1160      12836        372        524      32988   Library Totals
        62          0          3          3          4          0   (incl. Padding)

    ----------------------------------------------------------------------

      Code (inc. data)   RO Data    RW Data    ZI Data      Debug   Library Name

     24054       1100      12776        369        424      30520   NUemWin_CM4_Keil.lib
      2234         60         57          0         96       2352   c_w.l
        10          0          0          0          0        116   fz_wm.l

    ----------------------------------------------------------------------
     26360       1160      12836        372        524      32988   Library Totals

    ----------------------------------------------------------------------

==============================================================================


      Code (inc. data)   RO Data    RW Data    ZI Data      Debug   

     31508       2012      13368        460      68380     257614   Grand Totals
     31508       2012      13368         80      68380     257614   ELF Image Totals (compressed)
     31508       2012      13368         80          0          0   ROM Totals

==============================================================================

    Total RO  Size (Code + RO Data)                44876 (  43.82kB)
    Total RW  Size (RW Data + ZI Data)             68840 (  67.23kB)
    Total ROM Size (Code + RO Data + RW Data)      44956 (  43.90kB)

==============================================================================

