<html>
<body>
<pre>
<h1>猩ision Build Log</h1>
<h2>Tool Versions:</h2>
IDE-Version: μVision V5.33.0.0
Copyright (C) 2020 ARM Ltd and ARM Germany GmbH. All rights reserved.
License Information: paula yang, nsysu, LIC=----
 
Tool Versions:
Toolchain:       MDK-ARM Community  Version: 5.33.0.0
Toolchain Path:  C:\Keil_v5\ARM\ARMCC\Bin
C Compiler:      Armcc.exe V5.06 update 7 (build 960)
Assembler:       Armasm.exe V5.06 update 7 (build 960)
Linker/Locator:  ArmLink.exe V5.06 update 7 (build 960)
Library Manager: ArmAr.exe V5.06 update 7 (build 960)
Hex Converter:   FromElf.exe V5.06 update 7 (build 960)
CPU DLL:         SARMCM3.DLL V5.33.0.0
Dialog DLL:      DCM.DLL V1.17.3.0
Target DLL:      NULink\Nu_Link.dll V3.04
Dialog DLL:      TCM.DLL V1.48.0.0
 
<h2>Project:</h2>
C:\Users\USER\Downloads\【微處理器應用設計實驗六】EEPROM\lab6\lab6.uvprojx
Project File Date:  05/06/2024

<h2>Output:</h2>
*** Using Compiler 'V5.06 update 7 (build 960)', folder: 'C:\Keil_v5\ARM\ARMCC\Bin'
Rebuild target 'Target 1'
compiling eadc.c...
compiling clk.c...
compiling main.c...
main.c(78): warning:  #177-D: variable "clock_buf"  was declared but never referenced
  	char clock_buf[20];
main.c: 1 warning, 0 errors
compiling gpio.c...
compiling ebi.c...
compiling GUI_X.c...
compiling fmc.c...
compiling GUIConf.c...
compiling myGUI.c...
compiling i2c.c...
compiling LCDConf.c...
compiling sys.c...
compiling timer.c...
compiling sdh.c...
compiling BNCTL.c...
compiling ADCAgent.c...
compiling uart.c...
compiling StepMotorAgent.c...
compiling I2C_EEPROM.c...
compiling display.c...
compiling system_init.c...
compiling tmr.c...
compiling TempSensor.c...
assembling startup_M480.s...
compiling system_M480.c...
compiling retarget.c...
compiling UART1.c...
linking...
Program Size: Code=43468 RO-data=13872 RW-data=512 ZI-data=68680  
".\Objects\lab6.axf" - 0 Error(s), 1 Warning(s).

<h2>Software Packages used:</h2>

Package Vendor: ARM
                http://www.keil.com/pack/ARM.CMSIS.5.7.0.pack
                ARM.CMSIS.5.7.0
                CMSIS (Cortex Microcontroller Software Interface Standard)
   * Component: CORE Version: 5.4.0

Package Vendor: Nuvoton
                https://github.com/OpenNuvoton/cmsis-packs/raw/master/Nuvoton_DFP/Nuvoton.NuMicro_DFP.1.3.23.pack
                Nuvoton.NuMicro_DFP.1.3.23
                Nuvoton ARM Cortex-M NuMicro Family Device Support
   * Component: Startup Version: 0.00.001

<h2>Collection of Component include folders:</h2>
  .\RTE\_Target_1
  C:\Keil_v5\ARM\PACK\ARM\CMSIS\5.7.0\CMSIS\Core\Include
  C:\Keil_v5\ARM\PACK\Nuvoton\NuMicro_DFP\1.3.23\Device\M480\Include
  C:\Keil_v5\ARM\PACK\Nuvoton\NuMicro_DFP\1.3.23\Device\M480\StdDriver\inc

<h2>Collection of Component Files used:</h2>

   * Component: ARM::CMSIS:CORE:5.4.0

   * Component: Nuvoton::Device:Startup:0.00.001
      Source file:   Device\M480\Source\system_M480.c
      Source file:   Device\M480\StdDriver\src\retarget.c
      Include file:  Device\M480\Include\M480.h
      Source file:   Device\M480\Source\ARM\startup_M480.s
Build Time Elapsed:  00:00:19
</pre>
</body>
</html>
