Component: ARM Compiler 5.06 update 7 (build 960) Tool: armlink [4d3601]

==============================================================================

Section Cross References

    clk.o(i.CLK_DisableCKO) refers to clk.o(i.CLK_DisableModuleClock) for CLK_DisableModuleClock
    clk.o(i.CLK_EnableCKO) refers to clk.o(i.CLK_EnableModuleClock) for CLK_EnableModuleClock
    clk.o(i.CLK_EnableCKO) refers to clk.o(i.CLK_SetModuleClock) for CLK_SetModuleClock
    clk.o(i.CLK_EnablePLL) refers to clk.o(i.CLK_DisablePLL) for CLK_DisablePLL
    clk.o(i.CLK_EnablePLL) refers to clk.o(i.CLK_WaitClockReady) for CLK_WaitClockReady
    clk.o(i.CLK_EnablePLL) refers to clk.o(i.CLK_GetPLLClockFreq) for CLK_GetPLLClockFreq
    clk.o(i.CLK_GetCPUFreq) refers to system_m480.o(i.SystemCoreClockUpdate) for SystemCoreClockUpdate
    clk.o(i.CLK_GetCPUFreq) refers to system_m480.o(.data) for SystemCoreClock
    clk.o(i.CLK_GetHCLKFreq) refers to system_m480.o(i.SystemCoreClockUpdate) for SystemCoreClockUpdate
    clk.o(i.CLK_GetHCLKFreq) refers to system_m480.o(.data) for SystemCoreClock
    clk.o(i.CLK_GetModuleClockDivider) refers to clk.o(.constdata) for .constdata
    clk.o(i.CLK_GetModuleClockSource) refers to clk.o(.constdata) for .constdata
    clk.o(i.CLK_GetPCLK0Freq) refers to system_m480.o(i.SystemCoreClockUpdate) for SystemCoreClockUpdate
    clk.o(i.CLK_GetPCLK0Freq) refers to system_m480.o(.data) for SystemCoreClock
    clk.o(i.CLK_GetPCLK1Freq) refers to system_m480.o(i.SystemCoreClockUpdate) for SystemCoreClockUpdate
    clk.o(i.CLK_GetPCLK1Freq) refers to system_m480.o(.data) for SystemCoreClock
    clk.o(i.CLK_SetCoreClock) refers to clk.o(i.CLK_WaitClockReady) for CLK_WaitClockReady
    clk.o(i.CLK_SetCoreClock) refers to clk.o(i.CLK_EnablePLL) for CLK_EnablePLL
    clk.o(i.CLK_SetCoreClock) refers to clk.o(i.CLK_SetHCLK) for CLK_SetHCLK
    clk.o(i.CLK_SetHCLK) refers to clk.o(i.CLK_WaitClockReady) for CLK_WaitClockReady
    clk.o(i.CLK_SetHCLK) refers to system_m480.o(i.SystemCoreClockUpdate) for SystemCoreClockUpdate
    clk.o(i.CLK_SetPowerDownMode) refers to clk.o(i.CLK_WaitClockReady) for CLK_WaitClockReady
    fmc.o(i.FMC_Erase) refers to fmc.o(i.FMC_Erase_SPROM) for FMC_Erase_SPROM
    fmc.o(i.FMC_ReadConfig) refers to fmc.o(i.FMC_Read) for FMC_Read
    fmc.o(i.FMC_SetSPKey) refers to fmc.o(i.FMC_Erase) for FMC_Erase
    fmc.o(i.FMC_SetSPKey) refers to fmc.o(i.FMC_Write) for FMC_Write
    fmc.o(i.FMC_WriteConfig) refers to fmc.o(i.FMC_Erase) for FMC_Erase
    fmc.o(i.FMC_WriteConfig) refers to fmc.o(i.FMC_Write) for FMC_Write
    gui_x.o(i.GUI_X_Delay) refers to gui_x.o(.data) for OS_TimeMS
    gui_x.o(i.GUI_X_GetTime) refers to gui_x.o(.data) for OS_TimeMS
    guiconf.o(i.GUI_X_Config) refers to GUI_Alloc.o(i.GUI_ALLOC_AssignMemory) for GUI_ALLOC_AssignMemory
    guiconf.o(i.GUI_X_Config) refers to GUI_Core.o(i.GUI_SetDefaultFont) for GUI_SetDefaultFont
    guiconf.o(i.GUI_X_Config) refers to guiconf.o(.bss) for aMemory
    guiconf.o(i.GUI_X_Config) refers to F6x8.o(.constdata) for GUI_Font6x8
    lcdconf.o(i.CLK_SysTickDelay) refers to system_m480.o(.data) for CyclesPerUs
    lcdconf.o(i.EBI_FuncPinInit) refers to gpio.o(i.GPIO_SetMode) for GPIO_SetMode
    lcdconf.o(i.ILI9341_Initial) refers to _printf_pad.o(.text) for _printf_pre_padding
    lcdconf.o(i.ILI9341_Initial) refers to _printf_percent.o(.ARM.Collect$$_printf_percent$$00000000) for _printf_percent
    lcdconf.o(i.ILI9341_Initial) refers to _printf_x.o(.ARM.Collect$$_printf_percent$$0000000C) for _printf_x
    lcdconf.o(i.ILI9341_Initial) refers to _printf_hex_int.o(.text) for _printf_longlong_hex
    lcdconf.o(i.ILI9341_Initial) refers to lcdconf.o(i.CLK_SysTickDelay) for CLK_SysTickDelay
    lcdconf.o(i.ILI9341_Initial) refers to lcdconf.o(i.LCD_WR_REG) for LCD_WR_REG
    lcdconf.o(i.ILI9341_Initial) refers to lcdconf.o(i.LCD_WR_DATA) for LCD_WR_DATA
    lcdconf.o(i.ILI9341_Initial) refers to lcdconf.o(i.LCD_RD_DATA) for LCD_RD_DATA
    lcdconf.o(i.ILI9341_Initial) refers to noretval__2printf.o(.text) for __2printf
    lcdconf.o(i.LCD_X_Config) refers to rt_memclr_w.o(.text) for __aeabi_memclr4
    lcdconf.o(i.LCD_X_Config) refers to GUI_Device.o(i.GUI_DEVICE_CreateAndLink) for GUI_DEVICE_CreateAndLink
    lcdconf.o(i.LCD_X_Config) refers to LCD_Set.o(i.LCD_SetSizeEx) for LCD_SetSizeEx
    lcdconf.o(i.LCD_X_Config) refers to LCD_Set.o(i.LCD_SetVSizeEx) for LCD_SetVSizeEx
    lcdconf.o(i.LCD_X_Config) refers to GUIDRV_FlexColor.o(i.GUIDRV_FlexColor_Config) for GUIDRV_FlexColor_Config
    lcdconf.o(i.LCD_X_Config) refers to GUIDRV_FlexColor_Func66709.o(i.GUIDRV_FlexColor_SetReadFunc66709_B16) for GUIDRV_FlexColor_SetReadFunc66709_B16
    lcdconf.o(i.LCD_X_Config) refers to GUIDRV_FlexColor.o(i.GUIDRV_FlexColor_SetFunc) for GUIDRV_FlexColor_SetFunc
    lcdconf.o(i.LCD_X_Config) refers to GUICC_565.o(.constdata) for LCD_API_ColorConv_565
[...]
    GUI__GetLineNumChars                     0x00002f29   Thumb Code    64  GUI_CharLine.o(i.GUI__GetLineNumChars)
    GUI__IntersectRect                       0x00002f6d   Thumb Code    66  GUI__Private.o(i.GUI__IntersectRect)
    GUI__IntersectRects                      0x00002faf   Thumb Code    82  GUI__Private.o(i.GUI__IntersectRects)
    GUI__ManageCache                         0x00003001   Thumb Code    12  GUI__ManageCache.o(i.GUI__ManageCache)
    GUI__ManageCacheEx                       0x00003011   Thumb Code   226  GUI__ManageCache.o(i.GUI__ManageCacheEx)
    GUI__RegisterExit                        0x000030f9   Thumb Code    10  GUI_Core.o(i.GUI__RegisterExit)
    GUI__memset16                            0x00003109   Thumb Code   166  GUI__Private.o(i.GUI__memset16)
    Hard_Fault_Handler                       0x000031b1   Thumb Code    18  retarget.o(i.Hard_Fault_Handler)
    ILI9341_Initial                          0x000031dd   Thumb Code   630  lcdconf.o(i.ILI9341_Initial)
    JoyStick                                 0x000034b1   Thumb Code   138  main.o(i.JoyStick)
    LCD_Color2Index                          0x00003549   Thumb Code    18  LCD.o(i.LCD_Color2Index)
    LCD_DrawBitmap                           0x00003565   Thumb Code   628  LCD.o(i.LCD_DrawBitmap)
    LCD_DrawHLine                            0x000037e5   Thumb Code    90  LCD.o(i.LCD_DrawHLine)
    LCD_DrawPixel                            0x00003849   Thumb Code   102  LCD.o(i.LCD_DrawPixel)
    LCD_FillRect                             0x000038b9   Thumb Code   100  LCD.o(i.LCD_FillRect)
    LCD_GetBitsPerPixelEx                    0x00003925   Thumb Code    30  LCD_GetEx.o(i.LCD_GetBitsPerPixelEx)
    LCD_GetBkColorIndex                      0x00003945   Thumb Code    10  LCD_GetColorIndex.o(i.LCD_GetBkColorIndex)
    LCD_GetColorIndex                        0x00003955   Thumb Code    10  LCD_GetColorIndex.o(i.LCD_GetColorIndex)
    LCD_GetNumColors                         0x00003965   Thumb Code    36  LCD_GetEx.o(i.LCD_GetNumColors)
    LCD_GetNumColorsEx                       0x0000398d   Thumb Code    30  LCD_GetEx.o(i.LCD_GetNumColorsEx)
    LCD_GetNumLayers                         0x000039ab   Thumb Code    20  LCD_GetNumDisplays.o(i.LCD_GetNumLayers)
    LCD_GetPalette                           0x000039c1   Thumb Code    30  LCD_GetEx.o(i.LCD_GetPalette)
    LCD_GetXSizeDisplay                      0x000039e5   Thumb Code     6  LCD_GetEx.o(i.LCD_GetXSizeDisplay)
    LCD_GetXSizeMax                          0x000039f1   Thumb Code    34  LCD_GetEx.o(i.LCD_GetXSizeMax)
    LCD_GetYSizeDisplay                      0x00003a15   Thumb Code     6  LCD_GetEx.o(i.LCD_GetYSizeDisplay)
    LCD_GetYSizeMax                          0x00003a21   Thumb Code    34  LCD_GetEx.o(i.LCD_GetYSizeMax)
    LCD_GetpPalConvTableBM                   0x00003a45   Thumb Code   110  LCD_Color.o(i.LCD_GetpPalConvTableBM)
    LCD_Index2Color                          0x00003ab9   Thumb Code    18  LCD.o(i.LCD_Index2Color)
    LCD_Index2Color_565                      0x00003ad5   Thumb Code    38  GUICC_565.o(i.LCD_Index2Color_565)
    LCD_Init                                 0x00003b05   Thumb Code   152  LCD.o(i.LCD_Init)
    LCD_InitColors                           0x00003bb1   Thumb Code    42  LCD_Color.o(i.LCD_InitColors)
    LCD_InitLUT                              0x00003be9   Thumb Code   124  LCD_Color.o(i.LCD_InitLUT)
    LCD_RD_DATA                              0x00003c71   Thumb Code     6  lcdconf.o(i.LCD_RD_DATA)
    LCD_SelectLCD                            0x00003c7d   Thumb Code    62  LCD_SelectLCD.o(i.LCD_SelectLCD)
    LCD_SetBkColor                           0x00003cc5   Thumb Code     8  LCD.o(i.LCD_SetBkColor)
    LCD_SetBkColorIndex                      0x00003cd1   Thumb Code    20  LCD.o(i.LCD_SetBkColorIndex)
    LCD_SetClipRectEx                        0x00003ce9   Thumb Code    42  LCD_SetClipRectEx.o(i.LCD_SetClipRectEx)
    LCD_SetClipRectMax                       0x00003d1d   Thumb Code    20  LCD.o(i.LCD_SetClipRectMax)
    LCD_SetColor                             0x00003d39   Thumb Code     8  LCD.o(i.LCD_SetColor)
    LCD_SetColorIndex                        0x00003d45   Thumb Code    20  LCD.o(i.LCD_SetColorIndex)
    LCD_SetDisplaySize                       0x00003d5d   Thumb Code     8  LCD_GetEx.o(i.LCD_SetDisplaySize)
    LCD_SetDrawMode                          0x00003d69   Thumb Code     8  LCD.o(i.LCD_SetDrawMode)
    LCD_SetLUTEntryEx                        0x00003d75   Thumb Code    44  LCD_Set.o(i.LCD_SetLUTEntryEx)
    LCD_SetSizeEx                            0x00003da1   Thumb Code    44  LCD_Set.o(i.LCD_SetSizeEx)
    LCD_SetVSizeEx                           0x00003dcd   Thumb Code    44  LCD_Set.o(i.LCD_SetVSizeEx)
    LCD_UpdateColorIndices                   0x00003df9   Thumb Code    32  LCD_UpdateColorIndices.o(i.LCD_UpdateColorIndices)
    LCD_WR_DATA                              0x00003e1d   Thumb Code     6  lcdconf.o(i.LCD_WR_DATA)
    LCD_WR_REG                               0x00003e29   Thumb Code    16  lcdconf.o(i.LCD_WR_REG)
    LCD_X_Config                             0x00003e3d   Thumb Code   120  lcdconf.o(i.LCD_X_Config)
    LCD_X_DisplayDriver                      0x00003ed9   Thumb Code    36  lcdconf.o(i.LCD_X_DisplayDriver)
    LCD__DrawBitmap_1bpp                     0x00003efd   Thumb Code   496  LCD.o(i.LCD__DrawBitmap_1bpp)
    LCD__GetBPPDevice                        0x000040f9   Thumb Code   142  LCD_GetEx.o(i.LCD__GetBPPDevice)
    LED_showing                              0x00004189   Thumb Code    58  main.o(i.LED_showing)
    SYS_Init                                 0x00004205   Thumb Code    96  system_init.o(i.SYS_Init)
    SystemCoreClockUpdate                    0x000042ad   Thumb Code    74  system_m480.o(i.SystemCoreClockUpdate)
    SystemInit                               0x00004311   Thumb Code   130  system_m480.o(i.SystemInit)
    TMR0_IRQHandler                          0x000043a5   Thumb Code    36  tmr.o(i.TMR0_IRQHandler)
    TMR0_Initial                             0x000043d1   Thumb Code   146  tmr.o(i.TMR0_Initial)
    WM_Activate                              0x00004471   Thumb Code    12  WM.o(i.WM_Activate)
    WM_BringToBottom                         0x00004481   Thumb Code   140  WM_Lib.o(i.WM_BringToBottom)
    WM_CreateWindowAsChild                   0x0000450d   Thumb Code   348  WM.o(i.WM_CreateWindowAsChild)
    WM_DefaultProc                           0x00004679   Thumb Code    68  WM.o(i.WM_DefaultProc)
    WM_GetDesktopWindow                      0x000046c1   Thumb Code     6  WM_Lib.o(i.WM_GetDesktopWindow)
    WM_GetFirstChild                         0x000046cd   Thumb Code    16  WM_Lib.o(i.WM_GetFirstChild)
    WM_GetParent                             0x000046dd   Thumb Code    16  WM_Lib.o(i.WM_GetParent)
    WM_Init                                  0x000046ed   Thumb Code   152  WM.o(i.WM_Init)
    WM_InvalidateRect                        0x000047ad   Thumb Code   208  WM.o(i.WM_InvalidateRect)
    WM_InvalidateWindowAndDescsEx            0x00004881   Thumb Code   110  WM.o(i.WM_InvalidateWindowAndDescsEx)
    WM_SendToParent                          0x000048ef   Thumb Code    38  WM_Lib.o(i.WM_SendToParent)
    WM__ActivateClipRect                     0x00004915   Thumb Code   194  WM.o(i.WM__ActivateClipRect)
    WM__AddCriticalHandle                    0x000049e5   Thumb Code    10  WM__Private.o(i.WM__AddCriticalHandle)
    WM__ClipAtParentBorders                  0x000049f5   Thumb Code    78  WM.o(i.WM__ClipAtParentBorders)
    WM__GetClientRectEx                      0x00004a49   Thumb Code    32  WM__Private.o(i.WM__GetClientRectEx)
    WM__GetClientRectWin                     0x00004a69   Thumb Code    24  WM.o(i.WM__GetClientRectWin)
    WM__GetNextIVR                           0x00004a81   Thumb Code   818  WM.o(i.WM__GetNextIVR)
    WM__GetPrevSibling                       0x00004dbd   Thumb Code    48  WM__Private.o(i.WM__GetPrevSibling)
    WM__InitIVRSearch                        0x00004ded   Thumb Code   246  WM.o(i.WM__InitIVRSearch)
    WM__InsertWindowIntoList                 0x00004ef1   Thumb Code   182  WM.o(i.WM__InsertWindowIntoList)
    WM__InvalidateDrawAndDescs               0x00004fa9   Thumb Code    84  WM.o(i.WM__InvalidateDrawAndDescs)
    WM__InvalidateRect                       0x00005001   Thumb Code   210  WM.o(i.WM__InvalidateRect)
    WM__InvalidateRectEx                     0x000050d3   Thumb Code     6  WM.o(i.WM__InvalidateRectEx)
    WM__SendMessage                          0x000050d9   Thumb Code    56  WM__Private.o(i.WM__SendMessage)
    _is_digit                                0x000078c9   Thumb Code    14  __printf_wp.o(i._is_digit)
    clock_init                               0x000078d9   Thumb Code    16  main.o(i.clock_init)
    clock_tick                               0x000078f5   Thumb Code    98  main.o(i.clock_tick)
    ferror                                   0x0000796d   Thumb Code     8  retarget.o(i.ferror)
    fputc                                    0x00007975   Thumb Code    16  retarget.o(i.fputc)
    main                                     0x00007985   Thumb Code   136  main.o(i.main)
    _fp_init                                 0x00007add   Thumb Code    10  fpinit.o(x$fpl$fpinit)
    __fplib_config_fpu_vfp                   0x00007ae5   Thumb Code     0  fpinit.o(x$fpl$fpinit)
    __fplib_config_pureend_doubles           0x00007ae5   Thumb Code     0  fpinit.o(x$fpl$fpinit)
    LCD_API_ColorConv_565                    0x00007ae8   Data          24  GUICC_565.o(.constdata)
    GUIDRV_FlexColor_API                     0x00007b08   Data          52  GUIDRV_FlexColor.o(.constdata)
    GUI_Font16ASCIIProp1                     0x000085ec   Data          12  F16_ASCII.o(.constdata)
    GUI_Font16_ASCII                         0x000085f8   Data          36  F16_ASCII.o(.constdata)
    GUI_Font6x8                              0x00008d10   Data          36  F6x8.o(.constdata)
    GUI_UC_None                              0x00008d34   Data          16  GUI_UC_EncodeNone.o(.constdata)
    GUI__aConvert_31_255                     0x00008d44   Data          32  GUI__DivTbl.o(.constdata)
    GUI__aConvert_63_255                     0x00008d64   Data          64  GUI__DivTbl.o(.constdata)
    GUI__aConvert_255_31                     0x00008da4   Data         256  GUI__DivTbl.o(.constdata)
    GUI__aConvert_255_63                     0x00008ea4   Data         256  GUI__DivTbl.o(.constdata)
    GUI_MEMDEV_DEVICE_16                     0x00008ff0   Data          52  GUIDEV_16.o(.constdata)
    LCD_API_ColorConv_0                      0x00009024   Data          24  GUICC_0.o(.constdata)
    LCD_aMirror                              0x0000903c   Data         256  LCD_Mirror.o(.constdata)
    Region$$Table$$Base                      0x00009180   Number         0  anon$$obj.o(Region$$Table)
    Region$$Table$$Limit                     0x000091a0   Number         0  anon$$obj.o(Region$$Table)
    timecount                                0x20000004   Data           4  main.o(.data)
    sec                                      0x20000008   Data           4  main.o(.data)
    hour                                     0x2000000c   Data           4  main.o(.data)
    min                                      0x20000010   Data           4  main.o(.data)
    joystick_pins                            0x20000014   Data           4  main.o(.data)
    SpeedCtl                                 0x20000018   Data           4  main.o(.data)
    __stdout                                 0x20000030   Data           4  retarget.o(.data)
    __stdin                                  0x20000034   Data           4  retarget.o(.data)
    SystemCoreClock                          0x20000038   Data           4  system_m480.o(.data)
    CyclesPerUs                              0x2000003c   Data           4  system_m480.o(.data)
    PllClock                                 0x20000040   Data           4  system_m480.o(.data)
    gau32ClkSrcTbl                           0x20000044   Data          32  system_m480.o(.data)
    GUI_DecChar                              0x20000068   Data           1  GUI_Core.o(.data)
    GUI__PreserveTrans                       0x20000069   Data           1  GUI_Core.o(.data)
    GUI__IsInitialized                       0x2000006a   Data           1  GUI_Core.o(.data)
    GUI_pfGetpPalConvTable                   0x2000006c   Data           4  GUI_Core.o(.data)
    GUI__pFontDefault                        0x20000070   Data           4  GUI_Core.o(.data)
    GUI__ColorDefault                        0x20000074   Data           4  GUI_Core.o(.data)
    GUI__BkColorDefault                      0x20000078   Data           4  GUI_Core.o(.data)
    GUI_pContext                             0x2000007c   Data           4  GUI_Core.o(.data)
    GUI_pfExecAnimations                     0x20000080   Data           4  GUI_Core.o(.data)
    GUI_pUC_API                              0x20000084   Data           4  GUI_Core.o(.data)
    GUI_pfTimerExec                          0x20000088   Data           4  GUI_Core.o(.data)
    GUI_DCACHE__pfClearCacheHook             0x2000008c   Data           4  GUI_Core.o(.data)
    GUI__apDevice                            0x20000090   Data           4  GUI_Core.o(.data)
    GUI__pfDrawM565MemdevFunc                0x20000094   Data           4  GUI_Core.o(.data)
    GUI__pfDrawM565BitmapFunc                0x20000098   Data           4  GUI_Core.o(.data)
    GUI_pfDispCharStyle                      0x200000b8   Data           4  GUI_Core.o(.data)
    GUI_pfDispCharLine                       0x200000bc   Data           4  GUI_Core.o(.data)
    GUI__NumLayersInUse                      0x200000c0   Data           1  GUI_Core.o(.data)
    GUI_pLCD_APIList                         0x200000c4   Data           4  GUI_Core.o(.data)
    GUI_OrgX                                 0x200000c8   Data           2  GUI_Core.o(.data)
    GUI_OrgY                                 0x200000ca   Data           2  GUI_Core.o(.data)
    GUI_CharLine_pfLog2Vis                   0x200000f0   Data           4  GUI_CharLine.o(.data)
    GUI__pfMemset                            0x20000110   Data           4  GUI__Private.o(.data)
    GUI__pfMemcpy                            0x20000114   Data           4  GUI__Private.o(.data)
    GUI__pfStrcmp                            0x20000118   Data           4  GUI__Private.o(.data)
    GUI__pfStrlen                            0x2000011c   Data           4  GUI__Private.o(.data)
    GUI__pfStrcpy                            0x20000120   Data           4  GUI__Private.o(.data)
    LCD__pSetColorAPI                        0x20000124   Data           4  LCD.o(.data)
    LCD__aConvTable                          0x20000130   Data           4  LCD_Color.o(.data)
    WM__PaintCallbackCnt                     0x20000144   Data           1  WM.o(.data)
    WM__NumWindows                           0x20000146   Data           2  WM.o(.data)
    WM__NumInvalidWindows                    0x20000148   Data           2  WM.o(.data)
    WM__FirstWin                             0x20000150   Data           4  WM.o(.data)
    WM__pFirstCriticalHandle                 0x20000154   Data           4  WM.o(.data)
    WM__ahDesktopWin                         0x20000158   Data           4  WM.o(.data)
    WM__aBkColor                             0x2000015c   Data           4  WM.o(.data)
    WM__CreateFlags                          0x20000160   Data           4  WM.o(.data)
    WM__ahCapture                            0x20000164   Data           4  WM.o(.data)
    WM__ahWinFocus                           0x20000168   Data           4  WM.o(.data)
    WM_pfPollPID                             0x2000016c   Data           4  WM.o(.data)
    WM_MULTIBUF__pAPI                        0x20000170   Data           4  WM.o(.data)
    WM__TransWindowCnt                       0x20000174   Data           4  WM.o(.data)
    WM__hATransWindow                        0x20000178   Data           4  WM.o(.data)
    WM__hCreateStatic                        0x2000017c   Data           4  WM.o(.data)
    WM__pExecGestures                        0x20000180   Data           4  WM.o(.data)
    WM__ModalLayer                           0x200001a8   Data           4  WM_Touch.o(.data)
    WM__aCHWinModal                          0x200001bc   Data           8  WM_Touch.o(.data)
    WM__aCHWinLast                           0x200001c4   Data           8  WM_Touch.o(.data)
    WM__aCHWinMouseOver                      0x200001cc   Data           8  WM_Touch.o(.data)
    GUI_ALLOC__Context                       0x200101d8   Data         192  GUI_Alloc.o(.bss)
    __libspace_start                         0x20010380   Data          96  libspace.o(.bss)
    __temporary_stack_top$libspace           0x200103e0   Data           0  libspace.o(.bss)



==============================================================================

Memory Map of the image

  Image Entry point : 0x000001f5

  Load Region LR_IROM1 (Base: 0x00000000, Size: 0x00009378, Max: 0x00080000, ABSOLUTE, COMPRESSED[0x000091f8])

    Execution Region ER_IROM1 (Exec base: 0x00000000, Load base: 0x00000000, Size: 0x000091a0, Max: 0x00080000, ABSOLUTE)

    Exec Addr    Load Addr    Size         Type   Attr      Idx    E Section Name        Object

    0x00000000   0x00000000   0x000001f4   Data   RO         1690    RESET               startup_m480.o
    0x000001f4   0x000001f4   0x00000008   Code   RO         3825  * !!!main             c_w.l(__main.o)
    0x000001fc   0x000001fc   0x00000034   Code   RO         4001    !!!scatter          c_w.l(__scatter.o)
    0x00000230   0x00000230   0x0000005a   Code   RO         3999    !!dczerorl2         c_w.l(__dczerorl2.o)
    0x0000028a   0x0000028a   0x00000002   PAD
    0x0000028c   0x0000028c   0x0000001c   Code   RO         4003    !!handler_zi        c_w.l(__scatter_zi.o)
    0x000002a8   0x000002a8   0x00000000   Code   RO         3804    .ARM.Collect$$_printf_percent$$00000000  c_w.l(_printf_percent.o)
    0x000002a8   0x000002a8   0x00000006   Code   RO         3803    .ARM.Collect$$_printf_percent$$00000009  c_w.l(_printf_d.o)
    0x000002ae   0x000002ae   0x00000006   Code   RO         3802    .ARM.Collect$$_printf_percent$$0000000C  c_w.l(_printf_x.o)
    0x000002b4   0x000002b4   0x00000004   Code   RO         3836    .ARM.Collect$$_printf_percent$$00000017  c_w.l(_printf_percent_end.o)
    0x000002b8   0x000002b8   0x00000002   Code   RO         3869    .ARM.Collect$$libinit$$00000000  c_w.l(libinit.o)
    0x000002ba   0x000002ba   0x00000004   Code   RO         3875    .ARM.Collect$$libinit$$00000001  c_w.l(libinit2.o)
    0x000002be   0x000002be   0x00000000   Code   RO         3878    .ARM.Collect$$libinit$$00000004  c_w.l(libinit2.o)
    0x000002be   0x000002be   0x00000000   Code   RO         3881    .ARM.Collect$$libinit$$0000000A  c_w.l(libinit2.o)
    0x000002be   0x000002be   0x00000000   Code   RO         3883    .ARM.Collect$$libinit$$0000000C  c_w.l(libinit2.o)
    0x000002be   0x000002be   0x00000000   Code   RO         3885    .ARM.Collect$$libinit$$0000000E  c_w.l(libinit2.o)
    0x000002be   0x000002be   0x00000000   Code   RO         3888    .ARM.Collect$$libinit$$00000011  c_w.l(libinit2.o)
    0x000002be   0x000002be   0x00000000   Code   RO         3890    .ARM.Collect$$libinit$$00000013  c_w.l(libinit2.o)
    0x000002be   0x000002be   0x00000000   Code   RO         3892    .ARM.Collect$$libinit$$00000015  c_w.l(libinit2.o)
    0x000002be   0x000002be   0x00000000   Code   RO         3894    .ARM.Collect$$libinit$$00000017  c_w.l(libinit2.o)
    0x000002be   0x000002be   0x00000000   Code   RO         3896    .ARM.Collect$$libinit$$00000019  c_w.l(libinit2.o)
    0x000002be   0x000002be   0x00000000   Code   RO         3898    .ARM.Collect$$libinit$$0000001B  c_w.l(libinit2.o)
    0x000002be   0x000002be   0x00000000   Code   RO         3900    .ARM.Collect$$libinit$$0000001D  c_w.l(libinit2.o)
    0x000002be   0x000002be   0x00000000   Code   RO         3902    .ARM.Collect$$libinit$$0000001F  c_w.l(libinit2.o)
    0x000002be   0x000002be   0x00000000   Code   RO         3904    .ARM.Collect$$libinit$$00000021  c_w.l(libinit2.o)
    0x000002be   0x000002be   0x00000000   Code   RO         3906    .ARM.Collect$$libinit$$00000023  c_w.l(libinit2.o)
    0x000002be   0x000002be   0x00000000   Code   RO         3908    .ARM.Collect$$libinit$$00000025  c_w.l(libinit2.o)
    0x000002be   0x000002be   0x00000000   Code   RO         3912    .ARM.Collect$$libinit$$0000002C  c_w.l(libinit2.o)
    0x000002be   0x000002be   0x00000000   Code   RO         3914    .ARM.Collect$$libinit$$0000002E  c_w.l(libinit2.o)
    0x000002be   0x000002be   0x00000000   Code   RO         3916    .ARM.Collect$$libinit$$00000030  c_w.l(libinit2.o)
    0x000002be   0x000002be   0x00000000   Code   RO         3918    .ARM.Collect$$libinit$$00000032  c_w.l(libinit2.o)
    0x000002be   0x000002be   0x00000002   Code   RO         3919    .ARM.Collect$$libinit$$00000033  c_w.l(libinit2.o)
    0x000002c0   0x000002c0   0x00000002   Code   RO         3939    .ARM.Collect$$libshutdown$$00000000  c_w.l(libshutdown.o)
    0x000002c2   0x000002c2   0x00000000   Code   RO         3952    .ARM.Collect$$libshutdown$$00000002  c_w.l(libshutdown2.o)
    0x000002c2   0x000002c2   0x00000000   Code   RO         3954    .ARM.Collect$$libshutdown$$00000004  c_w.l(libshutdown2.o)
    0x000002c2   0x000002c2   0x00000000   Code   RO         3956    .ARM.Collect$$libshutdown$$00000006  c_w.l(libshutdown2.o)
    0x000002c2   0x000002c2   0x00000000   Code   RO         3959    .ARM.Collect$$libshutdown$$00000009  c_w.l(libshutdown2.o)
    0x000002c2   0x000002c2   0x00000000   Code   RO         3962    .ARM.Collect$$libshutdown$$0000000C  c_w.l(libshutdown2.o)
    0x000002c2   0x000002c2   0x00000000   Code   RO         3964    .ARM.Collect$$libshutdown$$0000000E  c_w.l(libshutdown2.o)
    0x000002c2   0x000002c2   0x00000000   Code   RO         3967    .ARM.Collect$$libshutdown$$00000011  c_w.l(libshutdown2.o)
    0x000002c2   0x000002c2   0x00000002   Code   RO         3968    .ARM.Collect$$libshutdown$$00000012  c_w.l(libshutdown2.o)
    0x000002c4   0x000002c4   0x00000000   Code   RO         3827    .ARM.Collect$$rtentry$$00000000  c_w.l(__rtentry.o)
    0x000002c4   0x000002c4   0x00000000   Code   RO         3844    .ARM.Collect$$rtentry$$00000002  c_w.l(__rtentry2.o)
    0x000002c4   0x000002c4   0x00000006   Code   RO         3856    .ARM.Collect$$rtentry$$00000004  c_w.l(__rtentry4.o)
    0x000002ca   0x000002ca   0x00000000   Code   RO         3846    .ARM.Collect$$rtentry$$00000009  c_w.l(__rtentry2.o)
    0x000002ca   0x000002ca   0x00000004   Code   RO         3847    .ARM.Collect$$rtentry$$0000000A  c_w.l(__rtentry2.o)
    0x000002ce   0x000002ce   0x00000000   Code   RO         3849    .ARM.Collect$$rtentry$$0000000C  c_w.l(__rtentry2.o)
    0x000002ce   0x000002ce   0x00000008   Code   RO         3850    .ARM.Collect$$rtentry$$0000000D  c_w.l(__rtentry2.o)
    0x000002d6   0x000002d6   0x00000002   Code   RO         3873    .ARM.Collect$$rtexit$$00000000  c_w.l(rtexit.o)
    0x000002d8   0x000002d8   0x00000000   Code   RO         3921    .ARM.Collect$$rtexit$$00000002  c_w.l(rtexit2.o)
    0x000002d8   0x000002d8   0x00000004   Code   RO         3922    .ARM.Collect$$rtexit$$00000003  c_w.l(rtexit2.o)
    0x000002dc   0x000002dc   0x00000006   Code   RO         3923    .ARM.Collect$$rtexit$$00000004  c_w.l(rtexit2.o)
    0x000002e2   0x000002e2   0x00000002   PAD
    0x000002e4   0x000002e4   0x0000001c   Code   RO         1600    .emb_text           retarget.o
    0x00000300   0x00000300   0x00000084   Code   RO         1691    .text               startup_m480.o
    0x00000384   0x00000384   0x00000018   Code   RO         3751    .text               c_w.l(noretval__2printf.o)
    0x0000039c   0x0000039c   0x00000028   Code   RO         3753    .text               c_w.l(noretval__2sprintf.o)
    0x000003c4   0x000003c4   0x0000004e   Code   RO         3757    .text               c_w.l(_printf_pad.o)
    0x00000412   0x00000412   0x00000002   PAD
    0x00000414   0x00000414   0x00000078   Code   RO         3759    .text               c_w.l(_printf_dec.o)
    0x0000048c   0x0000048c   0x00000058   Code   RO         3764    .text               c_w.l(_printf_hex_int.o)
    0x000004e4   0x000004e4   0x00000138   Code   RO         3794    .text               c_w.l(__printf_flags_wp.o)
    0x0000061c   0x0000061c   0x00000048   Code   RO         3805    .text               c_w.l(strcpy.o)
    0x00000664   0x00000664   0x0000003e   Code   RO         3807    .text               c_w.l(strlen.o)
    0x000006a2   0x000006a2   0x00000084   Code   RO         3809    .text               c_w.l(rt_memmove_v6.o)
    0x00000726   0x00000726   0x00000008   Code   RO         3811    .text               c_w.l(memcpy.o)
    0x0000072e   0x0000072e   0x00000064   Code   RO         3813    .text               c_w.l(rt_memcpy_w.o)
    0x00000792   0x00000792   0x00000016   Code   RO         3815    .text               c_w.l(memset.o)
    0x000007a8   0x000007a8   0x0000004e   Code   RO         3819    .text               c_w.l(rt_memclr_w.o)
    0x000007f6   0x000007f6   0x00000002   PAD
    0x000007f8   0x000007f8   0x00000080   Code   RO         3821    .text               c_w.l(strcmpv7m.o)
    0x00000878   0x00000878   0x00000006   Code   RO         3823    .text               c_w.l(heapauxi.o)
    0x0000087e   0x0000087e   0x000000b2   Code   RO         3828    .text               c_w.l(_printf_intcommon.o)
    0x00000930   0x00000930   0x00000030   Code   RO         3830    .text               c_w.l(_printf_char_common.o)
    0x00000960   0x00000960   0x0000000a   Code   RO         3832    .text               c_w.l(_sputc.o)
    0x0000096a   0x0000096a   0x00000002   PAD
    0x0000096c   0x0000096c   0x00000024   Code   RO         3834    .text               c_w.l(_printf_char_file.o)
    0x00000990   0x00000990   0x0000008a   Code   RO         3837    .text               c_w.l(rt_memcpy_v6.o)
    0x00000a1a   0x00000a1a   0x0000007a   Code   RO         3839    .text               c_w.l(rt_memmove_w.o)
    0x00000a94   0x00000a94   0x00000044   Code   RO         3841    .text               c_w.l(rt_memclr.o)
    0x00000ad8   0x00000ad8   0x0000004a   Code   RO         3860    .text               c_w.l(sys_stackheap_outer.o)
    0x00000b22   0x00000b22   0x00000012   Code   RO         3862    .text               c_w.l(exit.o)
    0x00000b34   0x00000b34   0x00000008   Code   RO         3870    .text               c_w.l(libspace.o)
    0x00000b3c   0x00000b3c   0x0000000c   Code   RO         3931    .text               c_w.l(sys_exit.o)
    0x00000b48   0x00000b48   0x00000002   Code   RO         3942    .text               c_w.l(use_no_semi.o)
    0x00000b4a   0x00000b4a   0x00000000   Code   RO         3944    .text               c_w.l(indicate_semi.o)
    0x00000b4a   0x00000b4a   0x00000002   PAD
    0x00000b4c   0x00000b4c   0x00000018   Code   RO            6    i.CLK_DisablePLL    clk.o
    0x00000b64   0x00000b64   0x00000028   Code   RO           11    i.CLK_EnableModuleClock  clk.o
    0x00000b8c   0x00000b8c   0x00000194   Code   RO           12    i.CLK_EnablePLL     clk.o
    0x00000d20   0x00000d20   0x00000014   Code   RO           15    i.CLK_EnableXtalRC  clk.o
    0x00000d34   0x00000d34   0x00000074   Code   RO           24    i.CLK_GetPLLClockFreq  clk.o
    0x00000da8   0x00000da8   0x000000a4   Code   RO           28    i.CLK_SetCoreClock  clk.o
    0x00000e4c   0x00000e4c   0x0000007c   Code   RO           29    i.CLK_SetHCLK       clk.o
    0x00000ec8   0x00000ec8   0x00000018   Code   RO           32    i.CLK_SetSysTickClockSrc  clk.o
    0x00000ee0   0x00000ee0   0x00000034   Code   RO          884    i.CLK_SysTickDelay  lcdconf.o
    0x00000f14   0x00000f14   0x0000002c   Code   RO           33    i.CLK_WaitClockReady  clk.o
    0x00000f40   0x00000f40   0x00000008   Code   RO         1493    i.Display_Init      display.o
    0x00000f48   0x00000f48   0x00000020   Code   RO         1494    i.Display_buf       display.o
    0x00000f68   0x00000f68   0x000000e8   Code   RO          885    i.EBI_FuncPinInit   lcdconf.o
    0x00001050   0x00001050   0x00000194   Code   RO          544    i.EBI_Open          ebi.o
    0x000011e4   0x000011e4   0x00000014   Code   RO          580    i.FMC_Close         fmc.o
    0x000011f8   0x000011f8   0x00000014   Code   RO          590    i.FMC_Open          fmc.o
    0x0000120c   0x0000120c   0x00000032   Code   RO          750    i.GPIO_SetMode      gpio.o
    0x0000123e   0x0000123e   0x00000002   PAD
    0x00001240   0x00001240   0x00000050   Code   RO         1424    i.GPIO_init         main.o
    0x00001290   0x00001290   0x00000040   Code   RO         2169    i.GUIDRV_FlexColor_Config  NUemWin_CM4_Keil.lib(GUIDRV_FlexColor.o)
    0x000012d0   0x000012d0   0x00000032   Code   RO         2170    i.GUIDRV_FlexColor_SetFunc  NUemWin_CM4_Keil.lib(GUIDRV_FlexColor.o)
    0x00001302   0x00001302   0x00000002   PAD
    0x00001304   0x00001304   0x00000068   Code   RO         2298    i.GUIDRV_FlexColor_SetFunc66709  NUemWin_CM4_Keil.lib(GUIDRV_FlexColor_Func66709.o)
    0x0000136c   0x0000136c   0x00000068   Code   RO         2288    i.GUIDRV_FlexColor_SetMode16bppC0B16  NUemWin_CM4_Keil.lib(GUIDRV_FlexColor_16bpp_C0B16.o)
    0x000013d4   0x000013d4   0x00000060   Code   RO         2299    i.GUIDRV_FlexColor_SetReadFunc66709_B16  NUemWin_CM4_Keil.lib(GUIDRV_FlexColor_Func66709.o)
    0x00001434   0x00001434   0x000000ba   Code   RO         2176    i.GUIDRV_FlexColor__GetPixelIndexNoCache  NUemWin_CM4_Keil.lib(GUIDRV_FlexColor.o)
    0x000014ee   0x000014ee   0x00000002   PAD
    0x000014f0   0x000014f0   0x00000040   Code   RO         2177    i.GUIDRV_FlexColor__InitOnce  NUemWin_CM4_Keil.lib(GUIDRV_FlexColor.o)
    0x00001530   0x00001530   0x0000003c   Code   RO         2182    i.GUIDRV_FlexColor__SetLog2Phys  NUemWin_CM4_Keil.lib(GUIDRV_FlexColor.o)
    0x0000156c   0x0000156c   0x0000009a   Code   RO         2184    i.GUIDRV_FlexColor__SetPixelIndexNoCache  NUemWin_CM4_Keil.lib(GUIDRV_FlexColor.o)
    0x00001606   0x00001606   0x00000002   PAD
    0x00001608   0x00001608   0x00000138   Code   RO         2462    i.GUIMONO_DispChar  NUemWin_CM4_Keil.lib(GUI_CharM.o)
    0x00001740   0x00001740   0x00000018   Code   RO         2463    i.GUIMONO_GetCharDistX  NUemWin_CM4_Keil.lib(GUI_CharM.o)
    0x00001758   0x00001758   0x00000006   Code   RO         2464    i.GUIMONO_GetFontInfo  NUemWin_CM4_Keil.lib(GUI_CharM.o)
    0x0000175e   0x0000175e   0x00000038   Code   RO         2465    i.GUIMONO_IsInFont  NUemWin_CM4_Keil.lib(GUI_CharM.o)
    0x00001796   0x00001796   0x00000002   PAD
    0x00001798   0x00001798   0x000000f0   Code   RO         2470    i.GUIPROP_DispChar  NUemWin_CM4_Keil.lib(GUI_CharP.o)
    0x00001888   0x00001888   0x00000060   Code   RO         2471    i.GUIPROP_GetCharDistX  NUemWin_CM4_Keil.lib(GUI_CharP.o)
    0x000018e8   0x000018e8   0x00000006   Code   RO         2472    i.GUIPROP_GetFontInfo  NUemWin_CM4_Keil.lib(GUI_CharP.o)
    0x000018ee   0x000018ee   0x00000024   Code   RO         2473    i.GUIPROP_IsInFont  NUemWin_CM4_Keil.lib(GUI_CharP.o)
    0x00001912   0x00001912   0x0000000a   Code   RO         1743    i.GUI_ALLOC_AllocNoInit  NUemWin_CM4_Keil.lib(GUI_Alloc.o)
    0x0000191c   0x0000191c   0x00000070   Code   RO         1744    i.GUI_ALLOC_AllocZero  NUemWin_CM4_Keil.lib(GUI_Alloc.o)
    0x0000198c   0x0000198c   0x00000010   Code   RO         1745    i.GUI_ALLOC_AssignMemory  NUemWin_CM4_Keil.lib(GUI_Alloc.o)
    0x0000199c   0x0000199c   0x00000038   Code   RO         1747    i.GUI_ALLOC_Free    NUemWin_CM4_Keil.lib(GUI_Alloc.o)
    0x000019d4   0x000019d4   0x0000001c   Code   RO         1748    i.GUI_ALLOC_FreeFixedBlock  NUemWin_CM4_Keil.lib(GUI_Alloc.o)
    0x000019f0   0x000019f0   0x000000b0   Code   RO         1751    i.GUI_ALLOC_GetFixedBlock  NUemWin_CM4_Keil.lib(GUI_Alloc.o)
    0x00001aa0   0x00001aa0   0x00000028   Code   RO         1761    i.GUI_ALLOC_LockH   NUemWin_CM4_Keil.lib(GUI_Alloc.o)
    0x00001ac8   0x00001ac8   0x00000030   Code   RO         1768    i.GUI_ALLOC_UnlockH  NUemWin_CM4_Keil.lib(GUI_Alloc.o)
    0x00001af8   0x00001af8   0x00000014   Code   RO         1769    i.GUI_ALLOC_h2p     NUemWin_CM4_Keil.lib(GUI_Alloc.o)
    0x00001b0c   0x00001b0c   0x0000003e   Code   RO         1820    i.GUI_CalcColorDist  NUemWin_CM4_Keil.lib(GUI_Common.o)
    0x00001b4a   0x00001b4a   0x00000002   PAD
    0x00001b4c   0x00001b4c   0x00000068   Code   RO         1988    i.GUI_Clear         NUemWin_CM4_Keil.lib(GUI_Core.o)
    0x00001bb4   0x00001bb4   0x00000070   Code   RO         2061    i.GUI_DEVICE_CreateAndLink  NUemWin_CM4_Keil.lib(GUI_Device.o)
    0x00001c24   0x00001c24   0x00000004   Code   RO         2062    i.GUI_DEVICE_Delete  NUemWin_CM4_Keil.lib(GUI_Device.o)
    0x00001c28   0x00001c28   0x000000a4   Code   RO         2063    i.GUI_DEVICE_Link   NUemWin_CM4_Keil.lib(GUI_Device.o)
    0x00001ccc   0x00001ccc   0x0000003c   Code   RO         2065    i.GUI_DEVICE_Unlink  NUemWin_CM4_Keil.lib(GUI_Device.o)
    0x00001d08   0x00001d08   0x00000028   Code   RO         2068    i.GUI_DEVICE__GetpDriver  NUemWin_CM4_Keil.lib(GUI_Device.o)
    0x00001d30   0x00001d30   0x00000104   Code   RO         2078    i.GUI_DispString    NUemWin_CM4_Keil.lib(GUI_DispString.o)
    0x00001e34   0x00001e34   0x00000010   Code   RO         2079    i.GUI_DispStringAt  NUemWin_CM4_Keil.lib(GUI_DispString.o)
    0x00001e44   0x00001e44   0x00000014   Code   RO         2686    i.GUI_GetBitsPerPixelEx  NUemWin_CM4_Keil.lib(LCD_GetEx.o)
    0x00001e58   0x00001e58   0x0000000e   Code   RO         1835    i.GUI_GetBkColor    NUemWin_CM4_Keil.lib(GUI_Common.o)
    0x00001e66   0x00001e66   0x00000002   PAD
    0x00001e68   0x00001e68   0x00000010   Code   RO         2441    i.GUI_GetCharDistX  NUemWin_CM4_Keil.lib(GUI_Char.o)
    0x00001e78   0x00001e78   0x00000010   Code   RO         2442    i.GUI_GetCharDistXEx  NUemWin_CM4_Keil.lib(GUI_Char.o)
    0x00001e88   0x00001e88   0x0000000e   Code   RO         1838    i.GUI_GetColor      NUemWin_CM4_Keil.lib(GUI_Common.o)
    0x00001e96   0x00001e96   0x00000002   PAD
    0x00001e98   0x00001e98   0x00000010   Code   RO         2443    i.GUI_GetFontDistY  NUemWin_CM4_Keil.lib(GUI_Char.o)
    0x00001ea8   0x00001ea8   0x00000034   Code   RO         2444    i.GUI_GetYAdjust    NUemWin_CM4_Keil.lib(GUI_Char.o)
    0x00001edc   0x00001edc   0x00000010   Code   RO         2687    i.GUI_GetpfColor2IndexEx  NUemWin_CM4_Keil.lib(LCD_GetEx.o)
    0x00001eec   0x00001eec   0x00000010   Code   RO         2688    i.GUI_GetpfIndex2ColorEx  NUemWin_CM4_Keil.lib(LCD_GetEx.o)
    0x00001efc   0x00001efc   0x00000010   Code   RO         1860    i.GUI_GotoXY        NUemWin_CM4_Keil.lib(GUI_Common.o)
    0x00001f0c   0x00001f0c   0x00000164   Code   RO         1997    i.GUI_Init          NUemWin_CM4_Keil.lib(GUI_Core.o)
    0x00002070   0x00002070   0x00000044   Code   RO         3227    i.GUI_MEMDEV_Delete  NUemWin_CM4_Keil.lib(GUIDEV.o)
    0x000020b4   0x000020b4   0x00000024   Code   RO         3228    i.GUI_MEMDEV_GetBitsPerPixel  NUemWin_CM4_Keil.lib(GUIDEV.o)
    0x000020d8   0x000020d8   0x0000001c   Code   RO         3538    i.GUI_MEMDEV_GetDataPtr  NUemWin_CM4_Keil.lib(GUIDEV_GetDataPtr.o)
    0x000020f4   0x000020f4   0x0000081c   Code   RO         3273    i.GUI_MEMDEV__WriteToActiveOpaque  NUemWin_CM4_Keil.lib(GUIDEV_WriteToActiveOpaque.o)
    0x00002910   0x00002910   0x0000005c   Code   RO         1866    i.GUI_MergeRect     NUemWin_CM4_Keil.lib(GUI_Common.o)
    0x0000296c   0x0000296c   0x00000020   Code   RO         1867    i.GUI_MoveRect      NUemWin_CM4_Keil.lib(GUI_Common.o)
    0x0000298c   0x0000298c   0x00000038   Code   RO         1868    i.GUI_RectsIntersect  NUemWin_CM4_Keil.lib(GUI_Common.o)
    0x000029c4   0x000029c4   0x00000012   Code   RO         1872    i.GUI_SelectLCD     NUemWin_CM4_Keil.lib(GUI_Common.o)
    0x000029d6   0x000029d6   0x00000002   PAD
    0x000029d8   0x000029d8   0x00000024   Code   RO         3111    i.GUI_SelectLayer   NUemWin_CM4_Keil.lib(GUI_SelectLayer.o)
    0x000029fc   0x000029fc   0x00000004   Code   RO         1873    i.GUI_SetBkColor    NUemWin_CM4_Keil.lib(GUI_Common.o)
    0x00002a00   0x00002a00   0x00000004   Code   RO         1876    i.GUI_SetColor      NUemWin_CM4_Keil.lib(GUI_Common.o)
    0x00002a04   0x00002a04   0x0000000c   Code   RO         2003    i.GUI_SetDefaultFont  NUemWin_CM4_Keil.lib(GUI_Core.o)
    0x00002a10   0x00002a10   0x00000014   Code   RO         1881    i.GUI_SetFont       NUemWin_CM4_Keil.lib(GUI_Common.o)
    0x00002a24   0x00002a24   0x00000034   Code   RO         1884    i.GUI_SetOrg        NUemWin_CM4_Keil.lib(GUI_Common.o)
    0x00002a58   0x00002a58   0x00000010   Code   RO         2541    i.GUI_SignalEvent   NUemWin_CM4_Keil.lib(GUI_WaitEvent.o)
    0x00002a68   0x00002a68   0x00000014   Code   RO         2499    i.GUI_StoreKey      NUemWin_CM4_Keil.lib(GUI_OnKey.o)
    0x00002a7c   0x00002a7c   0x0000002c   Code   RO         2515    i.GUI_UC__GetCharCodeInc  NUemWin_CM4_Keil.lib(GUI_UC.o)
    0x00002aa8   0x00002aa8   0x0000002c   Code   RO         2517    i.GUI_UC__NumChars2NumBytes  NUemWin_CM4_Keil.lib(GUI_UC.o)
    0x00002ad4   0x00002ad4   0x00000028   Code   RO         3267    i.GUI_USAGE_AddRect  NUemWin_CM4_Keil.lib(GUIDEV_Usage.o)
    0x00002afc   0x00002afc   0x00000024   Code   RO         3268    i.GUI_USAGE_DecUseCnt  NUemWin_CM4_Keil.lib(GUIDEV_Usage.o)
    0x00002b20   0x00002b20   0x0000001c   Code   RO          868    i.GUI_X_Config      guiconf.o
    0x00002b3c   0x00002b3c   0x00000002   Code   RO          795    i.GUI_X_ExecIdle    gui_x.o
    0x00002b3e   0x00002b3e   0x00000002   Code   RO          797    i.GUI_X_Init        gui_x.o
    0x00002b40   0x00002b40   0x0000018c   Code   RO         3487    i.GUI__CompactPixelIndices  NUemWin_CM4_Keil.lib(GUI__CompactPixelIndices.o)
    0x00002ccc   0x00002ccc   0x000001e4   Code   RO         2451    i.GUI__DispLine     NUemWin_CM4_Keil.lib(GUI_CharLine.o)
    0x00002eb0   0x00002eb0   0x00000078   Code   RO         2452    i.GUI__GetLineDistX  NUemWin_CM4_Keil.lib(GUI_CharLine.o)
    0x00002f28   0x00002f28   0x00000044   Code   RO         2453    i.GUI__GetLineNumChars  NUemWin_CM4_Keil.lib(GUI_CharLine.o)
    0x00002f6c   0x00002f6c   0x00000042   Code   RO         2560    i.GUI__IntersectRect  NUemWin_CM4_Keil.lib(GUI__Private.o)
    0x00002fae   0x00002fae   0x00000052   Code   RO         2561    i.GUI__IntersectRects  NUemWin_CM4_Keil.lib(GUI__Private.o)
    0x00003000   0x00003000   0x00000010   Code   RO         3182    i.GUI__ManageCache  NUemWin_CM4_Keil.lib(GUI__ManageCache.o)
    0x00003010   0x00003010   0x000000e8   Code   RO         3183    i.GUI__ManageCacheEx  NUemWin_CM4_Keil.lib(GUI__ManageCache.o)
    0x000030f8   0x000030f8   0x00000010   Code   RO         2012    i.GUI__RegisterExit  NUemWin_CM4_Keil.lib(GUI_Core.o)
    0x00003108   0x00003108   0x000000a6   Code   RO         2569    i.GUI__memset16     NUemWin_CM4_Keil.lib(GUI__Private.o)
    0x000031ae   0x000031ae   0x00000002   PAD
    0x000031b0   0x000031b0   0x0000002c   Code   RO         1602    i.Hard_Fault_Handler  retarget.o
    0x000031dc   0x000031dc   0x000002d4   Code   RO          886    i.ILI9341_Initial   lcdconf.o
    0x000034b0   0x000034b0   0x00000098   Code   RO         1425    i.JoyStick          main.o
    0x00003548   0x00003548   0x0000001c   Code   RO         2619    i.LCD_Color2Index   NUemWin_CM4_Keil.lib(LCD.o)
    0x00003564   0x00003564   0x00000280   Code   RO         2620    i.LCD_DrawBitmap    NUemWin_CM4_Keil.lib(LCD.o)
    0x000037e4   0x000037e4   0x00000064   Code   RO         2621    i.LCD_DrawHLine     NUemWin_CM4_Keil.lib(LCD.o)
    0x00003848   0x00003848   0x00000070   Code   RO         2622    i.LCD_DrawPixel     NUemWin_CM4_Keil.lib(LCD.o)
    0x000038b8   0x000038b8   0x0000006c   Code   RO         2625    i.LCD_FillRect      NUemWin_CM4_Keil.lib(LCD.o)
    0x00003924   0x00003924   0x0000001e   Code   RO         2690    i.LCD_GetBitsPerPixelEx  NUemWin_CM4_Keil.lib(LCD_GetEx.o)
    0x00003942   0x00003942   0x00000002   PAD
    0x00003944   0x00003944   0x00000010   Code   RO         2682    i.LCD_GetBkColorIndex  NUemWin_CM4_Keil.lib(LCD_GetColorIndex.o)
    0x00003954   0x00003954   0x00000010   Code   RO         2683    i.LCD_GetColorIndex  NUemWin_CM4_Keil.lib(LCD_GetColorIndex.o)
    0x00003964   0x00003964   0x00000028   Code   RO         2697    i.LCD_GetNumColors  NUemWin_CM4_Keil.lib(LCD_GetEx.o)
    0x0000398c   0x0000398c   0x0000001e   Code   RO         2698    i.LCD_GetNumColorsEx  NUemWin_CM4_Keil.lib(LCD_GetEx.o)
    0x000039aa   0x000039aa   0x00000014   Code   RO         3216    i.LCD_GetNumLayers  NUemWin_CM4_Keil.lib(LCD_GetNumDisplays.o)
    0x000039be   0x000039be   0x00000002   PAD
    0x000039c0   0x000039c0   0x00000024   Code   RO         2699    i.LCD_GetPalette    NUemWin_CM4_Keil.lib(LCD_GetEx.o)
    0x000039e4   0x000039e4   0x0000000c   Code   RO         2714    i.LCD_GetXSizeDisplay  NUemWin_CM4_Keil.lib(LCD_GetEx.o)
    0x000039f0   0x000039f0   0x00000022   Code   RO         2716    i.LCD_GetXSizeMax   NUemWin_CM4_Keil.lib(LCD_GetEx.o)
    0x00003a12   0x00003a12   0x00000002   PAD
    0x00003a14   0x00003a14   0x0000000c   Code   RO         2720    i.LCD_GetYSizeDisplay  NUemWin_CM4_Keil.lib(LCD_GetEx.o)
    0x00003a20   0x00003a20   0x00000022   Code   RO         2722    i.LCD_GetYSizeMax   NUemWin_CM4_Keil.lib(LCD_GetEx.o)
    0x00003a42   0x00003a42   0x00000002   PAD
    0x00003a44   0x00003a44   0x00000074   Code   RO         2665    i.LCD_GetpPalConvTableBM  NUemWin_CM4_Keil.lib(LCD_Color.o)
    0x00003ab8   0x00003ab8   0x0000001c   Code   RO         2626    i.LCD_Index2Color   NUemWin_CM4_Keil.lib(LCD.o)
    0x00003ad4   0x00003ad4   0x00000030   Code   RO         1731    i.LCD_Index2Color_565  NUemWin_CM4_Keil.lib(GUICC_565.o)
    0x00003b04   0x00003b04   0x000000ac   Code   RO         2627    i.LCD_Init          NUemWin_CM4_Keil.lib(LCD.o)
    0x00003bb0   0x00003bb0   0x00000038   Code   RO         2667    i.LCD_InitColors    NUemWin_CM4_Keil.lib(LCD_Color.o)
    0x00003be8   0x00003be8   0x00000088   Code   RO         2668    i.LCD_InitLUT       NUemWin_CM4_Keil.lib(LCD_Color.o)
    0x00003c70   0x00003c70   0x0000000c   Code   RO          887    i.LCD_RD_DATA       lcdconf.o
    0x00003c7c   0x00003c7c   0x00000048   Code   RO         2801    i.LCD_SelectLCD     NUemWin_CM4_Keil.lib(LCD_SelectLCD.o)
    0x00003cc4   0x00003cc4   0x0000000c   Code   RO         2629    i.LCD_SetBkColor    NUemWin_CM4_Keil.lib(LCD.o)
    0x00003cd0   0x00003cd0   0x00000018   Code   RO         2630    i.LCD_SetBkColorIndex  NUemWin_CM4_Keil.lib(LCD.o)
    0x00003ce8   0x00003ce8   0x00000034   Code   RO         3221    i.LCD_SetClipRectEx  NUemWin_CM4_Keil.lib(LCD_SetClipRectEx.o)
    0x00003d1c   0x00003d1c   0x0000001c   Code   RO         2631    i.LCD_SetClipRectMax  NUemWin_CM4_Keil.lib(LCD.o)
    0x00003d38   0x00003d38   0x0000000c   Code   RO         2632    i.LCD_SetColor      NUemWin_CM4_Keil.lib(LCD.o)
    0x00003d44   0x00003d44   0x00000018   Code   RO         2633    i.LCD_SetColorIndex  NUemWin_CM4_Keil.lib(LCD.o)
    0x00003d5c   0x00003d5c   0x0000000c   Code   RO         2725    i.LCD_SetDisplaySize  NUemWin_CM4_Keil.lib(LCD_GetEx.o)
    0x00003d68   0x00003d68   0x0000000c   Code   RO         2634    i.LCD_SetDrawMode   NUemWin_CM4_Keil.lib(LCD.o)
    0x00003d74   0x00003d74   0x0000002c   Code   RO         2125    i.LCD_SetLUTEntryEx  NUemWin_CM4_Keil.lib(LCD_Set.o)
    0x00003da0   0x00003da0   0x0000002c   Code   RO         2130    i.LCD_SetSizeEx     NUemWin_CM4_Keil.lib(LCD_Set.o)
    0x00003dcc   0x00003dcc   0x0000002c   Code   RO         2134    i.LCD_SetVSizeEx    NUemWin_CM4_Keil.lib(LCD_Set.o)
    0x00003df8   0x00003df8   0x00000024   Code   RO         2803    i.LCD_UpdateColorIndices  NUemWin_CM4_Keil.lib(LCD_UpdateColorIndices.o)
    0x00003e1c   0x00003e1c   0x0000000c   Code   RO          888    i.LCD_WR_DATA       lcdconf.o
    0x00003e28   0x00003e28   0x00000014   Code   RO          889    i.LCD_WR_REG        lcdconf.o
    0x00003e3c   0x00003e3c   0x0000009c   Code   RO          890    i.LCD_X_Config      lcdconf.o
    0x00003ed8   0x00003ed8   0x00000024   Code   RO          891    i.LCD_X_DisplayDriver  lcdconf.o
    0x00003efc   0x00003efc   0x000001fc   Code   RO         2636    i.LCD__DrawBitmap_1bpp  NUemWin_CM4_Keil.lib(LCD.o)
    0x000040f8   0x000040f8   0x0000008e   Code   RO         2727    i.LCD__GetBPPDevice  NUemWin_CM4_Keil.lib(LCD_GetEx.o)
    0x00004186   0x00004186   0x00000002   PAD
    0x00004188   0x00004188   0x0000004c   Code   RO         1426    i.LED_showing       main.o
    0x000041d4   0x000041d4   0x00000018   Code   RO          892    i.LcdReadDataMultiple  lcdconf.o
    0x000041ec   0x000041ec   0x00000018   Code   RO          893    i.LcdWriteDataMultiple  lcdconf.o
    0x00004204   0x00004204   0x0000006c   Code   RO         1526    i.SYS_Init          system_init.o
    0x00004270   0x00004270   0x0000000c   Code   RO         1604    i.SendChar          retarget.o
    0x0000427c   0x0000427c   0x00000030   Code   RO         1605    i.SendChar_ToUART   retarget.o
    0x000042ac   0x000042ac   0x00000064   Code   RO         1698    i.SystemCoreClockUpdate  system_m480.o
    0x00004310   0x00004310   0x00000094   Code   RO         1699    i.SystemInit        system_m480.o
    0x000043a4   0x000043a4   0x0000002c   Code   RO         1556    i.TMR0_IRQHandler   tmr.o
    0x000043d0   0x000043d0   0x000000a0   Code   RO         1557    i.TMR0_Initial      tmr.o
    0x00004470   0x00004470   0x00000010   Code   RO         2830    i.WM_Activate       NUemWin_CM4_Keil.lib(WM.o)
    0x00004480   0x00004480   0x0000008c   Code   RO         2932    i.WM_BringToBottom  NUemWin_CM4_Keil.lib(WM_Lib.o)
    0x0000450c   0x0000450c   0x0000016c   Code   RO         2832    i.WM_CreateWindowAsChild  NUemWin_CM4_Keil.lib(WM.o)
    0x00004678   0x00004678   0x00000048   Code   RO         2834    i.WM_DefaultProc    NUemWin_CM4_Keil.lib(WM.o)
    0x000046c0   0x000046c0   0x0000000c   Code   RO         2945    i.WM_GetDesktopWindow  NUemWin_CM4_Keil.lib(WM_Lib.o)
    0x000046cc   0x000046cc   0x00000010   Code   RO         2948    i.WM_GetFirstChild  NUemWin_CM4_Keil.lib(WM_Lib.o)
    0x000046dc   0x000046dc   0x00000010   Code   RO         2961    i.WM_GetParent      NUemWin_CM4_Keil.lib(WM_Lib.o)
    0x000046ec   0x000046ec   0x000000c0   Code   RO         2840    i.WM_Init           NUemWin_CM4_Keil.lib(WM.o)
    0x000047ac   0x000047ac   0x000000d4   Code   RO         2841    i.WM_InvalidateRect  NUemWin_CM4_Keil.lib(WM.o)
    0x00004880   0x00004880   0x0000006e   Code   RO         2843    i.WM_InvalidateWindowAndDescsEx  NUemWin_CM4_Keil.lib(WM.o)
    0x000048ee   0x000048ee   0x00000026   Code   RO         2988    i.WM_SendToParent   NUemWin_CM4_Keil.lib(WM_Lib.o)
    0x00004914   0x00004914   0x000000d0   Code   RO         2847    i.WM__ActivateClipRect  NUemWin_CM4_Keil.lib(WM.o)
    0x000049e4   0x000049e4   0x00000010   Code   RO         3316    i.WM__AddCriticalHandle  NUemWin_CM4_Keil.lib(WM__Private.o)
    0x000049f4   0x000049f4   0x00000054   Code   RO         2849    i.WM__ClipAtParentBorders  NUemWin_CM4_Keil.lib(WM.o)
    0x00004a48   0x00004a48   0x00000020   Code   RO         3318    i.WM__GetClientRectEx  NUemWin_CM4_Keil.lib(WM__Private.o)
    0x00004a68   0x00004a68   0x00000018   Code   RO         2852    i.WM__GetClientRectWin  NUemWin_CM4_Keil.lib(WM.o)
    0x00004a80   0x00004a80   0x0000033c   Code   RO         2853    i.WM__GetNextIVR    NUemWin_CM4_Keil.lib(WM.o)
    0x00004dbc   0x00004dbc   0x00000030   Code   RO         3324    i.WM__GetPrevSibling  NUemWin_CM4_Keil.lib(WM__Private.o)
    0x00004dec   0x00004dec   0x00000104   Code   RO         2854    i.WM__InitIVRSearch  NUemWin_CM4_Keil.lib(WM.o)
    0x00004ef0   0x00004ef0   0x000000b6   Code   RO         2855    i.WM__InsertWindowIntoList  NUemWin_CM4_Keil.lib(WM.o)
    0x00004fa6   0x00004fa6   0x00000002   PAD
    0x00004fa8   0x00004fa8   0x00000058   Code   RO         2857    i.WM__InvalidateDrawAndDescs  NUemWin_CM4_Keil.lib(WM.o)
    0x00005000   0x00005000   0x000000d2   Code   RO         2859    i.WM__InvalidateRect  NUemWin_CM4_Keil.lib(WM.o)
    0x000050d2   0x000050d2   0x00000006   Code   RO         2860    i.WM__InvalidateRectEx  NUemWin_CM4_Keil.lib(WM.o)
    0x000050d8   0x000050d8   0x0000003c   Code   RO         3332    i.WM__SendMessage   NUemWin_CM4_Keil.lib(WM__Private.o)
    0x00005114   0x00005114   0x000000bc   Code   RO         1771    i._AddFreeMemory    NUemWin_CM4_Keil.lib(GUI_Alloc.o)
    0x000051d0   0x000051d0   0x000001e4   Code   RO         1772    i._Alloc            NUemWin_CM4_Keil.lib(GUI_Alloc.o)
    0x000053b4   0x000053b4   0x00000004   Code   RO         2528    i._CalcSizeOfChar   NUemWin_CM4_Keil.lib(GUI_UC_EncodeNone.o)
    0x000053b8   0x000053b8   0x00000080   Code   RO         1732    i._Color2IndexBulk  NUemWin_CM4_Keil.lib(GUICC_565.o)
    0x00005438   0x00005438   0x0000006e   Code   RO         3098    i._Color2Index_0    NUemWin_CM4_Keil.lib(GUICC_0.o)
    0x000054a6   0x000054a6   0x00000002   PAD
    0x000054a8   0x000054a8   0x0000002c   Code   RO         1733    i._Color2Index_565  NUemWin_CM4_Keil.lib(GUICC_565.o)
    0x000054d4   0x000054d4   0x00000022   Code   RO         2186    i._DrawBitmap       NUemWin_CM4_Keil.lib(GUIDRV_FlexColor.o)
    0x000054f6   0x000054f6   0x00000002   PAD
    0x000054f8   0x000054f8   0x000004f8   Code   RO         2289    i._DrawBitmap       NUemWin_CM4_Keil.lib(GUIDRV_FlexColor_16bpp_C0B16.o)
    0x000059f0   0x000059f0   0x00000820   Code   RO         2805    i._DrawBitmap       NUemWin_CM4_Keil.lib(GUIDEV_16.o)
    0x00006210   0x00006210   0x00000010   Code   RO         2187    i._DrawHLine        NUemWin_CM4_Keil.lib(GUIDRV_FlexColor.o)
    0x00006220   0x00006220   0x0000000a   Code   RO         2806    i._DrawHLine        NUemWin_CM4_Keil.lib(GUIDEV_16.o)
    0x0000622a   0x0000622a   0x00000012   Code   RO         2188    i._DrawVLine        NUemWin_CM4_Keil.lib(GUIDRV_FlexColor.o)
    0x0000623c   0x0000623c   0x00000114   Code   RO         2807    i._DrawVLine        NUemWin_CM4_Keil.lib(GUIDEV_16.o)
    0x00006350   0x00006350   0x00000006   Code   RO         2529    i._Encode           NUemWin_CM4_Keil.lib(GUI_UC_EncodeNone.o)
    0x00006356   0x00006356   0x00000002   PAD
    0x00006358   0x00006358   0x000000c8   Code   RO         1773    i._EnlargeBlocks    NUemWin_CM4_Keil.lib(GUI_Alloc.o)
    0x00006420   0x00006420   0x00000012   Code   RO         2189    i._FillRect         NUemWin_CM4_Keil.lib(GUIDRV_FlexColor.o)
    0x00006432   0x00006432   0x00000002   PAD
    0x00006434   0x00006434   0x0000014c   Code   RO         2290    i._FillRect         NUemWin_CM4_Keil.lib(GUIDRV_FlexColor_16bpp_C0B16.o)
    0x00006580   0x00006580   0x000000f4   Code   RO         2808    i._FillRect         NUemWin_CM4_Keil.lib(GUIDEV_16.o)
    0x00006674   0x00006674   0x0000008a   Code   RO         2870    i._Findx0           NUemWin_CM4_Keil.lib(WM.o)
    0x000066fe   0x000066fe   0x00000080   Code   RO         2871    i._Findx1           NUemWin_CM4_Keil.lib(WM.o)
    0x0000677e   0x0000677e   0x000000b4   Code   RO         2872    i._Findy1           NUemWin_CM4_Keil.lib(WM.o)
    0x00006832   0x00006832   0x00000004   Code   RO         2530    i._GetCharCode      NUemWin_CM4_Keil.lib(GUI_UC_EncodeNone.o)
    0x00006836   0x00006836   0x00000004   Code   RO         2531    i._GetCharSize      NUemWin_CM4_Keil.lib(GUI_UC_EncodeNone.o)
    0x0000683a   0x0000683a   0x0000000c   Code   RO         2190    i._GetDevData       NUemWin_CM4_Keil.lib(GUIDRV_FlexColor.o)
    0x00006846   0x00006846   0x00000002   PAD
    0x00006848   0x00006848   0x00000010   Code   RO         2809    i._GetDevData       NUemWin_CM4_Keil.lib(GUIDEV_16.o)
    0x00006858   0x00006858   0x0000009c   Code   RO         2191    i._GetDevFunc       NUemWin_CM4_Keil.lib(GUIDRV_FlexColor.o)
    0x000068f4   0x000068f4   0x00000010   Code   RO         2810    i._GetDevFunc       NUemWin_CM4_Keil.lib(GUIDEV_16.o)
    0x00006904   0x00006904   0x0000003c   Code   RO         2192    i._GetDevFunc_Exit  NUemWin_CM4_Keil.lib(GUIDRV_FlexColor.o)
    0x00006940   0x00006940   0x00000058   Code   RO         2193    i._GetDevFunc_Init  NUemWin_CM4_Keil.lib(GUIDRV_FlexColor.o)
    0x00006998   0x00006998   0x00000016   Code   RO         2194    i._GetDevFunc_Off   NUemWin_CM4_Keil.lib(GUIDRV_FlexColor.o)
    0x000069ae   0x000069ae   0x00000016   Code   RO         2195    i._GetDevFunc_On    NUemWin_CM4_Keil.lib(GUIDRV_FlexColor.o)
    0x000069c4   0x000069c4   0x00000002   Code   RO         2196    i._GetDevFunc_SetRect  NUemWin_CM4_Keil.lib(GUIDRV_FlexColor.o)
    0x000069c6   0x000069c6   0x00000002   PAD
    0x000069c8   0x000069c8   0x00000048   Code   RO         2197    i._GetDevFunc_SetRectOutside  NUemWin_CM4_Keil.lib(GUIDRV_FlexColor.o)
    0x00006a10   0x00006a10   0x00000014   Code   RO         2198    i._GetDevFunc_SetSize  NUemWin_CM4_Keil.lib(GUIDRV_FlexColor.o)
    0x00006a24   0x00006a24   0x00000014   Code   RO         2199    i._GetDevFunc_SetVSize  NUemWin_CM4_Keil.lib(GUIDRV_FlexColor.o)
    0x00006a38   0x00006a38   0x00000066   Code   RO         2200    i._GetDevProp       NUemWin_CM4_Keil.lib(GUIDRV_FlexColor.o)
    0x00006a9e   0x00006a9e   0x0000001a   Code   RO         2811    i._GetDevProp       NUemWin_CM4_Keil.lib(GUIDEV_16.o)
    0x00006ab8   0x00006ab8   0x00000052   Code   RO         3099    i._GetIndexMask_0   NUemWin_CM4_Keil.lib(GUICC_0.o)
    0x00006b0a   0x00006b0a   0x00000006   Code   RO         1734    i._GetIndexMask_565  NUemWin_CM4_Keil.lib(GUICC_565.o)
    0x00006b10   0x00006b10   0x00000008   Code   RO         2201    i._GetPixelIndex    NUemWin_CM4_Keil.lib(GUIDRV_FlexColor.o)
    0x00006b18   0x00006b18   0x0000003c   Code   RO         2812    i._GetPixelIndex    NUemWin_CM4_Keil.lib(GUIDEV_16.o)
    0x00006b54   0x00006b54   0x00000016   Code   RO         2202    i._GetRect          NUemWin_CM4_Keil.lib(GUIDRV_FlexColor.o)
    0x00006b6a   0x00006b6a   0x00000034   Code   RO         2813    i._GetRect          NUemWin_CM4_Keil.lib(GUIDEV_16.o)
    0x00006b9e   0x00006b9e   0x00000002   PAD
    0x00006ba0   0x00006ba0   0x0000009c   Code   RO         1735    i._Index2ColorBulk  NUemWin_CM4_Keil.lib(GUICC_565.o)
    0x00006c3c   0x00006c3c   0x00000020   Code   RO         3100    i._Index2Color_0    NUemWin_CM4_Keil.lib(GUICC_0.o)
    0x00006c5c   0x00006c5c   0x00000084   Code   RO          894    i._InitController   lcdconf.o
    0x00006ce0   0x00006ce0   0x000000c0   Code   RO         1774    i._InitOnce         NUemWin_CM4_Keil.lib(GUI_Alloc.o)
    0x00006da0   0x00006da0   0x000000b4   Code   RO         2873    i._Invalidate1Abs   NUemWin_CM4_Keil.lib(WM.o)
    0x00006e54   0x00006e54   0x00000004   Code   RO         2203    i._Log2PhysX_X0Y0S0  NUemWin_CM4_Keil.lib(GUIDRV_FlexColor.o)
    0x00006e58   0x00006e58   0x00000004   Code   RO         2204    i._Log2PhysX_X0Y0S1  NUemWin_CM4_Keil.lib(GUIDRV_FlexColor.o)
    0x00006e5c   0x00006e5c   0x00000004   Code   RO         2205    i._Log2PhysX_X0Y1S0  NUemWin_CM4_Keil.lib(GUIDRV_FlexColor.o)
    0x00006e60   0x00006e60   0x00000004   Code   RO         2206    i._Log2PhysX_X0Y1S1  NUemWin_CM4_Keil.lib(GUIDRV_FlexColor.o)
    0x00006e64   0x00006e64   0x00000008   Code   RO         2207    i._Log2PhysX_X1Y0S0  NUemWin_CM4_Keil.lib(GUIDRV_FlexColor.o)
    0x00006e6c   0x00006e6c   0x00000008   Code   RO         2208    i._Log2PhysX_X1Y0S1  NUemWin_CM4_Keil.lib(GUIDRV_FlexColor.o)
    0x00006e74   0x00006e74   0x00000008   Code   RO         2209    i._Log2PhysX_X1Y1S0  NUemWin_CM4_Keil.lib(GUIDRV_FlexColor.o)
    0x00006e7c   0x00006e7c   0x00000008   Code   RO         2210    i._Log2PhysX_X1Y1S1  NUemWin_CM4_Keil.lib(GUIDRV_FlexColor.o)
    0x00006e84   0x00006e84   0x00000004   Code   RO         2211    i._Log2PhysY_X0Y0S0  NUemWin_CM4_Keil.lib(GUIDRV_FlexColor.o)
    0x00006e88   0x00006e88   0x00000004   Code   RO         2212    i._Log2PhysY_X0Y0S1  NUemWin_CM4_Keil.lib(GUIDRV_FlexColor.o)
    0x00006e8c   0x00006e8c   0x00000008   Code   RO         2213    i._Log2PhysY_X0Y1S0  NUemWin_CM4_Keil.lib(GUIDRV_FlexColor.o)
    0x00006e94   0x00006e94   0x00000008   Code   RO         2214    i._Log2PhysY_X0Y1S1  NUemWin_CM4_Keil.lib(GUIDRV_FlexColor.o)
    0x00006e9c   0x00006e9c   0x00000004   Code   RO         2215    i._Log2PhysY_X1Y0S0  NUemWin_CM4_Keil.lib(GUIDRV_FlexColor.o)
    0x00006ea0   0x00006ea0   0x00000004   Code   RO         2216    i._Log2PhysY_X1Y0S1  NUemWin_CM4_Keil.lib(GUIDRV_FlexColor.o)
    0x00006ea4   0x00006ea4   0x00000008   Code   RO         2217    i._Log2PhysY_X1Y1S0  NUemWin_CM4_Keil.lib(GUIDRV_FlexColor.o)
    0x00006eac   0x00006eac   0x00000008   Code   RO         2218    i._Log2PhysY_X1Y1S1  NUemWin_CM4_Keil.lib(GUIDRV_FlexColor.o)
    0x00006eb4   0x00006eb4   0x00000002   Code   RO         2455    i._Log2VisBuffered  NUemWin_CM4_Keil.lib(GUI_CharLine.o)
    0x00006eb6   0x00006eb6   0x00000002   PAD
    0x00006eb8   0x00006eb8   0x00000038   Code   RO         2014    i._OnExit           NUemWin_CM4_Keil.lib(GUI_Core.o)
    0x00006ef0   0x00006ef0   0x00000018   Code   RO         2671    i._OnExit           NUemWin_CM4_Keil.lib(LCD_Color.o)
    0x00006f08   0x00006f08   0x00000070   Code   RO         2874    i._OnExit           NUemWin_CM4_Keil.lib(WM.o)
    0x00006f78   0x00006f78   0x00000006   Code   RO         2291    i._ReadData         NUemWin_CM4_Keil.lib(GUIDRV_FlexColor_16bpp_C0B16.o)
    0x00006f7e   0x00006f7e   0x0000000c   Code   RO         2219    i._ReadPixelCust_16bpp  NUemWin_CM4_Keil.lib(GUIDRV_FlexColor.o)
    0x00006f8a   0x00006f8a   0x0000000c   Code   RO         2220    i._ReadPixelCust_18bpp  NUemWin_CM4_Keil.lib(GUIDRV_FlexColor.o)
    0x00006f96   0x00006f96   0x00000040   Code   RO         2300    i._ReadPixel_16bpp_B16_I  NUemWin_CM4_Keil.lib(GUIDRV_FlexColor_Func66709.o)
    0x00006fd6   0x00006fd6   0x00000024   Code   RO         2301    i._ReadPixel_16bpp_B16_II  NUemWin_CM4_Keil.lib(GUIDRV_FlexColor_Func66709.o)
    0x00006ffa   0x00006ffa   0x0000003a   Code   RO         2302    i._ReadPixel_16bpp_B16_III  NUemWin_CM4_Keil.lib(GUIDRV_FlexColor_Func66709.o)
    0x00007034   0x00007034   0x00000038   Code   RO         2303    i._ReadPixel_16bpp_B8  NUemWin_CM4_Keil.lib(GUIDRV_FlexColor_Func66709.o)
    0x0000706c   0x0000706c   0x00000034   Code   RO         2221    i._ReadRectCust_16bpp  NUemWin_CM4_Keil.lib(GUIDRV_FlexColor.o)
    0x000070a0   0x000070a0   0x00000034   Code   RO         2222    i._ReadRectCust_18bpp  NUemWin_CM4_Keil.lib(GUIDRV_FlexColor.o)
    0x000070d4   0x000070d4   0x00000068   Code   RO         2304    i._ReadRect_16bpp_B16_I  NUemWin_CM4_Keil.lib(GUIDRV_FlexColor_Func66709.o)
    0x0000713c   0x0000713c   0x00000048   Code   RO         2305    i._ReadRect_16bpp_B16_II  NUemWin_CM4_Keil.lib(GUIDRV_FlexColor_Func66709.o)
    0x00007184   0x00007184   0x00000092   Code   RO         2306    i._ReadRect_16bpp_B16_III  NUemWin_CM4_Keil.lib(GUIDRV_FlexColor_Func66709.o)
    0x00007216   0x00007216   0x00000064   Code   RO         2307    i._ReadRect_16bpp_B8  NUemWin_CM4_Keil.lib(GUIDRV_FlexColor_Func66709.o)
    0x0000727a   0x0000727a   0x00000002   PAD
    0x0000727c   0x0000727c   0x0000005c   Code   RO         1775    i._RemoveFreeBlock  NUemWin_CM4_Keil.lib(GUI_Alloc.o)
    0x000072d8   0x000072d8   0x000000d0   Code   RO         1776    i._RemoveHoles      NUemWin_CM4_Keil.lib(GUI_Alloc.o)
    0x000073a8   0x000073a8   0x00000038   Code   RO         2637    i._SetBkColor       NUemWin_CM4_Keil.lib(LCD.o)
    0x000073e0   0x000073e0   0x00000038   Code   RO         2638    i._SetColor         NUemWin_CM4_Keil.lib(LCD.o)
    0x00007418   0x00007418   0x000000a4   Code   RO         2223    i._SetDevFunc       NUemWin_CM4_Keil.lib(GUIDRV_FlexColor.o)
    0x000074bc   0x000074bc   0x00000038   Code   RO         2639    i._SetDrawMode      NUemWin_CM4_Keil.lib(LCD.o)
    0x000074f4   0x000074f4   0x00000034   Code   RO         2308    i._SetInterface     NUemWin_CM4_Keil.lib(GUIDRV_FlexColor_Func66709.o)
    0x00007528   0x00007528   0x00000016   Code   RO         2224    i._SetOrg           NUemWin_CM4_Keil.lib(GUIDRV_FlexColor.o)
    0x0000753e   0x0000753e   0x0000000e   Code   RO         2814    i._SetOrg           NUemWin_CM4_Keil.lib(GUIDEV_16.o)
    0x0000754c   0x0000754c   0x0000003c   Code   RO         2309    i._SetOrientation   NUemWin_CM4_Keil.lib(GUIDRV_FlexColor_Func66709.o)
    0x00007588   0x00007588   0x000000a8   Code   RO         2310    i._SetPhysRAMAddr   NUemWin_CM4_Keil.lib(GUIDRV_FlexColor_Func66709.o)
    0x00007630   0x00007630   0x0000000a   Code   RO         2225    i._SetPixelIndex    NUemWin_CM4_Keil.lib(GUIDRV_FlexColor.o)
    0x0000763a   0x0000763a   0x00000002   PAD
    0x0000763c   0x0000763c   0x00000070   Code   RO         2815    i._SetPixelIndex    NUemWin_CM4_Keil.lib(GUIDEV_16.o)
    0x000076ac   0x000076ac   0x000000b0   Code   RO         2311    i._SetRect          NUemWin_CM4_Keil.lib(GUIDRV_FlexColor_Func66709.o)
    0x0000775c   0x0000775c   0x00000008   Code   RO         2312    i._SetReg_B16       NUemWin_CM4_Keil.lib(GUIDRV_FlexColor_Func66709.o)
    0x00007764   0x00007764   0x0000001a   Code   RO         2313    i._SetReg_B8        NUemWin_CM4_Keil.lib(GUIDRV_FlexColor_Func66709.o)
    0x0000777e   0x0000777e   0x0000000a   Code   RO         2292    i._WriteData        NUemWin_CM4_Keil.lib(GUIDRV_FlexColor_16bpp_C0B16.o)
    0x00007788   0x00007788   0x00000008   Code   RO         2314    i._WritePara_B16    NUemWin_CM4_Keil.lib(GUIDRV_FlexColor_Func66709.o)
    0x00007790   0x00007790   0x0000000a   Code   RO         2315    i._WritePara_B8     NUemWin_CM4_Keil.lib(GUIDRV_FlexColor_Func66709.o)
    0x0000779a   0x0000779a   0x00000032   Code   RO         2226    i._XorPixel         NUemWin_CM4_Keil.lib(GUIDRV_FlexColor.o)
    0x000077cc   0x000077cc   0x00000078   Code   RO         2816    i._XorPixel         NUemWin_CM4_Keil.lib(GUIDEV_16.o)
    0x00007844   0x00007844   0x00000084   Code   RO         2876    i._cbBackWin        NUemWin_CM4_Keil.lib(WM.o)
    0x000078c8   0x000078c8   0x0000000e   Code   RO         3792    i._is_digit         c_w.l(__printf_wp.o)
    0x000078d6   0x000078d6   0x00000002   PAD
    0x000078d8   0x000078d8   0x0000001c   Code   RO         1427    i.clock_init        main.o
    0x000078f4   0x000078f4   0x00000078   Code   RO         1428    i.clock_tick        main.o
    0x0000796c   0x0000796c   0x00000008   Code   RO         1607    i.ferror            retarget.o
    0x00007974   0x00007974   0x00000010   Code   RO         1609    i.fputc             retarget.o
    0x00007984   0x00007984   0x000000b0   Code   RO         1429    i.main              main.o
    0x00007a34   0x00007a34   0x000000a8   Code   RO         1611    i.stackDump         retarget.o
    0x00007adc   0x00007adc   0x0000000a   Code   RO         3929    x$fpl$fpinit        fz_wm.l(fpinit.o)
    0x00007ae6   0x00007ae6   0x00000002   PAD
    0x00007ae8   0x00007ae8   0x00000018   Data   RO         1736    .constdata          NUemWin_CM4_Keil.lib(GUICC_565.o)
    0x00007b00   0x00007b00   0x00000008   Data   RO         2016    .constdata          NUemWin_CM4_Keil.lib(GUI_Core.o)
    0x00007b08   0x00007b08   0x00000034   Data   RO         2227    .constdata          NUemWin_CM4_Keil.lib(GUIDRV_FlexColor.o)
    0x00007b3c   0x00007b3c   0x00000040   Data   RO         2228    .constdata          NUemWin_CM4_Keil.lib(GUIDRV_FlexColor.o)
    0x00007b7c   0x00007b7c   0x00000010   Data   RO         2335    .constdata          NUemWin_CM4_Keil.lib(F16_ASCII.o)
    0x00007b8c   0x00007b8c   0x00000010   Data   RO         2336    .constdata          NUemWin_CM4_Keil.lib(F16_ASCII.o)
    0x00007b9c   0x00007b9c   0x00000010   Data   RO         2337    .constdata          NUemWin_CM4_Keil.lib(F16_ASCII.o)
    0x00007bac   0x00007bac   0x00000010   Data   RO         2338    .constdata          NUemWin_CM4_Keil.lib(F16_ASCII.o)
    0x00007bbc   0x00007bbc   0x00000010   Data   RO         2339    .constdata          NUemWin_CM4_Keil.lib(F16_ASCII.o)
    0x00007bcc   0x00007bcc   0x00000020   Data   RO         2340    .constdata          NUemWin_CM4_Keil.lib(F16_ASCII.o)
    0x00007bec   0x00007bec   0x00000020   Data   RO         2341    .constdata          NUemWin_CM4_Keil.lib(F16_ASCII.o)
    0x00007c0c   0x00007c0c   0x00000010   Data   RO         2342    .constdata          NUemWin_CM4_Keil.lib(F16_ASCII.o)
    0x00007c1c   0x00007c1c   0x00000010   Data   RO         2343    .constdata          NUemWin_CM4_Keil.lib(F16_ASCII.o)
    0x00007c2c   0x00007c2c   0x00000010   Data   RO         2344    .constdata          NUemWin_CM4_Keil.lib(F16_ASCII.o)
    0x00007c3c   0x00007c3c   0x00000010   Data   RO         2345    .constdata          NUemWin_CM4_Keil.lib(F16_ASCII.o)
    0x00007c4c   0x00007c4c   0x00000010   Data   RO         2346    .constdata          NUemWin_CM4_Keil.lib(F16_ASCII.o)
    0x00007c5c   0x00007c5c   0x00000010   Data   RO         2347    .constdata          NUemWin_CM4_Keil.lib(F16_ASCII.o)
    0x00007c6c   0x00007c6c   0x00000010   Data   RO         2348    .constdata          NUemWin_CM4_Keil.lib(F16_ASCII.o)
    0x00007c7c   0x00007c7c   0x00000010   Data   RO         2349    .constdata          NUemWin_CM4_Keil.lib(F16_ASCII.o)
    0x00007c8c   0x00007c8c   0x00000010   Data   RO         2350    .constdata          NUemWin_CM4_Keil.lib(F16_ASCII.o)
    0x00007c9c   0x00007c9c   0x00000010   Data   RO         2351    .constdata          NUemWin_CM4_Keil.lib(F16_ASCII.o)
    0x00007cac   0x00007cac   0x00000010   Data   RO         2352    .constdata          NUemWin_CM4_Keil.lib(F16_ASCII.o)
    0x00007cbc   0x00007cbc   0x00000010   Data   RO         2353    .constdata          NUemWin_CM4_Keil.lib(F16_ASCII.o)
    0x00007ccc   0x00007ccc   0x00000010   Data   RO         2354    .constdata          NUemWin_CM4_Keil.lib(F16_ASCII.o)
    0x00007cdc   0x00007cdc   0x00000010   Data   RO         2355    .constdata          NUemWin_CM4_Keil.lib(F16_ASCII.o)
    0x00007cec   0x00007cec   0x00000010   Data   RO         2356    .constdata          NUemWin_CM4_Keil.lib(F16_ASCII.o)
    0x00007cfc   0x00007cfc   0x00000010   Data   RO         2357    .constdata          NUemWin_CM4_Keil.lib(F16_ASCII.o)
    0x00007d0c   0x00007d0c   0x00000010   Data   RO         2358    .constdata          NUemWin_CM4_Keil.lib(F16_ASCII.o)
    0x00007d1c   0x00007d1c   0x00000010   Data   RO         2359    .constdata          NUemWin_CM4_Keil.lib(F16_ASCII.o)
    0x00007d2c   0x00007d2c   0x00000010   Data   RO         2360    .constdata          NUemWin_CM4_Keil.lib(F16_ASCII.o)
    0x00007d3c   0x00007d3c   0x00000010   Data   RO         2361    .constdata          NUemWin_CM4_Keil.lib(F16_ASCII.o)
    0x00007d4c   0x00007d4c   0x00000010   Data   RO         2362    .constdata          NUemWin_CM4_Keil.lib(F16_ASCII.o)
    0x00007d5c   0x00007d5c   0x00000010   Data   RO         2363    .constdata          NUemWin_CM4_Keil.lib(F16_ASCII.o)
    0x00007d6c   0x00007d6c   0x00000010   Data   RO         2364    .constdata          NUemWin_CM4_Keil.lib(F16_ASCII.o)
    0x00007d7c   0x00007d7c   0x00000010   Data   RO         2365    .constdata          NUemWin_CM4_Keil.lib(F16_ASCII.o)
    0x00007d8c   0x00007d8c   0x00000010   Data   RO         2366    .constdata          NUemWin_CM4_Keil.lib(F16_ASCII.o)
    0x00007d9c   0x00007d9c   0x00000020   Data   RO         2367    .constdata          NUemWin_CM4_Keil.lib(F16_ASCII.o)
    0x00007dbc   0x00007dbc   0x00000020   Data   RO         2368    .constdata          NUemWin_CM4_Keil.lib(F16_ASCII.o)
    0x00007ddc   0x00007ddc   0x00000020   Data   RO         2369    .constdata          NUemWin_CM4_Keil.lib(F16_ASCII.o)
    0x00007dfc   0x00007dfc   0x00000020   Data   RO         2370    .constdata          NUemWin_CM4_Keil.lib(F16_ASCII.o)
    0x00007e1c   0x00007e1c   0x00000020   Data   RO         2371    .constdata          NUemWin_CM4_Keil.lib(F16_ASCII.o)
    0x00007e3c   0x00007e3c   0x00000020   Data   RO         2372    .constdata          NUemWin_CM4_Keil.lib(F16_ASCII.o)
    0x00007e5c   0x00007e5c   0x00000010   Data   RO         2373    .constdata          NUemWin_CM4_Keil.lib(F16_ASCII.o)
    0x00007e6c   0x00007e6c   0x00000020   Data   RO         2374    .constdata          NUemWin_CM4_Keil.lib(F16_ASCII.o)
    0x00007e8c   0x00007e8c   0x00000020   Data   RO         2375    .constdata          NUemWin_CM4_Keil.lib(F16_ASCII.o)
    0x00007eac   0x00007eac   0x00000010   Data   RO         2376    .constdata          NUemWin_CM4_Keil.lib(F16_ASCII.o)
    0x00007ebc   0x00007ebc   0x00000010   Data   RO         2377    .constdata          NUemWin_CM4_Keil.lib(F16_ASCII.o)
    0x00007ecc   0x00007ecc   0x00000020   Data   RO         2378    .constdata          NUemWin_CM4_Keil.lib(F16_ASCII.o)
    0x00007eec   0x00007eec   0x00000010   Data   RO         2379    .constdata          NUemWin_CM4_Keil.lib(F16_ASCII.o)
    0x00007efc   0x00007efc   0x00000020   Data   RO         2380    .constdata          NUemWin_CM4_Keil.lib(F16_ASCII.o)
    0x00007f1c   0x00007f1c   0x00000020   Data   RO         2381    .constdata          NUemWin_CM4_Keil.lib(F16_ASCII.o)
    0x00007f3c   0x00007f3c   0x00000020   Data   RO         2382    .constdata          NUemWin_CM4_Keil.lib(F16_ASCII.o)
    0x00007f5c   0x00007f5c   0x00000020   Data   RO         2383    .constdata          NUemWin_CM4_Keil.lib(F16_ASCII.o)
    0x00007f7c   0x00007f7c   0x00000020   Data   RO         2384    .constdata          NUemWin_CM4_Keil.lib(F16_ASCII.o)
    0x00007f9c   0x00007f9c   0x00000020   Data   RO         2385    .constdata          NUemWin_CM4_Keil.lib(F16_ASCII.o)
    0x00007fbc   0x00007fbc   0x00000020   Data   RO         2386    .constdata          NUemWin_CM4_Keil.lib(F16_ASCII.o)
    0x00007fdc   0x00007fdc   0x00000010   Data   RO         2387    .constdata          NUemWin_CM4_Keil.lib(F16_ASCII.o)
    0x00007fec   0x00007fec   0x00000020   Data   RO         2388    .constdata          NUemWin_CM4_Keil.lib(F16_ASCII.o)
    0x0000800c   0x0000800c   0x00000020   Data   RO         2389    .constdata          NUemWin_CM4_Keil.lib(F16_ASCII.o)
    0x0000802c   0x0000802c   0x00000020   Data   RO         2390    .constdata          NUemWin_CM4_Keil.lib(F16_ASCII.o)
    0x0000804c   0x0000804c   0x00000010   Data   RO         2391    .constdata          NUemWin_CM4_Keil.lib(F16_ASCII.o)
    0x0000805c   0x0000805c   0x00000020   Data   RO         2392    .constdata          NUemWin_CM4_Keil.lib(F16_ASCII.o)
    0x0000807c   0x0000807c   0x00000010   Data   RO         2393    .constdata          NUemWin_CM4_Keil.lib(F16_ASCII.o)
    0x0000808c   0x0000808c   0x00000010   Data   RO         2394    .constdata          NUemWin_CM4_Keil.lib(F16_ASCII.o)
    0x0000809c   0x0000809c   0x00000010   Data   RO         2395    .constdata          NUemWin_CM4_Keil.lib(F16_ASCII.o)
    0x000080ac   0x000080ac   0x00000010   Data   RO         2396    .constdata          NUemWin_CM4_Keil.lib(F16_ASCII.o)
    0x000080bc   0x000080bc   0x00000010   Data   RO         2397    .constdata          NUemWin_CM4_Keil.lib(F16_ASCII.o)
    0x000080cc   0x000080cc   0x00000010   Data   RO         2398    .constdata          NUemWin_CM4_Keil.lib(F16_ASCII.o)
    0x000080dc   0x000080dc   0x00000010   Data   RO         2399    .constdata          NUemWin_CM4_Keil.lib(F16_ASCII.o)
    0x000080ec   0x000080ec   0x00000010   Data   RO         2400    .constdata          NUemWin_CM4_Keil.lib(F16_ASCII.o)
    0x000080fc   0x000080fc   0x00000010   Data   RO         2401    .constdata          NUemWin_CM4_Keil.lib(F16_ASCII.o)
    0x0000810c   0x0000810c   0x00000010   Data   RO         2402    .constdata          NUemWin_CM4_Keil.lib(F16_ASCII.o)
    0x0000811c   0x0000811c   0x00000010   Data   RO         2403    .constdata          NUemWin_CM4_Keil.lib(F16_ASCII.o)
    0x0000812c   0x0000812c   0x00000010   Data   RO         2404    .constdata          NUemWin_CM4_Keil.lib(F16_ASCII.o)
    0x0000813c   0x0000813c   0x00000010   Data   RO         2405    .constdata          NUemWin_CM4_Keil.lib(F16_ASCII.o)
    0x0000814c   0x0000814c   0x00000010   Data   RO         2406    .constdata          NUemWin_CM4_Keil.lib(F16_ASCII.o)
    0x0000815c   0x0000815c   0x00000010   Data   RO         2407    .constdata          NUemWin_CM4_Keil.lib(F16_ASCII.o)
    0x0000816c   0x0000816c   0x00000010   Data   RO         2408    .constdata          NUemWin_CM4_Keil.lib(F16_ASCII.o)
    0x0000817c   0x0000817c   0x00000010   Data   RO         2409    .constdata          NUemWin_CM4_Keil.lib(F16_ASCII.o)
    0x0000818c   0x0000818c   0x00000010   Data   RO         2410    .constdata          NUemWin_CM4_Keil.lib(F16_ASCII.o)
    0x0000819c   0x0000819c   0x00000010   Data   RO         2411    .constdata          NUemWin_CM4_Keil.lib(F16_ASCII.o)
    0x000081ac   0x000081ac   0x00000020   Data   RO         2412    .constdata          NUemWin_CM4_Keil.lib(F16_ASCII.o)
    0x000081cc   0x000081cc   0x00000010   Data   RO         2413    .constdata          NUemWin_CM4_Keil.lib(F16_ASCII.o)
    0x000081dc   0x000081dc   0x00000010   Data   RO         2414    .constdata          NUemWin_CM4_Keil.lib(F16_ASCII.o)
    0x000081ec   0x000081ec   0x00000010   Data   RO         2415    .constdata          NUemWin_CM4_Keil.lib(F16_ASCII.o)
    0x000081fc   0x000081fc   0x00000010   Data   RO         2416    .constdata          NUemWin_CM4_Keil.lib(F16_ASCII.o)
    0x0000820c   0x0000820c   0x00000010   Data   RO         2417    .constdata          NUemWin_CM4_Keil.lib(F16_ASCII.o)
    0x0000821c   0x0000821c   0x00000010   Data   RO         2418    .constdata          NUemWin_CM4_Keil.lib(F16_ASCII.o)
    0x0000822c   0x0000822c   0x00000010   Data   RO         2419    .constdata          NUemWin_CM4_Keil.lib(F16_ASCII.o)
    0x0000823c   0x0000823c   0x00000010   Data   RO         2420    .constdata          NUemWin_CM4_Keil.lib(F16_ASCII.o)
    0x0000824c   0x0000824c   0x00000010   Data   RO         2421    .constdata          NUemWin_CM4_Keil.lib(F16_ASCII.o)
    0x0000825c   0x0000825c   0x00000020   Data   RO         2422    .constdata          NUemWin_CM4_Keil.lib(F16_ASCII.o)
    0x0000827c   0x0000827c   0x00000010   Data   RO         2423    .constdata          NUemWin_CM4_Keil.lib(F16_ASCII.o)
    0x0000828c   0x0000828c   0x00000010   Data   RO         2424    .constdata          NUemWin_CM4_Keil.lib(F16_ASCII.o)
    0x0000829c   0x0000829c   0x00000010   Data   RO         2425    .constdata          NUemWin_CM4_Keil.lib(F16_ASCII.o)
    0x000082ac   0x000082ac   0x00000010   Data   RO         2426    .constdata          NUemWin_CM4_Keil.lib(F16_ASCII.o)
    0x000082bc   0x000082bc   0x00000010   Data   RO         2427    .constdata          NUemWin_CM4_Keil.lib(F16_ASCII.o)
    0x000082cc   0x000082cc   0x00000010   Data   RO         2428    .constdata          NUemWin_CM4_Keil.lib(F16_ASCII.o)
    0x000082dc   0x000082dc   0x00000010   Data   RO         2429    .constdata          NUemWin_CM4_Keil.lib(F16_ASCII.o)
    0x000082ec   0x000082ec   0x00000300   Data   RO         2430    .constdata          NUemWin_CM4_Keil.lib(F16_ASCII.o)
    0x000085ec   0x000085ec   0x0000000c   Data   RO         2431    .constdata          NUemWin_CM4_Keil.lib(F16_ASCII.o)
    0x000085f8   0x000085f8   0x00000024   Data   RO         2432    .constdata          NUemWin_CM4_Keil.lib(F16_ASCII.o)
    0x0000861c   0x0000861c   0x00000518   Data   RO         2433    .constdata          NUemWin_CM4_Keil.lib(F6x8.o)
    0x00008b34   0x00008b34   0x000001c0   Data   RO         2434    .constdata          NUemWin_CM4_Keil.lib(F6x8.o)
    0x00008cf4   0x00008cf4   0x00000008   Data   RO         2435    .constdata          NUemWin_CM4_Keil.lib(F6x8.o)
    0x00008cfc   0x00008cfc   0x00000014   Data   RO         2436    .constdata          NUemWin_CM4_Keil.lib(F6x8.o)
    0x00008d10   0x00008d10   0x00000024   Data   RO         2437    .constdata          NUemWin_CM4_Keil.lib(F6x8.o)
    0x00008d34   0x00008d34   0x00000010   Data   RO         2532    .constdata          NUemWin_CM4_Keil.lib(GUI_UC_EncodeNone.o)
    0x00008d44   0x00008d44   0x00000020   Data   RO         2550    .constdata          NUemWin_CM4_Keil.lib(GUI__DivTbl.o)
    0x00008d64   0x00008d64   0x00000040   Data   RO         2551    .constdata          NUemWin_CM4_Keil.lib(GUI__DivTbl.o)
    0x00008da4   0x00008da4   0x00000100   Data   RO         2553    .constdata          NUemWin_CM4_Keil.lib(GUI__DivTbl.o)
    0x00008ea4   0x00008ea4   0x00000100   Data   RO         2554    .constdata          NUemWin_CM4_Keil.lib(GUI__DivTbl.o)
    0x00008fa4   0x00008fa4   0x0000000c   Data   RO         2640    .constdata          NUemWin_CM4_Keil.lib(LCD.o)
    0x00008fb0   0x00008fb0   0x00000074   Data   RO         2817    .constdata          NUemWin_CM4_Keil.lib(GUIDEV_16.o)
    0x00009024   0x00009024   0x00000018   Data   RO         3101    .constdata          NUemWin_CM4_Keil.lib(GUICC_0.o)
    0x0000903c   0x0000903c   0x00000100   Data   RO         3220    .constdata          NUemWin_CM4_Keil.lib(LCD_Mirror.o)
    0x0000913c   0x0000913c   0x00000008   Data   RO         3274    .constdata          NUemWin_CM4_Keil.lib(GUIDEV_WriteToActiveOpaque.o)
    0x00009144   0x00009144   0x00000028   Data   RO         3765    .constdata          c_w.l(_printf_hex_int.o)
    0x0000916c   0x0000916c   0x00000011   Data   RO         3795    .constdata          c_w.l(__printf_flags_wp.o)
    0x0000917d   0x0000917d   0x00000003   PAD
    0x00009180   0x00009180   0x00000020   Data   RO         3997    Region$$Table       anon$$obj.o


    Execution Region RW_IRAM1 (Exec base: 0x20000000, Load base: 0x000091a0, Size: 0x00010ce0, Max: 0x00028000, ABSOLUTE, COMPRESSED[0x00000058])

    Exec Addr    Load Addr    Size         Type   Attr      Idx    E Section Name        Object

    0x20000000   COMPRESSED   0x00000001   Data   RW          895    .data               lcdconf.o
    0x20000001   COMPRESSED   0x00000003   PAD
    0x20000004   COMPRESSED   0x00000029   Data   RW         1430    .data               main.o
    0x2000002d   COMPRESSED   0x00000003   PAD
    0x20000030   COMPRESSED   0x00000008   Data   RW         1612    .data               retarget.o
    0x20000038   COMPRESSED   0x0000002c   Data   RW         1700    .data               system_m480.o
    0x20000064   COMPRESSED   0x00000004   Data   RW         1778    .data               NUemWin_CM4_Keil.lib(GUI_Alloc.o)
    0x20000068   COMPRESSED   0x00000050   Data   RW         2017    .data               NUemWin_CM4_Keil.lib(GUI_Core.o)
    0x200000b8   COMPRESSED   0x00000004   Data   RW         2021    .data               NUemWin_CM4_Keil.lib(GUI_Core.o)
    0x200000bc   COMPRESSED   0x00000004   Data   RW         2022    .data               NUemWin_CM4_Keil.lib(GUI_Core.o)
    0x200000c0   COMPRESSED   0x00000001   Data   RW         2026    .data               NUemWin_CM4_Keil.lib(GUI_Core.o)
    0x200000c1   COMPRESSED   0x00000003   PAD
    0x200000c4   COMPRESSED   0x00000004   Data   RW         2028    .data               NUemWin_CM4_Keil.lib(GUI_Core.o)
    0x200000c8   COMPRESSED   0x00000002   Data   RW         2029    .data               NUemWin_CM4_Keil.lib(GUI_Core.o)
    0x200000ca   COMPRESSED   0x00000002   Data   RW         2030    .data               NUemWin_CM4_Keil.lib(GUI_Core.o)
    0x200000cc   COMPRESSED   0x0000001c   Data   RW         2229    .data               NUemWin_CM4_Keil.lib(GUIDRV_FlexColor.o)
    0x200000e8   COMPRESSED   0x00000008   Data   RW         2316    .data               NUemWin_CM4_Keil.lib(GUIDRV_FlexColor_Func66709.o)
    0x200000f0   COMPRESSED   0x00000004   Data   RW         2456    .data               NUemWin_CM4_Keil.lib(GUI_CharLine.o)
    0x200000f4   COMPRESSED   0x00000010   Data   RW         2502    .data               NUemWin_CM4_Keil.lib(GUI_OnKey.o)
    0x20000104   COMPRESSED   0x0000000c   Data   RW         2543    .data               NUemWin_CM4_Keil.lib(GUI_WaitEvent.o)
    0x20000110   COMPRESSED   0x00000004   Data   RW         2574    .data               NUemWin_CM4_Keil.lib(GUI__Private.o)
    0x20000114   COMPRESSED   0x00000010   Data   RW         2575    .data               NUemWin_CM4_Keil.lib(GUI__Private.o)
    0x20000124   COMPRESSED   0x00000004   Data   RW         2641    .data               NUemWin_CM4_Keil.lib(LCD.o)
    0x20000128   COMPRESSED   0x00000014   Data   RW         2672    .data               NUemWin_CM4_Keil.lib(LCD_Color.o)
    0x2000013c   COMPRESSED   0x00000008   Data   RW         2728    .data               NUemWin_CM4_Keil.lib(LCD_GetEx.o)
    0x20000144   COMPRESSED   0x00000050   Data   RW         2880    .data               NUemWin_CM4_Keil.lib(WM.o)
    0x20000194   COMPRESSED   0x00000014   Data   RW         3185    .data               NUemWin_CM4_Keil.lib(GUI__ManageCache.o)
    0x200001a8   COMPRESSED   0x0000002c   Data   RW         3307    .data               NUemWin_CM4_Keil.lib(WM_Touch.o)
    0x200001d4   COMPRESSED   0x00000004   Data   RW         3337    .data               NUemWin_CM4_Keil.lib(WM__Private.o)
    0x200001d8        -       0x00010000   Zero   RW          869    .bss                guiconf.o
    0x200101d8        -       0x000000cc   Zero   RW         1777    .bss                NUemWin_CM4_Keil.lib(GUI_Alloc.o)
    0x200102a4        -       0x0000006c   Zero   RW         2015    .bss                NUemWin_CM4_Keil.lib(GUI_Core.o)
    0x20010310        -       0x00000058   Zero   RW         2501    .bss                NUemWin_CM4_Keil.lib(GUI_OnKey.o)
    0x20010368        -       0x00000018   Zero   RW         2878    .bss                NUemWin_CM4_Keil.lib(WM.o)
    0x20010380        -       0x00000060   Zero   RW         3871    .bss                c_w.l(libspace.o)
    0x200103e0        -       0x00000100   Zero   RW         1689    HEAP                startup_m480.o
    0x200104e0        -       0x00000800   Zero   RW         1688    STACK               startup_m480.o


==============================================================================

Image component sizes


      Code (inc. data)   RO Data    RW Data    ZI Data      Debug   Object Name

       960         84          0          0          0      53481   clk.o
        40          6          0          0          0       1109   display.o
       404         24          0          0          0       1223   ebi.o
        40         12          0          0          0        879   fmc.o
        50          0          0          0          0        951   gpio.o
         4          0          0          0          0      51643   gui_x.o
        28          8          0          0      65536        531   guiconf.o
      1424        232          0          1          0       9645   lcdconf.o
       632        114          0         41          0       4038   main.o
       324        132          0          8          0       5460   retarget.o
       132         38        500          0       2304        900   startup_m480.o
       108         12          0          0          0      84367   system_init.o
       248         44          0         44          0       1811   system_m480.o
       204         22          0          0          0      34448   tmr.o

    ----------------------------------------------------------------------
      4600        728        532        100      67840     250486   Object Totals
         0          0         32          0          0          0   (incl. Generated)
         2          0          0          6          0          0   (incl. Padding)

    ----------------------------------------------------------------------

      Code (inc. data)   RO Data    RW Data    ZI Data      Debug   Library Member Name

         0          0       2720          0          0          0   F16_ASCII.o
         0          0       1816          0          0          0   F6x8.o
       224          0         24          0          0        388   GUICC_0.o
       382         36         24          0          0        644   GUICC_565.o
       104          4          0          0          0        256   GUIDEV.o
      3026         62        116          0          0       1584   GUIDEV_16.o
        28          0          0          0          0        128   GUIDEV_GetDataPtr.o
        76          0          0          0          0        260   GUIDEV_Usage.o
      2076         14          8          0          0        168   GUIDEV_WriteToActiveOpaque.o
      1740         90        116         28          0       5800   GUIDRV_FlexColor.o
      1724         42          0          0          0        676   GUIDRV_FlexColor_16bpp_C0B16.o
      1344         84          0          8          0       2336   GUIDRV_FlexColor_Func66709.o
      1870         84          0          4        204       1920   GUI_Alloc.o
       100         22          0          0          0        464   GUI_Char.o
       674         34          0          4          0        548   GUI_CharLine.o
       398         10          0          0          0        492   GUI_CharM.o
       378         10          0          0          0        532   GUI_CharP.o
       384         26          0          0          0       1428   GUI_Common.o
       544         84          8         97        108        632   GUI_Core.o
       380         24          0          0          0        612   GUI_Device.o
       276          8          0          0          0        264   GUI_DispString.o
        20          6          0         16         88        116   GUI_OnKey.o
        36          6          0          0          0        128   GUI_SelectLayer.o
        88         12          0          0          0        264   GUI_UC.o
        18          0         16          0          0        464   GUI_UC_EncodeNone.o
        16          4          0         12          0        116   GUI_WaitEvent.o
       396          0          0          0          0        140   GUI__CompactPixelIndices.o
         0          0        608          0          0          0   GUI__DivTbl.o
       248         10          0         20          0        252   GUI__ManageCache.o
       314          0          0         20          0        380   GUI__Private.o
      1976        142         12          4          0       2216   LCD.o
       332         38          0         20          0        520   LCD_Color.o
        32         12          0          0          0        232   LCD_GetColorIndex.o
       434         40          0          8          0       1580   LCD_GetEx.o
        20          0          0          0          0        124   LCD_GetNumDisplays.o
         0          0        256          0          0          0   LCD_Mirror.o
        72         10          0          0          0        128   LCD_SelectLCD.o
       132          0          0          0          0        396   LCD_Set.o
        52         10          0          0          0        132   LCD_SetClipRectEx.o
        36          4          0          0          0        128   LCD_UpdateColorIndices.o
      3726        156          0         80         24       2920   WM.o
       222          6          0          0          0        644   WM_Lib.o
         0          0          0         44          0          0   WM_Touch.o
       156         10          0          4          0        508   WM__Private.o
        90          0          0          0          0          0   __dczerorl2.o
         8          0          0          0          0         68   __main.o
       312          4         17          0          0         92   __printf_flags_wp.o
        14          0          0          0          0         68   __printf_wp.o
         0          0          0          0          0          0   __rtentry.o
        12          0          0          0          0          0   __rtentry2.o
         6          0          0          0          0          0   __rtentry4.o
        52          8          0          0          0          0   __scatter.o
        28          0          0          0          0          0   __scatter_zi.o
        48          6          0          0          0         96   _printf_char_common.o
        36          4          0          0          0         80   _printf_char_file.o
         6          0          0          0          0          0   _printf_d.o
       120         16          0          0          0         92   _printf_dec.o
        88          4         40          0          0         88   _printf_hex_int.o
       178          0          0          0          0         88   _printf_intcommon.o
        78          0          0          0          0        108   _printf_pad.o
         0          0          0          0          0          0   _printf_percent.o
         4          0          0          0          0          0   _printf_percent_end.o
         6          0          0          0          0          0   _printf_x.o
        10          0          0          0          0         68   _sputc.o
        18          0          0          0          0         80   exit.o
         6          0          0          0          0        152   heapauxi.o
         0          0          0          0          0          0   indicate_semi.o
         2          0          0          0          0          0   libinit.o
         6          0          0          0          0          0   libinit2.o
         2          0          0          0          0          0   libshutdown.o
         2          0          0          0          0          0   libshutdown2.o
         8          4          0          0         96         68   libspace.o
         8          0          0          0          0         76   memcpy.o
        22          0          0          0          0         76   memset.o
        24          4          0          0          0         84   noretval__2printf.o
        40          6          0          0          0         84   noretval__2sprintf.o
        68          0          0          0          0         68   rt_memclr.o
        78          0          0          0          0         80   rt_memclr_w.o
       138          0          0          0          0         68   rt_memcpy_v6.o
       100          0          0          0          0         80   rt_memcpy_w.o
       132          0          0          0          0         68   rt_memmove_v6.o
       122          0          0          0          0         80   rt_memmove_w.o
         2          0          0          0          0          0   rtexit.o
        10          0          0          0          0          0   rtexit2.o
       128          0          0          0          0         68   strcmpv7m.o
        72          0          0          0          0         80   strcpy.o
        62          0          0          0          0         76   strlen.o
        12          4          0          0          0         68   sys_exit.o
        74          0          0          0          0         80   sys_stackheap_outer.o
         2          0          0          0          0         68   use_no_semi.o
        10          0          0          0          0        116   fpinit.o

    ----------------------------------------------------------------------
     26364       1160       5784        372        520      32988   Library Totals
        66          0          3          3          0          0   (incl. Padding)

    ----------------------------------------------------------------------

      Code (inc. data)   RO Data    RW Data    ZI Data      Debug   Library Name

     24054       1100       5724        369        424      30520   NUemWin_CM4_Keil.lib
      2234         60         57          0         96       2352   c_w.l
        10          0          0          0          0        116   fz_wm.l

    ----------------------------------------------------------------------
     26364       1160       5784        372        520      32988   Library Totals

    ----------------------------------------------------------------------

==============================================================================


      Code (inc. data)   RO Data    RW Data    ZI Data      Debug   

     30964       1888       6316        472      68360     254574   Grand Totals
     30964       1888       6316         88      68360     254574   ELF Image Totals (compressed)
     30964       1888       6316         88          0          0   ROM Totals

==============================================================================

    Total RO  Size (Code + RO Data)                37280 (  36.41kB)
    Total RW  Size (RW Data + ZI Data)             68832 (  67.22kB)
    Total ROM Size (Code + RO Data + RW Data)      37368 (  36.49kB)

==============================================================================

