Component: ARM Compiler 5.06 update 7 (build 960) Tool: armlink [4d3601]

==============================================================================

Section Cross References

    main.o(i.ADC_speed_control) refers to adcagent.o(i.ADC_GetVR) for ADC_GetVR
    main.o(i.ADC_speed_control) refers to main.o(.data) for ADC_speed
    main.o(i.BTN_speed_control) refers to bnctl.o(i.Btn_IsOneShot) for Btn_IsOneShot
    main.o(i.BTN_speed_control) refers to GUI_Core.o(i.GUI_Clear) for GUI_Clear
    main.o(i.BTN_speed_control) refers to bnctl.o(i.Btn_OneShotClear) for Btn_OneShotClear
    main.o(i.BTN_speed_control) refers to main.o(.data) for BTN_speed
    main.o(i.ClearEEPROM) refers to i2c_eeprom.o(i.I2C_EEPROM_Write) for I2C_EEPROM_Write
    main.o(i.ConfigWithEEPROM) refers to main.o(i.ReadDataFromEEPROM) for ReadDataFromEEPROM
    main.o(i.ConfigWithEEPROM) refers to uart1.o(i.ChangeBaudRate) for ChangeBaudRate
    main.o(i.ConfigWithEEPROM) refers to main.o(.bss) for eepromData
    main.o(i.ConfigWithEEPROM) refers to main.o(.data) for baudrate
    main.o(i.EEPROM_control) refers to bnctl.o(i.Btn_IsOneShot) for Btn_IsOneShot
    main.o(i.EEPROM_control) refers to main.o(i.ClearEEPROM) for ClearEEPROM
    main.o(i.EEPROM_control) refers to main.o(i.SaveDataToEEPROM) for SaveDataToEEPROM
    main.o(i.EEPROM_control) refers to bnctl.o(i.Btn_OneShotClear) for Btn_OneShotClear
    main.o(i.EEPROM_control) refers to main.o(i.ReadDataFromEEPROM) for ReadDataFromEEPROM
    main.o(i.EEPROM_control) refers to uart1.o(i.ChangeBaudRate) for ChangeBaudRate
    main.o(i.EEPROM_control) refers to GUI_Core.o(i.GUI_Clear) for GUI_Clear
    main.o(i.EEPROM_control) refers to main.o(.data) for baudrate
    main.o(i.EEPROM_control) refers to main.o(.bss) for eepromData
    main.o(i.ReadDataFromEEPROM) refers to i2c_eeprom.o(i.I2C_EEPROM_Read) for I2C_EEPROM_Read
    main.o(i.ReadDataFromEEPROM) refers to main.o(.bss) for eepromData
    main.o(i.SaveAge) refers to i2c_eeprom.o(i.I2C_EEPROM_Write) for I2C_EEPROM_Write
    main.o(i.SaveAge) refers to main.o(.data) for min
    main.o(i.SaveAge) refers to main.o(.bss) for eepromData
    main.o(i.SaveDataToEEPROM) refers to i2c_eeprom.o(i.I2C_EEPROM_Write) for I2C_EEPROM_Write
    main.o(i.SaveDataToEEPROM) refers to main.o(.bss) for eepromData
    main.o(i.UART1_speed_control) refers to _printf_percent.o(.ARM.Collect$$_printf_percent$$00000000) for _printf_percent
    main.o(i.UART1_speed_control) refers to _printf_d.o(.ARM.Collect$$_printf_percent$$00000009) for _printf_d
    main.o(i.UART1_speed_control) refers to _printf_s.o(.ARM.Collect$$_printf_percent$$00000014) for _printf_s
    main.o(i.UART1_speed_control) refers to _printf_dec.o(.text) for _printf_int_dec
    main.o(i.UART1_speed_control) refers to _printf_str.o(.text) for _printf_str
    main.o(i.UART1_speed_control) refers to _scanf_int.o(.text) for _scanf_int
    main.o(i.UART1_speed_control) refers to uart1.o(i.UART1_IsRxDataReady) for UART1_IsRxDataReady
    main.o(i.UART1_speed_control) refers to uart1.o(i.UART1_ReadByte) for UART1_ReadByte
    main.o(i.UART1_speed_control) refers to GUI_Core.o(i.GUI_Clear) for GUI_Clear
    main.o(i.UART1_speed_control) refers to uart1.o(i.StrPush) for StrPush
    main.o(i.UART1_speed_control) refers to noretval__2sprintf.o(.text) for __2sprintf
    main.o(i.UART1_speed_control) refers to __0sscanf.o(.text) for __0sscanf
    main.o(i.UART1_speed_control) refers to uart1.o(i.UART1_TxData) for UART1_TxData
    main.o(i.UART1_speed_control) refers to uart1.o(i.ChangeBaudRate) for ChangeBaudRate
    main.o(i.UART1_speed_control) refers to uart1.o(i.UART1_TxTask) for UART1_TxTask
    main.o(i.UART1_speed_control) refers to main.o(.data) for c
    main.o(i.UART1_speed_control) refers to main.o(.bss) for sendbuf
    main.o(i.clock_tick) refers to _printf_pad.o(.text) for _printf_pre_padding
    main.o(i.clock_tick) refers to _printf_percent.o(.ARM.Collect$$_printf_percent$$00000000) for _printf_percent
    main.o(i.clock_tick) refers to _printf_d.o(.ARM.Collect$$_printf_percent$$00000009) for _printf_d
    main.o(i.clock_tick) refers to _printf_dec.o(.text) for _printf_int_dec
    main.o(i.clock_tick) refers to main.o(i.SaveDataToEEPROM) for SaveDataToEEPROM
    main.o(i.clock_tick) refers to noretval__2sprintf.o(.text) for __2sprintf
    main.o(i.clock_tick) refers to display.o(i.Display_buf) for Display_buf
    main.o(i.clock_tick) refers to main.o(.data) for timecount
    main.o(i.clock_tick) refers to main.o(.bss) for buf
    main.o(i.main) refers to _printf_pad.o(.text) for _printf_pre_padding
    main.o(i.main) refers to _printf_percent.o(.ARM.Collect$$_printf_percent$$00000000) for _printf_percent
    main.o(i.main) refers to _printf_d.o(.ARM.Collect$$_printf_percent$$00000009) for _printf_d
    main.o(i.main) refers to _printf_dec.o(.text) for _printf_int_dec
[...]
    0x00000b34   0x00000b34   0x0000041e   Code   RO         4714    .text               c_w.l(_printf_fp_dec.o)
    0x00000f52   0x00000f52   0x00000002   PAD
    0x00000f54   0x00000f54   0x00000030   Code   RO         4716    .text               c_w.l(_printf_char_common.o)
    0x00000f84   0x00000f84   0x0000000a   Code   RO         4718    .text               c_w.l(_sputc.o)
    0x00000f8e   0x00000f8e   0x0000002c   Code   RO         4720    .text               c_w.l(_printf_char.o)
    0x00000fba   0x00000fba   0x00000002   PAD
    0x00000fbc   0x00000fbc   0x00000024   Code   RO         4722    .text               c_w.l(_printf_char_file.o)
    0x00000fe0   0x00000fe0   0x0000001c   Code   RO         4725    .text               c_w.l(_chval.o)
    0x00000ffc   0x00000ffc   0x0000002c   Code   RO         4727    .text               c_w.l(scanf_char.o)
    0x00001028   0x00001028   0x00000040   Code   RO         4729    .text               c_w.l(_sgetc.o)
    0x00001068   0x00001068   0x0000008a   Code   RO         4731    .text               c_w.l(rt_memcpy_v6.o)
    0x000010f2   0x000010f2   0x0000007a   Code   RO         4733    .text               c_w.l(rt_memmove_w.o)
    0x0000116c   0x0000116c   0x00000044   Code   RO         4735    .text               c_w.l(rt_memclr.o)
    0x000011b0   0x000011b0   0x00000008   Code   RO         4764    .text               c_w.l(rt_locale_intlibspace.o)
    0x000011b8   0x000011b8   0x0000008a   Code   RO         4766    .text               c_w.l(lludiv10.o)
    0x00001242   0x00001242   0x00000012   Code   RO         4768    .text               c_w.l(isspace.o)
    0x00001254   0x00001254   0x00000080   Code   RO         4770    .text               c_w.l(_printf_fp_infnan.o)
    0x000012d4   0x000012d4   0x00000374   Code   RO         4774    .text               c_w.l(_scanf.o)
    0x00001648   0x00001648   0x000000e4   Code   RO         4776    .text               c_w.l(bigflt0.o)
    0x0000172c   0x0000172c   0x00000008   Code   RO         4808    .text               c_w.l(libspace.o)
    0x00001734   0x00001734   0x0000004a   Code   RO         4811    .text               c_w.l(sys_stackheap_outer.o)
    0x0000177e   0x0000177e   0x00000002   PAD
    0x00001780   0x00001780   0x00000010   Code   RO         4813    .text               c_w.l(rt_ctype_table.o)
    0x00001790   0x00001790   0x00000012   Code   RO         4815    .text               c_w.l(exit.o)
    0x000017a2   0x000017a2   0x00000002   PAD
    0x000017a4   0x000017a4   0x0000000c   Code   RO         4890    .text               c_w.l(sys_exit.o)
    0x000017b0   0x000017b0   0x00000002   Code   RO         4901    .text               c_w.l(use_no_semi.o)
    0x000017b2   0x000017b2   0x00000000   Code   RO         4903    .text               c_w.l(indicate_semi.o)
    0x000017b2   0x000017b2   0x0000003e   Code   RO         4779    CL$$btod_d2e        c_w.l(btod.o)
    0x000017f0   0x000017f0   0x00000046   Code   RO         4781    CL$$btod_d2e_denorm_low  c_w.l(btod.o)
    0x00001836   0x00001836   0x00000060   Code   RO         4780    CL$$btod_d2e_norm_op1  c_w.l(btod.o)
    0x00001896   0x00001896   0x00000338   Code   RO         4789    CL$$btod_div_common  c_w.l(btod.o)
    0x00001bce   0x00001bce   0x000000dc   Code   RO         4786    CL$$btod_e2e        c_w.l(btod.o)
    0x00001caa   0x00001caa   0x0000002a   Code   RO         4783    CL$$btod_ediv       c_w.l(btod.o)
    0x00001cd4   0x00001cd4   0x0000002a   Code   RO         4782    CL$$btod_emul       c_w.l(btod.o)
    0x00001cfe   0x00001cfe   0x00000244   Code   RO         4788    CL$$btod_mult_common  c_w.l(btod.o)
    0x00001f42   0x00001f42   0x00000002   PAD
    0x00001f44   0x00001f44   0x0000002c   Code   RO         1844    i.ADC_ConvThermistorTempToReal  adcagent.o
    0x00001f70   0x00001f70   0x00000084   Code   RO         1845    i.ADC_GetM487Temperature  adcagent.o
    0x00001ff4   0x00001ff4   0x0000000c   Code   RO         1846    i.ADC_GetVR         adcagent.o
    0x00002000   0x00002000   0x0000008c   Code   RO         1847    i.ADC_Initial       adcagent.o
    0x0000208c   0x0000208c   0x0000008c   Code   RO         1848    i.ADC_Task          adcagent.o
    0x00002118   0x00002118   0x00000040   Code   RO            4    i.ADC_speed_control  main.o
    0x00002158   0x00002158   0x0000006c   Code   RO         1902    i.BTN_init          bnctl.o
    0x000021c4   0x000021c4   0x000000a4   Code   RO            5    i.BTN_speed_control  main.o
    0x00002268   0x00002268   0x000000fc   Code   RO         1903    i.BTN_task          bnctl.o
    0x00002364   0x00002364   0x00000010   Code   RO         1904    i.Btn_IsDown        bnctl.o
    0x00002374   0x00002374   0x00000010   Code   RO         1905    i.Btn_IsOneShot     bnctl.o
    0x00002384   0x00002384   0x00000010   Code   RO         1906    i.Btn_OneShotClear  bnctl.o
    0x00002394   0x00002394   0x00000018   Code   RO          437    i.CLK_DisablePLL    clk.o
    0x000023ac   0x000023ac   0x00000028   Code   RO          442    i.CLK_EnableModuleClock  clk.o
    0x000023d4   0x000023d4   0x00000194   Code   RO          443    i.CLK_EnablePLL     clk.o
    0x00002568   0x00002568   0x00000014   Code   RO          446    i.CLK_EnableXtalRC  clk.o
    0x0000257c   0x0000257c   0x00000078   Code   RO          453    i.CLK_GetPCLK0Freq  clk.o
    0x000025f4   0x000025f4   0x00000078   Code   RO          454    i.CLK_GetPCLK1Freq  clk.o
    0x0000266c   0x0000266c   0x00000074   Code   RO          455    i.CLK_GetPLLClockFreq  clk.o
    0x000026e0   0x000026e0   0x000000a4   Code   RO          459    i.CLK_SetCoreClock  clk.o
    0x00002784   0x00002784   0x0000007c   Code   RO          460    i.CLK_SetHCLK       clk.o
    0x00002800   0x00002800   0x00000070   Code   RO          461    i.CLK_SetModuleClock  clk.o
    0x00002870   0x00002870   0x00000018   Code   RO          463    i.CLK_SetSysTickClockSrc  clk.o
    0x00002888   0x00002888   0x00000034   Code   RO         1284    i.CLK_SysTickDelay  lcdconf.o
    0x000028bc   0x000028bc   0x0000002c   Code   RO          464    i.CLK_WaitClockReady  clk.o
    0x000028e8   0x000028e8   0x0000000c   Code   RO         2240    i.CQ_Clear          uart1.o
    0x000028f4   0x000028f4   0x0000001e   Code   RO         2241    i.CQ_DeQ            uart1.o
    0x00002912   0x00002912   0x0000001c   Code   RO         2242    i.CQ_EnQ            uart1.o
    0x0000292e   0x0000292e   0x00000016   Code   RO         2243    i.CQ_IsEmpty        uart1.o
    0x00002944   0x00002944   0x0000001c   Code   RO         2244    i.CQ_IsFull         uart1.o
    0x00002960   0x00002960   0x0000004c   Code   RO         2245    i.ChangeBaudRate    uart1.o
    0x000029ac   0x000029ac   0x0000000c   Code   RO            6    i.ClearEEPROM       main.o
    0x000029b8   0x000029b8   0x00000054   Code   RO            7    i.ConfigWithEEPROM  main.o
    0x00002a0c   0x00002a0c   0x00000008   Code   RO         1964    i.Display_Init      display.o
    0x00002a14   0x00002a14   0x00000020   Code   RO         1965    i.Display_buf       display.o
    0x00002a34   0x00002a34   0x00000030   Code   RO          639    i.EADC_ConfigSampleModule  eadc.o
    0x00002a64   0x00002a64   0x00000022   Code   RO          640    i.EADC_Open         eadc.o
    0x00002a86   0x00002a86   0x00000028   Code   RO          641    i.EADC_SetExtendSampleTime  eadc.o
    0x00002aae   0x00002aae   0x00000002   PAD
    0x00002ab0   0x00002ab0   0x000000e8   Code   RO         1285    i.EBI_FuncPinInit   lcdconf.o
    0x00002b98   0x00002b98   0x00000194   Code   RO          691    i.EBI_Open          ebi.o
    0x00002d2c   0x00002d2c   0x00000090   Code   RO            8    i.EEPROM_control    main.o
    0x00002dbc   0x00002dbc   0x00000014   Code   RO          731    i.FMC_Close         fmc.o
    0x00002dd0   0x00002dd0   0x00000014   Code   RO          741    i.FMC_Open          fmc.o
    0x00002de4   0x00002de4   0x00000032   Code   RO          905    i.GPIO_SetMode      gpio.o
    0x00002e16   0x00002e16   0x00000040   Code   RO         2929    i.GUIDRV_FlexColor_Config  NUemWin_CM4_Keil.lib(GUIDRV_FlexColor.o)
    0x00002e56   0x00002e56   0x00000032   Code   RO         2930    i.GUIDRV_FlexColor_SetFunc  NUemWin_CM4_Keil.lib(GUIDRV_FlexColor.o)
    0x00002e88   0x00002e88   0x00000068   Code   RO         3058    i.GUIDRV_FlexColor_SetFunc66709  NUemWin_CM4_Keil.lib(GUIDRV_FlexColor_Func66709.o)
    0x00002ef0   0x00002ef0   0x00000068   Code   RO         3048    i.GUIDRV_FlexColor_SetMode16bppC0B16  NUemWin_CM4_Keil.lib(GUIDRV_FlexColor_16bpp_C0B16.o)
    0x00002f58   0x00002f58   0x00000060   Code   RO         3059    i.GUIDRV_FlexColor_SetReadFunc66709_B16  NUemWin_CM4_Keil.lib(GUIDRV_FlexColor_Func66709.o)
    0x00002fb8   0x00002fb8   0x000000ba   Code   RO         2936    i.GUIDRV_FlexColor__GetPixelIndexNoCache  NUemWin_CM4_Keil.lib(GUIDRV_FlexColor.o)
    0x00003072   0x00003072   0x00000002   PAD
    0x00003074   0x00003074   0x00000040   Code   RO         2937    i.GUIDRV_FlexColor__InitOnce  NUemWin_CM4_Keil.lib(GUIDRV_FlexColor.o)
    0x000030b4   0x000030b4   0x0000003c   Code   RO         2942    i.GUIDRV_FlexColor__SetLog2Phys  NUemWin_CM4_Keil.lib(GUIDRV_FlexColor.o)
    0x000030f0   0x000030f0   0x0000009a   Code   RO         2944    i.GUIDRV_FlexColor__SetPixelIndexNoCache  NUemWin_CM4_Keil.lib(GUIDRV_FlexColor.o)
    0x0000318a   0x0000318a   0x00000002   PAD
    0x0000318c   0x0000318c   0x00000138   Code   RO         3223    i.GUIMONO_DispChar  NUemWin_CM4_Keil.lib(GUI_CharM.o)
    0x000032c4   0x000032c4   0x00000018   Code   RO         3224    i.GUIMONO_GetCharDistX  NUemWin_CM4_Keil.lib(GUI_CharM.o)
    0x000032dc   0x000032dc   0x00000006   Code   RO         3225    i.GUIMONO_GetFontInfo  NUemWin_CM4_Keil.lib(GUI_CharM.o)
    0x000032e2   0x000032e2   0x00000038   Code   RO         3226    i.GUIMONO_IsInFont  NUemWin_CM4_Keil.lib(GUI_CharM.o)
    0x0000331a   0x0000331a   0x00000002   PAD
    0x0000331c   0x0000331c   0x000000f0   Code   RO         3231    i.GUIPROP_DispChar  NUemWin_CM4_Keil.lib(GUI_CharP.o)
    0x0000340c   0x0000340c   0x00000060   Code   RO         3232    i.GUIPROP_GetCharDistX  NUemWin_CM4_Keil.lib(GUI_CharP.o)
    0x0000346c   0x0000346c   0x00000006   Code   RO         3233    i.GUIPROP_GetFontInfo  NUemWin_CM4_Keil.lib(GUI_CharP.o)
    0x00003472   0x00003472   0x00000024   Code   RO         3234    i.GUIPROP_IsInFont  NUemWin_CM4_Keil.lib(GUI_CharP.o)
    0x00003496   0x00003496   0x0000000a   Code   RO         2503    i.GUI_ALLOC_AllocNoInit  NUemWin_CM4_Keil.lib(GUI_Alloc.o)
    0x000034a0   0x000034a0   0x00000070   Code   RO         2504    i.GUI_ALLOC_AllocZero  NUemWin_CM4_Keil.lib(GUI_Alloc.o)
    0x00003510   0x00003510   0x00000010   Code   RO         2505    i.GUI_ALLOC_AssignMemory  NUemWin_CM4_Keil.lib(GUI_Alloc.o)
    0x00003520   0x00003520   0x00000038   Code   RO         2507    i.GUI_ALLOC_Free    NUemWin_CM4_Keil.lib(GUI_Alloc.o)
    0x00003558   0x00003558   0x0000001c   Code   RO         2508    i.GUI_ALLOC_FreeFixedBlock  NUemWin_CM4_Keil.lib(GUI_Alloc.o)
    0x00003574   0x00003574   0x000000b0   Code   RO         2511    i.GUI_ALLOC_GetFixedBlock  NUemWin_CM4_Keil.lib(GUI_Alloc.o)
    0x00003624   0x00003624   0x00000028   Code   RO         2521    i.GUI_ALLOC_LockH   NUemWin_CM4_Keil.lib(GUI_Alloc.o)
    0x0000364c   0x0000364c   0x00000030   Code   RO         2528    i.GUI_ALLOC_UnlockH  NUemWin_CM4_Keil.lib(GUI_Alloc.o)
    0x0000367c   0x0000367c   0x00000014   Code   RO         2529    i.GUI_ALLOC_h2p     NUemWin_CM4_Keil.lib(GUI_Alloc.o)
    0x00003690   0x00003690   0x0000003e   Code   RO         2580    i.GUI_CalcColorDist  NUemWin_CM4_Keil.lib(GUI_Common.o)
    0x000036ce   0x000036ce   0x00000002   PAD
    0x000036d0   0x000036d0   0x00000068   Code   RO         2748    i.GUI_Clear         NUemWin_CM4_Keil.lib(GUI_Core.o)
    0x00003738   0x00003738   0x00000070   Code   RO         2821    i.GUI_DEVICE_CreateAndLink  NUemWin_CM4_Keil.lib(GUI_Device.o)
    0x000037a8   0x000037a8   0x00000004   Code   RO         2822    i.GUI_DEVICE_Delete  NUemWin_CM4_Keil.lib(GUI_Device.o)
    0x000037ac   0x000037ac   0x000000a4   Code   RO         2823    i.GUI_DEVICE_Link   NUemWin_CM4_Keil.lib(GUI_Device.o)
    0x00003850   0x00003850   0x0000003c   Code   RO         2825    i.GUI_DEVICE_Unlink  NUemWin_CM4_Keil.lib(GUI_Device.o)
    0x0000388c   0x0000388c   0x00000028   Code   RO         2828    i.GUI_DEVICE__GetpDriver  NUemWin_CM4_Keil.lib(GUI_Device.o)
    0x000038b4   0x000038b4   0x00000104   Code   RO         2838    i.GUI_DispString    NUemWin_CM4_Keil.lib(GUI_DispString.o)
    0x000039b8   0x000039b8   0x00000010   Code   RO         2839    i.GUI_DispStringAt  NUemWin_CM4_Keil.lib(GUI_DispString.o)
    0x000039c8   0x000039c8   0x00000014   Code   RO         3447    i.GUI_GetBitsPerPixelEx  NUemWin_CM4_Keil.lib(LCD_GetEx.o)
    0x000039dc   0x000039dc   0x0000000e   Code   RO         2595    i.GUI_GetBkColor    NUemWin_CM4_Keil.lib(GUI_Common.o)
    0x000039ea   0x000039ea   0x00000002   PAD
    0x000039ec   0x000039ec   0x00000010   Code   RO         3202    i.GUI_GetCharDistX  NUemWin_CM4_Keil.lib(GUI_Char.o)
    0x000039fc   0x000039fc   0x00000010   Code   RO         3203    i.GUI_GetCharDistXEx  NUemWin_CM4_Keil.lib(GUI_Char.o)
    0x00003a0c   0x00003a0c   0x0000000e   Code   RO         2598    i.GUI_GetColor      NUemWin_CM4_Keil.lib(GUI_Common.o)
    0x00003a1a   0x00003a1a   0x00000002   PAD
    0x00003a1c   0x00003a1c   0x00000010   Code   RO         3204    i.GUI_GetFontDistY  NUemWin_CM4_Keil.lib(GUI_Char.o)
    0x00003a2c   0x00003a2c   0x00000034   Code   RO         3205    i.GUI_GetYAdjust    NUemWin_CM4_Keil.lib(GUI_Char.o)
    0x00003a60   0x00003a60   0x00000010   Code   RO         3448    i.GUI_GetpfColor2IndexEx  NUemWin_CM4_Keil.lib(LCD_GetEx.o)
    0x00003a70   0x00003a70   0x00000010   Code   RO         3449    i.GUI_GetpfIndex2ColorEx  NUemWin_CM4_Keil.lib(LCD_GetEx.o)
    0x00003a80   0x00003a80   0x00000010   Code   RO         2620    i.GUI_GotoXY        NUemWin_CM4_Keil.lib(GUI_Common.o)
    0x00003a90   0x00003a90   0x00000164   Code   RO         2757    i.GUI_Init          NUemWin_CM4_Keil.lib(GUI_Core.o)
    0x00003bf4   0x00003bf4   0x00000044   Code   RO         4086    i.GUI_MEMDEV_Delete  NUemWin_CM4_Keil.lib(GUIDEV.o)
    0x00003c38   0x00003c38   0x00000024   Code   RO         4087    i.GUI_MEMDEV_GetBitsPerPixel  NUemWin_CM4_Keil.lib(GUIDEV.o)
    0x00003c5c   0x00003c5c   0x0000001c   Code   RO         4397    i.GUI_MEMDEV_GetDataPtr  NUemWin_CM4_Keil.lib(GUIDEV_GetDataPtr.o)
    0x00003c78   0x00003c78   0x0000081c   Code   RO         4132    i.GUI_MEMDEV__WriteToActiveOpaque  NUemWin_CM4_Keil.lib(GUIDEV_WriteToActiveOpaque.o)
    0x00004494   0x00004494   0x0000005c   Code   RO         2626    i.GUI_MergeRect     NUemWin_CM4_Keil.lib(GUI_Common.o)
    0x000044f0   0x000044f0   0x00000020   Code   RO         2627    i.GUI_MoveRect      NUemWin_CM4_Keil.lib(GUI_Common.o)
    0x00004510   0x00004510   0x00000038   Code   RO         2628    i.GUI_RectsIntersect  NUemWin_CM4_Keil.lib(GUI_Common.o)
    0x00004548   0x00004548   0x00000012   Code   RO         2632    i.GUI_SelectLCD     NUemWin_CM4_Keil.lib(GUI_Common.o)
    0x0000455a   0x0000455a   0x00000002   PAD
    0x0000455c   0x0000455c   0x00000024   Code   RO         3970    i.GUI_SelectLayer   NUemWin_CM4_Keil.lib(GUI_SelectLayer.o)
    0x00004580   0x00004580   0x00000004   Code   RO         2633    i.GUI_SetBkColor    NUemWin_CM4_Keil.lib(GUI_Common.o)
    0x00004584   0x00004584   0x00000004   Code   RO         2636    i.GUI_SetColor      NUemWin_CM4_Keil.lib(GUI_Common.o)
    0x00004588   0x00004588   0x0000000c   Code   RO         2763    i.GUI_SetDefaultFont  NUemWin_CM4_Keil.lib(GUI_Core.o)
    0x00004594   0x00004594   0x00000014   Code   RO         2641    i.GUI_SetFont       NUemWin_CM4_Keil.lib(GUI_Common.o)
    0x000045a8   0x000045a8   0x00000034   Code   RO         2644    i.GUI_SetOrg        NUemWin_CM4_Keil.lib(GUI_Common.o)
    0x000045dc   0x000045dc   0x00000010   Code   RO         3302    i.GUI_SignalEvent   NUemWin_CM4_Keil.lib(GUI_WaitEvent.o)
    0x000045ec   0x000045ec   0x00000014   Code   RO         3260    i.GUI_StoreKey      NUemWin_CM4_Keil.lib(GUI_OnKey.o)
    0x00004600   0x00004600   0x0000002c   Code   RO         3276    i.GUI_UC__GetCharCodeInc  NUemWin_CM4_Keil.lib(GUI_UC.o)
    0x0000462c   0x0000462c   0x0000002c   Code   RO         3278    i.GUI_UC__NumChars2NumBytes  NUemWin_CM4_Keil.lib(GUI_UC.o)
    0x00004658   0x00004658   0x00000028   Code   RO         4126    i.GUI_USAGE_AddRect  NUemWin_CM4_Keil.lib(GUIDEV_Usage.o)
    0x00004680   0x00004680   0x00000024   Code   RO         4127    i.GUI_USAGE_DecUseCnt  NUemWin_CM4_Keil.lib(GUIDEV_Usage.o)
    0x000046a4   0x000046a4   0x0000001c   Code   RO         1006    i.GUI_X_Config      guiconf.o
    0x000046c0   0x000046c0   0x00000002   Code   RO          954    i.GUI_X_ExecIdle    gui_x.o
    0x000046c2   0x000046c2   0x00000002   Code   RO          956    i.GUI_X_Init        gui_x.o
    0x000046c4   0x000046c4   0x0000018c   Code   RO         4346    i.GUI__CompactPixelIndices  NUemWin_CM4_Keil.lib(GUI__CompactPixelIndices.o)
    0x00004850   0x00004850   0x000001e4   Code   RO         3212    i.GUI__DispLine     NUemWin_CM4_Keil.lib(GUI_CharLine.o)
    0x00004a34   0x00004a34   0x00000078   Code   RO         3213    i.GUI__GetLineDistX  NUemWin_CM4_Keil.lib(GUI_CharLine.o)
    0x00004aac   0x00004aac   0x00000044   Code   RO         3214    i.GUI__GetLineNumChars  NUemWin_CM4_Keil.lib(GUI_CharLine.o)
    0x00004af0   0x00004af0   0x00000042   Code   RO         3321    i.GUI__IntersectRect  NUemWin_CM4_Keil.lib(GUI__Private.o)
    0x00004b32   0x00004b32   0x00000052   Code   RO         3322    i.GUI__IntersectRects  NUemWin_CM4_Keil.lib(GUI__Private.o)
    0x00004b84   0x00004b84   0x00000010   Code   RO         4041    i.GUI__ManageCache  NUemWin_CM4_Keil.lib(GUI__ManageCache.o)
    0x00004b94   0x00004b94   0x000000e8   Code   RO         4042    i.GUI__ManageCacheEx  NUemWin_CM4_Keil.lib(GUI__ManageCache.o)
    0x00004c7c   0x00004c7c   0x00000010   Code   RO         2772    i.GUI__RegisterExit  NUemWin_CM4_Keil.lib(GUI_Core.o)
    0x00004c8c   0x00004c8c   0x000000a6   Code   RO         3330    i.GUI__memset16     NUemWin_CM4_Keil.lib(GUI__Private.o)
    0x00004d32   0x00004d32   0x00000002   PAD
    0x00004d34   0x00004d34   0x0000002c   Code   RO         2358    i.Hard_Fault_Handler  retarget.o
    0x00004d60   0x00004d60   0x00000030   Code   RO         2001    i.I2C2_IRQHandler   i2c_eeprom.o
    0x00004d90   0x00004d90   0x0000000a   Code   RO         1022    i.I2C_ClearTimeoutFlag  i2c.o
    0x00004d9a   0x00004d9a   0x00000002   PAD
    0x00004d9c   0x00004d9c   0x00000068   Code   RO         2002    i.I2C_EEPROM_Init   i2c_eeprom.o
    0x00004e04   0x00004e04   0x00000058   Code   RO         2003    i.I2C_EEPROM_Read   i2c_eeprom.o
    0x00004e5c   0x00004e5c   0x00000050   Code   RO         2004    i.I2C_EEPROM_Write  i2c_eeprom.o
    0x00004eac   0x00004eac   0x0000000a   Code   RO         1027    i.I2C_EnableInt     i2c.o
    0x00004eb6   0x00004eb6   0x00000002   PAD
    0x00004eb8   0x00004eb8   0x00000028   Code   RO         1030    i.I2C_GetBusClockFreq  i2c.o
    0x00004ee0   0x00004ee0   0x00000148   Code   RO         2005    i.I2C_MasterRx      i2c_eeprom.o
    0x00005028   0x00005028   0x000000ec   Code   RO         2006    i.I2C_MasterTx      i2c_eeprom.o
    0x00005114   0x00005114   0x0000004c   Code   RO         1034    i.I2C_Open          i2c.o
    0x00005160   0x00005160   0x0000003c   Code   RO         2007    i.I2C_PIN_Init      i2c_eeprom.o
    0x0000519c   0x0000519c   0x00000016   Code   RO         2008    i.I2C_STOP          i2c_eeprom.o
    0x000051b2   0x000051b2   0x00000002   PAD
    0x000051b4   0x000051b4   0x000002d4   Code   RO         1286    i.ILI9341_Initial   lcdconf.o
    0x00005488   0x00005488   0x0000001c   Code   RO         3380    i.LCD_Color2Index   NUemWin_CM4_Keil.lib(LCD.o)
    0x000054a4   0x000054a4   0x00000280   Code   RO         3381    i.LCD_DrawBitmap    NUemWin_CM4_Keil.lib(LCD.o)
    0x00005724   0x00005724   0x00000064   Code   RO         3382    i.LCD_DrawHLine     NUemWin_CM4_Keil.lib(LCD.o)
    0x00005788   0x00005788   0x00000070   Code   RO         3383    i.LCD_DrawPixel     NUemWin_CM4_Keil.lib(LCD.o)
    0x000057f8   0x000057f8   0x0000006c   Code   RO         3386    i.LCD_FillRect      NUemWin_CM4_Keil.lib(LCD.o)
    0x00005864   0x00005864   0x0000001e   Code   RO         3451    i.LCD_GetBitsPerPixelEx  NUemWin_CM4_Keil.lib(LCD_GetEx.o)
    0x00005882   0x00005882   0x00000002   PAD
    0x00005884   0x00005884   0x00000010   Code   RO         3443    i.LCD_GetBkColorIndex  NUemWin_CM4_Keil.lib(LCD_GetColorIndex.o)
    0x00005894   0x00005894   0x00000010   Code   RO         3444    i.LCD_GetColorIndex  NUemWin_CM4_Keil.lib(LCD_GetColorIndex.o)
    0x000058a4   0x000058a4   0x00000028   Code   RO         3458    i.LCD_GetNumColors  NUemWin_CM4_Keil.lib(LCD_GetEx.o)
    0x000058cc   0x000058cc   0x0000001e   Code   RO         3459    i.LCD_GetNumColorsEx  NUemWin_CM4_Keil.lib(LCD_GetEx.o)
    0x000058ea   0x000058ea   0x00000014   Code   RO         4075    i.LCD_GetNumLayers  NUemWin_CM4_Keil.lib(LCD_GetNumDisplays.o)
    0x000058fe   0x000058fe   0x00000002   PAD
    0x00005900   0x00005900   0x00000024   Code   RO         3460    i.LCD_GetPalette    NUemWin_CM4_Keil.lib(LCD_GetEx.o)
    0x00005924   0x00005924   0x0000000c   Code   RO         3475    i.LCD_GetXSizeDisplay  NUemWin_CM4_Keil.lib(LCD_GetEx.o)
    0x00005930   0x00005930   0x00000022   Code   RO         3477    i.LCD_GetXSizeMax   NUemWin_CM4_Keil.lib(LCD_GetEx.o)
    0x00005952   0x00005952   0x00000002   PAD
    0x00005954   0x00005954   0x0000000c   Code   RO         3481    i.LCD_GetYSizeDisplay  NUemWin_CM4_Keil.lib(LCD_GetEx.o)
    0x00005960   0x00005960   0x00000022   Code   RO         3483    i.LCD_GetYSizeMax   NUemWin_CM4_Keil.lib(LCD_GetEx.o)
    0x00005982   0x00005982   0x00000002   PAD
    0x00005984   0x00005984   0x00000074   Code   RO         3426    i.LCD_GetpPalConvTableBM  NUemWin_CM4_Keil.lib(LCD_Color.o)
    0x000059f8   0x000059f8   0x0000001c   Code   RO         3387    i.LCD_Index2Color   NUemWin_CM4_Keil.lib(LCD.o)
    0x00005a14   0x00005a14   0x00000030   Code   RO         2491    i.LCD_Index2Color_565  NUemWin_CM4_Keil.lib(GUICC_565.o)
    0x00005a44   0x00005a44   0x000000ac   Code   RO         3388    i.LCD_Init          NUemWin_CM4_Keil.lib(LCD.o)
    0x00005af0   0x00005af0   0x00000038   Code   RO         3428    i.LCD_InitColors    NUemWin_CM4_Keil.lib(LCD_Color.o)
    0x00005b28   0x00005b28   0x00000088   Code   RO         3429    i.LCD_InitLUT       NUemWin_CM4_Keil.lib(LCD_Color.o)
    0x00005bb0   0x00005bb0   0x0000000c   Code   RO         1287    i.LCD_RD_DATA       lcdconf.o
    0x00005bbc   0x00005bbc   0x00000048   Code   RO         3562    i.LCD_SelectLCD     NUemWin_CM4_Keil.lib(LCD_SelectLCD.o)
    0x00005c04   0x00005c04   0x0000000c   Code   RO         3390    i.LCD_SetBkColor    NUemWin_CM4_Keil.lib(LCD.o)
    0x00005c10   0x00005c10   0x00000018   Code   RO         3391    i.LCD_SetBkColorIndex  NUemWin_CM4_Keil.lib(LCD.o)
    0x00005c28   0x00005c28   0x00000034   Code   RO         4080    i.LCD_SetClipRectEx  NUemWin_CM4_Keil.lib(LCD_SetClipRectEx.o)
    0x00005c5c   0x00005c5c   0x0000001c   Code   RO         3392    i.LCD_SetClipRectMax  NUemWin_CM4_Keil.lib(LCD.o)
    0x00005c78   0x00005c78   0x0000000c   Code   RO         3393    i.LCD_SetColor      NUemWin_CM4_Keil.lib(LCD.o)
    0x00005c84   0x00005c84   0x00000018   Code   RO         3394    i.LCD_SetColorIndex  NUemWin_CM4_Keil.lib(LCD.o)
    0x00005c9c   0x00005c9c   0x0000000c   Code   RO         3486    i.LCD_SetDisplaySize  NUemWin_CM4_Keil.lib(LCD_GetEx.o)
    0x00005ca8   0x00005ca8   0x0000000c   Code   RO         3395    i.LCD_SetDrawMode   NUemWin_CM4_Keil.lib(LCD.o)
    0x00005cb4   0x00005cb4   0x0000002c   Code   RO         2885    i.LCD_SetLUTEntryEx  NUemWin_CM4_Keil.lib(LCD_Set.o)
    0x00005ce0   0x00005ce0   0x0000002c   Code   RO         2890    i.LCD_SetSizeEx     NUemWin_CM4_Keil.lib(LCD_Set.o)
    0x00005d0c   0x00005d0c   0x0000002c   Code   RO         2894    i.LCD_SetVSizeEx    NUemWin_CM4_Keil.lib(LCD_Set.o)
    0x00005d38   0x00005d38   0x00000024   Code   RO         3564    i.LCD_UpdateColorIndices  NUemWin_CM4_Keil.lib(LCD_UpdateColorIndices.o)
    0x00005d5c   0x00005d5c   0x0000000c   Code   RO         1288    i.LCD_WR_DATA       lcdconf.o
    0x00005d68   0x00005d68   0x00000014   Code   RO         1289    i.LCD_WR_REG        lcdconf.o
    0x00005d7c   0x00005d7c   0x0000009c   Code   RO         1290    i.LCD_X_Config      lcdconf.o
    0x00005e18   0x00005e18   0x00000024   Code   RO         1291    i.LCD_X_DisplayDriver  lcdconf.o
    0x00005e3c   0x00005e3c   0x000001fc   Code   RO         3397    i.LCD__DrawBitmap_1bpp  NUemWin_CM4_Keil.lib(LCD.o)
    0x00006038   0x00006038   0x0000008e   Code   RO         3488    i.LCD__GetBPPDevice  NUemWin_CM4_Keil.lib(LCD_GetEx.o)
    0x000060c6   0x000060c6   0x00000002   PAD
    0x000060c8   0x000060c8   0x00000018   Code   RO         1292    i.LcdReadDataMultiple  lcdconf.o
    0x000060e0   0x000060e0   0x00000018   Code   RO         1293    i.LcdWriteDataMultiple  lcdconf.o
    0x000060f8   0x000060f8   0x00000024   Code   RO            9    i.ReadDataFromEEPROM  main.o
    0x0000611c   0x0000611c   0x0000006c   Code   RO         2130    i.SYS_Init          system_init.o
    0x00006188   0x00006188   0x00000028   Code   RO         1563    i.SYS_ResetModule   sys.o
    0x000061b0   0x000061b0   0x00000028   Code   RO           11    i.SaveDataToEEPROM  main.o
    0x000061d8   0x000061d8   0x0000000c   Code   RO         2360    i.SendChar          retarget.o
    0x000061e4   0x000061e4   0x00000030   Code   RO         2361    i.SendChar_ToUART   retarget.o
    0x00006214   0x00006214   0x00000014   Code   RO         2083    i.SpeedToPeriod     stepmotoragent.o
    0x00006228   0x00006228   0x00000058   Code   RO         2084    i.StepMtr_Initial   stepmotoragent.o
    0x00006280   0x00006280   0x00000114   Code   RO         2085    i.StepMtr_Task      stepmotoragent.o
    0x00006394   0x00006394   0x00000024   Code   RO         2246    i.StrPush           uart1.o
    0x000063b8   0x000063b8   0x00000064   Code   RO         2454    i.SystemCoreClockUpdate  system_m480.o
    0x0000641c   0x0000641c   0x00000094   Code   RO         2455    i.SystemInit        system_m480.o
    0x000064b0   0x000064b0   0x0000002c   Code   RO         2195    i.TMR0_IRQHandler   tmr.o
    0x000064dc   0x000064dc   0x000000a0   Code   RO         2196    i.TMR0_Initial      tmr.o
    0x0000657c   0x0000657c   0x0000001c   Code   RO         2164    i.Temp_Sensor_Enable  tempsensor.o
    0x00006598   0x00006598   0x00000034   Code   RO         2247    i.UART1_IRQHandler  uart1.o
    0x000065cc   0x000065cc   0x00000090   Code   RO         2248    i.UART1_Initial     uart1.o
    0x0000665c   0x0000665c   0x00000018   Code   RO         2249    i.UART1_IsRxDataReady  uart1.o
    0x00006674   0x00006674   0x00000010   Code   RO         2250    i.UART1_IsTxBufFull  uart1.o
    0x00006684   0x00006684   0x00000010   Code   RO         2251    i.UART1_ReadByte    uart1.o
    0x00006694   0x00006694   0x0000002c   Code   RO         2252    i.UART1_TxData      uart1.o
    0x000066c0   0x000066c0   0x00000034   Code   RO         2253    i.UART1_TxTask      uart1.o
    0x000066f4   0x000066f4   0x00000014   Code   RO         2254    i.UART1_WriteByte   uart1.o
    0x00006708   0x00006708   0x0000026c   Code   RO           12    i.UART1_speed_control  main.o
    0x00006974   0x00006974   0x00000008   Code   RO         1742    i.UART_EnableInt    uart.o
    0x0000697c   0x0000697c   0x00000140   Code   RO         1743    i.UART_Open         uart.o
    0x00006abc   0x00006abc   0x0000003a   Code   RO         1744    i.UART_Read         uart.o
    0x00006af6   0x00006af6   0x0000003a   Code   RO         1750    i.UART_Write        uart.o
    0x00006b30   0x00006b30   0x00000010   Code   RO         3689    i.WM_Activate       NUemWin_CM4_Keil.lib(WM.o)
    0x00006b40   0x00006b40   0x0000008c   Code   RO         3791    i.WM_BringToBottom  NUemWin_CM4_Keil.lib(WM_Lib.o)
    0x00006bcc   0x00006bcc   0x0000016c   Code   RO         3691    i.WM_CreateWindowAsChild  NUemWin_CM4_Keil.lib(WM.o)
    0x00006d38   0x00006d38   0x00000048   Code   RO         3693    i.WM_DefaultProc    NUemWin_CM4_Keil.lib(WM.o)
    0x00006d80   0x00006d80   0x0000000c   Code   RO         3804    i.WM_GetDesktopWindow  NUemWin_CM4_Keil.lib(WM_Lib.o)
    0x00006d8c   0x00006d8c   0x00000010   Code   RO         3807    i.WM_GetFirstChild  NUemWin_CM4_Keil.lib(WM_Lib.o)
    0x00006d9c   0x00006d9c   0x00000010   Code   RO         3820    i.WM_GetParent      NUemWin_CM4_Keil.lib(WM_Lib.o)
    0x00006dac   0x00006dac   0x000000c0   Code   RO         3699    i.WM_Init           NUemWin_CM4_Keil.lib(WM.o)
    0x00006e6c   0x00006e6c   0x000000d4   Code   RO         3700    i.WM_InvalidateRect  NUemWin_CM4_Keil.lib(WM.o)
    0x00006f40   0x00006f40   0x0000006e   Code   RO         3702    i.WM_InvalidateWindowAndDescsEx  NUemWin_CM4_Keil.lib(WM.o)
    0x00006fae   0x00006fae   0x00000026   Code   RO         3847    i.WM_SendToParent   NUemWin_CM4_Keil.lib(WM_Lib.o)
    0x00006fd4   0x00006fd4   0x000000d0   Code   RO         3706    i.WM__ActivateClipRect  NUemWin_CM4_Keil.lib(WM.o)
    0x000070a4   0x000070a4   0x00000010   Code   RO         4175    i.WM__AddCriticalHandle  NUemWin_CM4_Keil.lib(WM__Private.o)
    0x000070b4   0x000070b4   0x00000054   Code   RO         3708    i.WM__ClipAtParentBorders  NUemWin_CM4_Keil.lib(WM.o)
    0x00007108   0x00007108   0x00000020   Code   RO         4177    i.WM__GetClientRectEx  NUemWin_CM4_Keil.lib(WM__Private.o)
    0x00007128   0x00007128   0x00000018   Code   RO         3711    i.WM__GetClientRectWin  NUemWin_CM4_Keil.lib(WM.o)
    0x00007140   0x00007140   0x0000033c   Code   RO         3712    i.WM__GetNextIVR    NUemWin_CM4_Keil.lib(WM.o)
    0x0000747c   0x0000747c   0x00000030   Code   RO         4183    i.WM__GetPrevSibling  NUemWin_CM4_Keil.lib(WM__Private.o)
    0x000074ac   0x000074ac   0x00000104   Code   RO         3713    i.WM__InitIVRSearch  NUemWin_CM4_Keil.lib(WM.o)
    0x000075b0   0x000075b0   0x000000b6   Code   RO         3714    i.WM__InsertWindowIntoList  NUemWin_CM4_Keil.lib(WM.o)
    0x00007666   0x00007666   0x00000002   PAD
    0x00007668   0x00007668   0x00000058   Code   RO         3716    i.WM__InvalidateDrawAndDescs  NUemWin_CM4_Keil.lib(WM.o)
    0x000076c0   0x000076c0   0x000000d2   Code   RO         3718    i.WM__InvalidateRect  NUemWin_CM4_Keil.lib(WM.o)
    0x00007792   0x00007792   0x00000006   Code   RO         3719    i.WM__InvalidateRectEx  NUemWin_CM4_Keil.lib(WM.o)
    0x00007798   0x00007798   0x0000003c   Code   RO         4191    i.WM__SendMessage   NUemWin_CM4_Keil.lib(WM__Private.o)
    0x000077d4   0x000077d4   0x000000bc   Code   RO         2531    i._AddFreeMemory    NUemWin_CM4_Keil.lib(GUI_Alloc.o)
    0x00007890   0x00007890   0x000001e4   Code   RO         2532    i._Alloc            NUemWin_CM4_Keil.lib(GUI_Alloc.o)
    0x00007a74   0x00007a74   0x00000004   Code   RO         3289    i._CalcSizeOfChar   NUemWin_CM4_Keil.lib(GUI_UC_EncodeNone.o)
    0x00007a78   0x00007a78   0x00000080   Code   RO         2492    i._Color2IndexBulk  NUemWin_CM4_Keil.lib(GUICC_565.o)
    0x00007af8   0x00007af8   0x0000006e   Code   RO         3957    i._Color2Index_0    NUemWin_CM4_Keil.lib(GUICC_0.o)
    0x00007b66   0x00007b66   0x00000002   PAD
    0x00007b68   0x00007b68   0x0000002c   Code   RO         2493    i._Color2Index_565  NUemWin_CM4_Keil.lib(GUICC_565.o)
    0x00007b94   0x00007b94   0x00000022   Code   RO         2946    i._DrawBitmap       NUemWin_CM4_Keil.lib(GUIDRV_FlexColor.o)
    0x00007bb6   0x00007bb6   0x00000002   PAD
    0x00007bb8   0x00007bb8   0x000004f8   Code   RO         3049    i._DrawBitmap       NUemWin_CM4_Keil.lib(GUIDRV_FlexColor_16bpp_C0B16.o)
    0x000080b0   0x000080b0   0x00000820   Code   RO         3664    i._DrawBitmap       NUemWin_CM4_Keil.lib(GUIDEV_16.o)
    0x000088d0   0x000088d0   0x00000010   Code   RO         2947    i._DrawHLine        NUemWin_CM4_Keil.lib(GUIDRV_FlexColor.o)
    0x000088e0   0x000088e0   0x0000000a   Code   RO         3665    i._DrawHLine        NUemWin_CM4_Keil.lib(GUIDEV_16.o)
    0x000088ea   0x000088ea   0x00000012   Code   RO         2948    i._DrawVLine        NUemWin_CM4_Keil.lib(GUIDRV_FlexColor.o)
    0x000088fc   0x000088fc   0x00000114   Code   RO         3666    i._DrawVLine        NUemWin_CM4_Keil.lib(GUIDEV_16.o)
    0x00008a10   0x00008a10   0x00000006   Code   RO         3290    i._Encode           NUemWin_CM4_Keil.lib(GUI_UC_EncodeNone.o)
    0x00008a16   0x00008a16   0x00000002   PAD
    0x00008a18   0x00008a18   0x000000c8   Code   RO         2533    i._EnlargeBlocks    NUemWin_CM4_Keil.lib(GUI_Alloc.o)
    0x00008ae0   0x00008ae0   0x00000012   Code   RO         2949    i._FillRect         NUemWin_CM4_Keil.lib(GUIDRV_FlexColor.o)
    0x00008af2   0x00008af2   0x00000002   PAD
    0x00008af4   0x00008af4   0x0000014c   Code   RO         3050    i._FillRect         NUemWin_CM4_Keil.lib(GUIDRV_FlexColor_16bpp_C0B16.o)
    0x00008c40   0x00008c40   0x000000f4   Code   RO         3667    i._FillRect         NUemWin_CM4_Keil.lib(GUIDEV_16.o)
    0x00008d34   0x00008d34   0x0000008a   Code   RO         3729    i._Findx0           NUemWin_CM4_Keil.lib(WM.o)
    0x00008dbe   0x00008dbe   0x00000080   Code   RO         3730    i._Findx1           NUemWin_CM4_Keil.lib(WM.o)
    0x00008e3e   0x00008e3e   0x000000b4   Code   RO         3731    i._Findy1           NUemWin_CM4_Keil.lib(WM.o)
    0x00008ef2   0x00008ef2   0x00000004   Code   RO         3291    i._GetCharCode      NUemWin_CM4_Keil.lib(GUI_UC_EncodeNone.o)
    0x00008ef6   0x00008ef6   0x00000004   Code   RO         3292    i._GetCharSize      NUemWin_CM4_Keil.lib(GUI_UC_EncodeNone.o)
    0x00008efa   0x00008efa   0x0000000c   Code   RO         2950    i._GetDevData       NUemWin_CM4_Keil.lib(GUIDRV_FlexColor.o)
    0x00008f06   0x00008f06   0x00000002   PAD
    0x00008f08   0x00008f08   0x00000010   Code   RO         3668    i._GetDevData       NUemWin_CM4_Keil.lib(GUIDEV_16.o)
    0x00008f18   0x00008f18   0x0000009c   Code   RO         2951    i._GetDevFunc       NUemWin_CM4_Keil.lib(GUIDRV_FlexColor.o)
    0x00008fb4   0x00008fb4   0x00000010   Code   RO         3669    i._GetDevFunc       NUemWin_CM4_Keil.lib(GUIDEV_16.o)
    0x00008fc4   0x00008fc4   0x0000003c   Code   RO         2952    i._GetDevFunc_Exit  NUemWin_CM4_Keil.lib(GUIDRV_FlexColor.o)
    0x00009000   0x00009000   0x00000058   Code   RO         2953    i._GetDevFunc_Init  NUemWin_CM4_Keil.lib(GUIDRV_FlexColor.o)
    0x00009058   0x00009058   0x00000016   Code   RO         2954    i._GetDevFunc_Off   NUemWin_CM4_Keil.lib(GUIDRV_FlexColor.o)
    0x0000906e   0x0000906e   0x00000016   Code   RO         2955    i._GetDevFunc_On    NUemWin_CM4_Keil.lib(GUIDRV_FlexColor.o)
    0x00009084   0x00009084   0x00000002   Code   RO         2956    i._GetDevFunc_SetRect  NUemWin_CM4_Keil.lib(GUIDRV_FlexColor.o)
    0x00009086   0x00009086   0x00000002   PAD
    0x00009088   0x00009088   0x00000048   Code   RO         2957    i._GetDevFunc_SetRectOutside  NUemWin_CM4_Keil.lib(GUIDRV_FlexColor.o)
    0x000090d0   0x000090d0   0x00000014   Code   RO         2958    i._GetDevFunc_SetSize  NUemWin_CM4_Keil.lib(GUIDRV_FlexColor.o)
    0x000090e4   0x000090e4   0x00000014   Code   RO         2959    i._GetDevFunc_SetVSize  NUemWin_CM4_Keil.lib(GUIDRV_FlexColor.o)
    0x000090f8   0x000090f8   0x00000066   Code   RO         2960    i._GetDevProp       NUemWin_CM4_Keil.lib(GUIDRV_FlexColor.o)
    0x0000915e   0x0000915e   0x0000001a   Code   RO         3670    i._GetDevProp       NUemWin_CM4_Keil.lib(GUIDEV_16.o)
    0x00009178   0x00009178   0x00000052   Code   RO         3958    i._GetIndexMask_0   NUemWin_CM4_Keil.lib(GUICC_0.o)
    0x000091ca   0x000091ca   0x00000006   Code   RO         2494    i._GetIndexMask_565  NUemWin_CM4_Keil.lib(GUICC_565.o)
    0x000091d0   0x000091d0   0x00000008   Code   RO         2961    i._GetPixelIndex    NUemWin_CM4_Keil.lib(GUIDRV_FlexColor.o)
    0x000091d8   0x000091d8   0x0000003c   Code   RO         3671    i._GetPixelIndex    NUemWin_CM4_Keil.lib(GUIDEV_16.o)
    0x00009214   0x00009214   0x00000016   Code   RO         2962    i._GetRect          NUemWin_CM4_Keil.lib(GUIDRV_FlexColor.o)
    0x0000922a   0x0000922a   0x00000034   Code   RO         3672    i._GetRect          NUemWin_CM4_Keil.lib(GUIDEV_16.o)
    0x0000925e   0x0000925e   0x00000002   PAD
    0x00009260   0x00009260   0x0000009c   Code   RO         2495    i._Index2ColorBulk  NUemWin_CM4_Keil.lib(GUICC_565.o)
    0x000092fc   0x000092fc   0x00000020   Code   RO         3959    i._Index2Color_0    NUemWin_CM4_Keil.lib(GUICC_0.o)
    0x0000931c   0x0000931c   0x00000084   Code   RO         1294    i._InitController   lcdconf.o
    0x000093a0   0x000093a0   0x000000c0   Code   RO         2534    i._InitOnce         NUemWin_CM4_Keil.lib(GUI_Alloc.o)
    0x00009460   0x00009460   0x000000b4   Code   RO         3732    i._Invalidate1Abs   NUemWin_CM4_Keil.lib(WM.o)
    0x00009514   0x00009514   0x00000004   Code   RO         2963    i._Log2PhysX_X0Y0S0  NUemWin_CM4_Keil.lib(GUIDRV_FlexColor.o)
    0x00009518   0x00009518   0x00000004   Code   RO         2964    i._Log2PhysX_X0Y0S1  NUemWin_CM4_Keil.lib(GUIDRV_FlexColor.o)
    0x0000951c   0x0000951c   0x00000004   Code   RO         2965    i._Log2PhysX_X0Y1S0  NUemWin_CM4_Keil.lib(GUIDRV_FlexColor.o)
    0x00009520   0x00009520   0x00000004   Code   RO         2966    i._Log2PhysX_X0Y1S1  NUemWin_CM4_Keil.lib(GUIDRV_FlexColor.o)
    0x00009524   0x00009524   0x00000008   Code   RO         2967    i._Log2PhysX_X1Y0S0  NUemWin_CM4_Keil.lib(GUIDRV_FlexColor.o)
    0x0000952c   0x0000952c   0x00000008   Code   RO         2968    i._Log2PhysX_X1Y0S1  NUemWin_CM4_Keil.lib(GUIDRV_FlexColor.o)
    0x00009534   0x00009534   0x00000008   Code   RO         2969    i._Log2PhysX_X1Y1S0  NUemWin_CM4_Keil.lib(GUIDRV_FlexColor.o)
    0x0000953c   0x0000953c   0x00000008   Code   RO         2970    i._Log2PhysX_X1Y1S1  NUemWin_CM4_Keil.lib(GUIDRV_FlexColor.o)
    0x00009544   0x00009544   0x00000004   Code   RO         2971    i._Log2PhysY_X0Y0S0  NUemWin_CM4_Keil.lib(GUIDRV_FlexColor.o)
    0x00009548   0x00009548   0x00000004   Code   RO         2972    i._Log2PhysY_X0Y0S1  NUemWin_CM4_Keil.lib(GUIDRV_FlexColor.o)
    0x0000954c   0x0000954c   0x00000008   Code   RO         2973    i._Log2PhysY_X0Y1S0  NUemWin_CM4_Keil.lib(GUIDRV_FlexColor.o)
    0x00009554   0x00009554   0x00000008   Code   RO         2974    i._Log2PhysY_X0Y1S1  NUemWin_CM4_Keil.lib(GUIDRV_FlexColor.o)
    0x0000955c   0x0000955c   0x00000004   Code   RO         2975    i._Log2PhysY_X1Y0S0  NUemWin_CM4_Keil.lib(GUIDRV_FlexColor.o)
    0x00009560   0x00009560   0x00000004   Code   RO         2976    i._Log2PhysY_X1Y0S1  NUemWin_CM4_Keil.lib(GUIDRV_FlexColor.o)
    0x00009564   0x00009564   0x00000008   Code   RO         2977    i._Log2PhysY_X1Y1S0  NUemWin_CM4_Keil.lib(GUIDRV_FlexColor.o)
    0x0000956c   0x0000956c   0x00000008   Code   RO         2978    i._Log2PhysY_X1Y1S1  NUemWin_CM4_Keil.lib(GUIDRV_FlexColor.o)
    0x00009574   0x00009574   0x00000002   Code   RO         3216    i._Log2VisBuffered  NUemWin_CM4_Keil.lib(GUI_CharLine.o)
    0x00009576   0x00009576   0x00000002   PAD
    0x00009578   0x00009578   0x00000038   Code   RO         2774    i._OnExit           NUemWin_CM4_Keil.lib(GUI_Core.o)
    0x000095b0   0x000095b0   0x00000018   Code   RO         3432    i._OnExit           NUemWin_CM4_Keil.lib(LCD_Color.o)
    0x000095c8   0x000095c8   0x00000070   Code   RO         3733    i._OnExit           NUemWin_CM4_Keil.lib(WM.o)
    0x00009638   0x00009638   0x00000006   Code   RO         3051    i._ReadData         NUemWin_CM4_Keil.lib(GUIDRV_FlexColor_16bpp_C0B16.o)
    0x0000963e   0x0000963e   0x0000000c   Code   RO         2979    i._ReadPixelCust_16bpp  NUemWin_CM4_Keil.lib(GUIDRV_FlexColor.o)
    0x0000964a   0x0000964a   0x0000000c   Code   RO         2980    i._ReadPixelCust_18bpp  NUemWin_CM4_Keil.lib(GUIDRV_FlexColor.o)
    0x00009656   0x00009656   0x00000040   Code   RO         3060    i._ReadPixel_16bpp_B16_I  NUemWin_CM4_Keil.lib(GUIDRV_FlexColor_Func66709.o)
    0x00009696   0x00009696   0x00000024   Code   RO         3061    i._ReadPixel_16bpp_B16_II  NUemWin_CM4_Keil.lib(GUIDRV_FlexColor_Func66709.o)
    0x000096ba   0x000096ba   0x0000003a   Code   RO         3062    i._ReadPixel_16bpp_B16_III  NUemWin_CM4_Keil.lib(GUIDRV_FlexColor_Func66709.o)
    0x000096f4   0x000096f4   0x00000038   Code   RO         3063    i._ReadPixel_16bpp_B8  NUemWin_CM4_Keil.lib(GUIDRV_FlexColor_Func66709.o)
    0x0000972c   0x0000972c   0x00000034   Code   RO         2981    i._ReadRectCust_16bpp  NUemWin_CM4_Keil.lib(GUIDRV_FlexColor.o)
    0x00009760   0x00009760   0x00000034   Code   RO         2982    i._ReadRectCust_18bpp  NUemWin_CM4_Keil.lib(GUIDRV_FlexColor.o)
    0x00009794   0x00009794   0x00000068   Code   RO         3064    i._ReadRect_16bpp_B16_I  NUemWin_CM4_Keil.lib(GUIDRV_FlexColor_Func66709.o)
    0x000097fc   0x000097fc   0x00000048   Code   RO         3065    i._ReadRect_16bpp_B16_II  NUemWin_CM4_Keil.lib(GUIDRV_FlexColor_Func66709.o)
    0x00009844   0x00009844   0x00000092   Code   RO         3066    i._ReadRect_16bpp_B16_III  NUemWin_CM4_Keil.lib(GUIDRV_FlexColor_Func66709.o)
    0x000098d6   0x000098d6   0x00000064   Code   RO         3067    i._ReadRect_16bpp_B8  NUemWin_CM4_Keil.lib(GUIDRV_FlexColor_Func66709.o)
    0x0000993a   0x0000993a   0x00000002   PAD
    0x0000993c   0x0000993c   0x0000005c   Code   RO         2535    i._RemoveFreeBlock  NUemWin_CM4_Keil.lib(GUI_Alloc.o)
    0x00009998   0x00009998   0x000000d0   Code   RO         2536    i._RemoveHoles      NUemWin_CM4_Keil.lib(GUI_Alloc.o)
    0x00009a68   0x00009a68   0x00000038   Code   RO         3398    i._SetBkColor       NUemWin_CM4_Keil.lib(LCD.o)
    0x00009aa0   0x00009aa0   0x00000038   Code   RO         3399    i._SetColor         NUemWin_CM4_Keil.lib(LCD.o)
    0x00009ad8   0x00009ad8   0x000000a4   Code   RO         2983    i._SetDevFunc       NUemWin_CM4_Keil.lib(GUIDRV_FlexColor.o)
    0x00009b7c   0x00009b7c   0x00000038   Code   RO         3400    i._SetDrawMode      NUemWin_CM4_Keil.lib(LCD.o)
    0x00009bb4   0x00009bb4   0x00000034   Code   RO         3068    i._SetInterface     NUemWin_CM4_Keil.lib(GUIDRV_FlexColor_Func66709.o)
    0x00009be8   0x00009be8   0x00000016   Code   RO         2984    i._SetOrg           NUemWin_CM4_Keil.lib(GUIDRV_FlexColor.o)
    0x00009bfe   0x00009bfe   0x0000000e   Code   RO         3673    i._SetOrg           NUemWin_CM4_Keil.lib(GUIDEV_16.o)
    0x00009c0c   0x00009c0c   0x0000003c   Code   RO         3069    i._SetOrientation   NUemWin_CM4_Keil.lib(GUIDRV_FlexColor_Func66709.o)
    0x00009c48   0x00009c48   0x000000a8   Code   RO         3070    i._SetPhysRAMAddr   NUemWin_CM4_Keil.lib(GUIDRV_FlexColor_Func66709.o)
    0x00009cf0   0x00009cf0   0x0000000a   Code   RO         2985    i._SetPixelIndex    NUemWin_CM4_Keil.lib(GUIDRV_FlexColor.o)
    0x00009cfa   0x00009cfa   0x00000002   PAD
    0x00009cfc   0x00009cfc   0x00000070   Code   RO         3674    i._SetPixelIndex    NUemWin_CM4_Keil.lib(GUIDEV_16.o)
    0x00009d6c   0x00009d6c   0x000000b0   Code   RO         3071    i._SetRect          NUemWin_CM4_Keil.lib(GUIDRV_FlexColor_Func66709.o)
    0x00009e1c   0x00009e1c   0x00000008   Code   RO         3072    i._SetReg_B16       NUemWin_CM4_Keil.lib(GUIDRV_FlexColor_Func66709.o)
    0x00009e24   0x00009e24   0x0000001a   Code   RO         3073    i._SetReg_B8        NUemWin_CM4_Keil.lib(GUIDRV_FlexColor_Func66709.o)
    0x00009e3e   0x00009e3e   0x0000000a   Code   RO         3052    i._WriteData        NUemWin_CM4_Keil.lib(GUIDRV_FlexColor_16bpp_C0B16.o)
    0x00009e48   0x00009e48   0x00000008   Code   RO         3074    i._WritePara_B16    NUemWin_CM4_Keil.lib(GUIDRV_FlexColor_Func66709.o)
    0x00009e50   0x00009e50   0x0000000a   Code   RO         3075    i._WritePara_B8     NUemWin_CM4_Keil.lib(GUIDRV_FlexColor_Func66709.o)
    0x00009e5a   0x00009e5a   0x00000032   Code   RO         2986    i._XorPixel         NUemWin_CM4_Keil.lib(GUIDRV_FlexColor.o)
    0x00009e8c   0x00009e8c   0x00000078   Code   RO         3675    i._XorPixel         NUemWin_CM4_Keil.lib(GUIDEV_16.o)
    0x00009f04   0x00009f04   0x00000030   Code   RO         4806    i.__ARM_fpclassify  m_wm.l(fpclassify.o)
    0x00009f34   0x00009f34   0x00000084   Code   RO         3735    i._cbBackWin        NUemWin_CM4_Keil.lib(WM.o)
    0x00009fb8   0x00009fb8   0x0000000e   Code   RO         4653    i._is_digit         c_w.l(__printf_wp.o)
    0x00009fc6   0x00009fc6   0x00000002   PAD
    0x00009fc8   0x00009fc8   0x000000a0   Code   RO           13    i.clock_tick        main.o
    0x0000a068   0x0000a068   0x00000008   Code   RO         2363    i.ferror            retarget.o
    0x0000a070   0x0000a070   0x00000010   Code   RO         2365    i.fputc             retarget.o
    0x0000a080   0x0000a080   0x00000264   Code   RO           14    i.main              main.o
    0x0000a2e4   0x0000a2e4   0x000000a8   Code   RO         2367    i.stackDump         retarget.o
    0x0000a38c   0x0000a38c   0x0000002c   Code   RO         4802    locale$$code        c_w.l(lc_numeric_c.o)
    0x0000a3b8   0x0000a3b8   0x0000002c   Code   RO         4871    locale$$code        c_w.l(lc_ctype_c.o)
    0x0000a3e4   0x0000a3e4   0x00000062   Code   RO         4695    x$fpl$d2f           fz_wm.l(d2f.o)
    0x0000a446   0x0000a446   0x00000002   PAD
    0x0000a448   0x0000a448   0x00000150   Code   RO         4697    x$fpl$dadd          fz_wm.l(daddsub_clz.o)
    0x0000a598   0x0000a598   0x000002b0   Code   RO         4704    x$fpl$ddiv          fz_wm.l(ddiv.o)
    0x0000a848   0x0000a848   0x0000009c   Code   RO         4737    x$fpl$dnaninf       fz_wm.l(dnaninf.o)
    0x0000a8e4   0x0000a8e4   0x0000000c   Code   RO         4739    x$fpl$dretinf       fz_wm.l(dretinf.o)
    0x0000a8f0   0x0000a8f0   0x000001d4   Code   RO         4699    x$fpl$dsub          fz_wm.l(daddsub_clz.o)
    0x0000aac4   0x0000aac4   0x00000056   Code   RO         4707    x$fpl$f2d           fz_wm.l(f2d.o)
    0x0000ab1a   0x0000ab1a   0x0000008c   Code   RO         4741    x$fpl$fnaninf       fz_wm.l(fnaninf.o)
    0x0000aba6   0x0000aba6   0x0000000a   Code   RO         4875    x$fpl$fpinit        fz_wm.l(fpinit.o)
    0x0000abb0   0x0000abb0   0x0000000a   Code   RO         4743    x$fpl$fretinf       fz_wm.l(fretinf.o)
    0x0000abba   0x0000abba   0x00000004   Code   RO         4709    x$fpl$printf1       fz_wm.l(printf1.o)
    0x0000abbe   0x0000abbe   0x00000000   Code   RO         4745    x$fpl$usenofp       fz_wm.l(usenofp.o)
    0x0000abbe   0x0000abbe   0x00000002   PAD
    0x0000abc0   0x0000abc0   0x00000030   Data   RO         1751    .constdata          uart.o
    0x0000abf0   0x0000abf0   0x00000018   Data   RO         2496    .constdata          NUemWin_CM4_Keil.lib(GUICC_565.o)
    0x0000ac08   0x0000ac08   0x00000008   Data   RO         2776    .constdata          NUemWin_CM4_Keil.lib(GUI_Core.o)
    0x0000ac10   0x0000ac10   0x00000034   Data   RO         2987    .constdata          NUemWin_CM4_Keil.lib(GUIDRV_FlexColor.o)
    0x0000ac44   0x0000ac44   0x00000040   Data   RO         2988    .constdata          NUemWin_CM4_Keil.lib(GUIDRV_FlexColor.o)
    0x0000ac84   0x0000ac84   0x00000018   Data   RO         3095    .constdata          NUemWin_CM4_Keil.lib(F24_1.o)
    0x0000ac9c   0x0000ac9c   0x00000018   Data   RO         3096    .constdata          NUemWin_CM4_Keil.lib(F24_1.o)
    0x0000acb4   0x0000acb4   0x00000030   Data   RO         3097    .constdata          NUemWin_CM4_Keil.lib(F24_1.o)
    0x0000ace4   0x0000ace4   0x00000030   Data   RO         3098    .constdata          NUemWin_CM4_Keil.lib(F24_1.o)
    0x0000ad14   0x0000ad14   0x00000030   Data   RO         3099    .constdata          NUemWin_CM4_Keil.lib(F24_1.o)
    0x0000ad44   0x0000ad44   0x00000030   Data   RO         3100    .constdata          NUemWin_CM4_Keil.lib(F24_1.o)
    0x0000ad74   0x0000ad74   0x00000018   Data   RO         3101    .constdata          NUemWin_CM4_Keil.lib(F24_1.o)
    0x0000ad8c   0x0000ad8c   0x00000030   Data   RO         3102    .constdata          NUemWin_CM4_Keil.lib(F24_1.o)
    0x0000adbc   0x0000adbc   0x00000018   Data   RO         3103    .constdata          NUemWin_CM4_Keil.lib(F24_1.o)
    0x0000add4   0x0000add4   0x00000030   Data   RO         3104    .constdata          NUemWin_CM4_Keil.lib(F24_1.o)
    0x0000ae04   0x0000ae04   0x00000018   Data   RO         3105    .constdata          NUemWin_CM4_Keil.lib(F24_1.o)
    0x0000ae1c   0x0000ae1c   0x00000030   Data   RO         3106    .constdata          NUemWin_CM4_Keil.lib(F24_1.o)
    0x0000ae4c   0x0000ae4c   0x00000030   Data   RO         3107    .constdata          NUemWin_CM4_Keil.lib(F24_1.o)
    0x0000ae7c   0x0000ae7c   0x00000018   Data   RO         3108    .constdata          NUemWin_CM4_Keil.lib(F24_1.o)
    0x0000ae94   0x0000ae94   0x00000030   Data   RO         3109    .constdata          NUemWin_CM4_Keil.lib(F24_1.o)
    0x0000aec4   0x0000aec4   0x00000030   Data   RO         3110    .constdata          NUemWin_CM4_Keil.lib(F24_1.o)
    0x0000aef4   0x0000aef4   0x00000018   Data   RO         3111    .constdata          NUemWin_CM4_Keil.lib(F24_1.o)
    0x0000af0c   0x0000af0c   0x00000030   Data   RO         3112    .constdata          NUemWin_CM4_Keil.lib(F24_1.o)
    0x0000af3c   0x0000af3c   0x00000018   Data   RO         3113    .constdata          NUemWin_CM4_Keil.lib(F24_1.o)
    0x0000af54   0x0000af54   0x00000018   Data   RO         3114    .constdata          NUemWin_CM4_Keil.lib(F24_1.o)
    0x0000af6c   0x0000af6c   0x00000018   Data   RO         3115    .constdata          NUemWin_CM4_Keil.lib(F24_1.o)
    0x0000af84   0x0000af84   0x00000030   Data   RO         3116    .constdata          NUemWin_CM4_Keil.lib(F24_1.o)
    0x0000afb4   0x0000afb4   0x00000030   Data   RO         3117    .constdata          NUemWin_CM4_Keil.lib(F24_1.o)
    0x0000afe4   0x0000afe4   0x00000018   Data   RO         3118    .constdata          NUemWin_CM4_Keil.lib(F24_1.o)
    0x0000affc   0x0000affc   0x00000018   Data   RO         3119    .constdata          NUemWin_CM4_Keil.lib(F24_1.o)
    0x0000b014   0x0000b014   0x00000018   Data   RO         3120    .constdata          NUemWin_CM4_Keil.lib(F24_1.o)
    0x0000b02c   0x0000b02c   0x00000018   Data   RO         3121    .constdata          NUemWin_CM4_Keil.lib(F24_1.o)
    0x0000b044   0x0000b044   0x00000030   Data   RO         3122    .constdata          NUemWin_CM4_Keil.lib(F24_1.o)
    0x0000b074   0x0000b074   0x00000048   Data   RO         3123    .constdata          NUemWin_CM4_Keil.lib(F24_1.o)
    0x0000b0bc   0x0000b0bc   0x00000048   Data   RO         3124    .constdata          NUemWin_CM4_Keil.lib(F24_1.o)
    0x0000b104   0x0000b104   0x00000048   Data   RO         3125    .constdata          NUemWin_CM4_Keil.lib(F24_1.o)
    0x0000b14c   0x0000b14c   0x00000030   Data   RO         3126    .constdata          NUemWin_CM4_Keil.lib(F24_1.o)
    0x0000b17c   0x0000b17c   0x00000030   Data   RO         3127    .constdata          NUemWin_CM4_Keil.lib(F24_1.o)
    0x0000b1ac   0x0000b1ac   0x00000030   Data   RO         3128    .constdata          NUemWin_CM4_Keil.lib(F24_1.o)
    0x0000b1dc   0x0000b1dc   0x00000030   Data   RO         3129    .constdata          NUemWin_CM4_Keil.lib(F24_1.o)
    0x0000b20c   0x0000b20c   0x00000030   Data   RO         3130    .constdata          NUemWin_CM4_Keil.lib(F24_1.o)
    0x0000b23c   0x0000b23c   0x00000030   Data   RO         3131    .constdata          NUemWin_CM4_Keil.lib(F24_1.o)
    0x0000b26c   0x0000b26c   0x00000030   Data   RO         3132    .constdata          NUemWin_CM4_Keil.lib(F24_1.o)
    0x0000b29c   0x0000b29c   0x00000048   Data   RO         3133    .constdata          NUemWin_CM4_Keil.lib(F24_1.o)
    0x0000b2e4   0x0000b2e4   0x00000030   Data   RO         3134    .constdata          NUemWin_CM4_Keil.lib(F24_1.o)
    0x0000b314   0x0000b314   0x00000030   Data   RO         3135    .constdata          NUemWin_CM4_Keil.lib(F24_1.o)
    0x0000b344   0x0000b344   0x00000030   Data   RO         3136    .constdata          NUemWin_CM4_Keil.lib(F24_1.o)
    0x0000b374   0x0000b374   0x00000030   Data   RO         3137    .constdata          NUemWin_CM4_Keil.lib(F24_1.o)
    0x0000b3a4   0x0000b3a4   0x00000030   Data   RO         3138    .constdata          NUemWin_CM4_Keil.lib(F24_1.o)
    0x0000b3d4   0x0000b3d4   0x00000018   Data   RO         3139    .constdata          NUemWin_CM4_Keil.lib(F24_1.o)
    0x0000b3ec   0x0000b3ec   0x00000018   Data   RO         3140    .constdata          NUemWin_CM4_Keil.lib(F24_1.o)
    0x0000b404   0x0000b404   0x00000018   Data   RO         3141    .constdata          NUemWin_CM4_Keil.lib(F24_1.o)
    0x0000b41c   0x0000b41c   0x00000018   Data   RO         3142    .constdata          NUemWin_CM4_Keil.lib(F24_1.o)
    0x0000b434   0x0000b434   0x00000030   Data   RO         3143    .constdata          NUemWin_CM4_Keil.lib(F24_1.o)
    0x0000b464   0x0000b464   0x00000030   Data   RO         3144    .constdata          NUemWin_CM4_Keil.lib(F24_1.o)
    0x0000b494   0x0000b494   0x00000030   Data   RO         3145    .constdata          NUemWin_CM4_Keil.lib(F24_1.o)
    0x0000b4c4   0x0000b4c4   0x00000030   Data   RO         3146    .constdata          NUemWin_CM4_Keil.lib(F24_1.o)
    0x0000b4f4   0x0000b4f4   0x00000030   Data   RO         3147    .constdata          NUemWin_CM4_Keil.lib(F24_1.o)
    0x0000b524   0x0000b524   0x00000030   Data   RO         3148    .constdata          NUemWin_CM4_Keil.lib(F24_1.o)
    0x0000b554   0x0000b554   0x00000030   Data   RO         3149    .constdata          NUemWin_CM4_Keil.lib(F24_1.o)
    0x0000b584   0x0000b584   0x00000030   Data   RO         3150    .constdata          NUemWin_CM4_Keil.lib(F24_1.o)
    0x0000b5b4   0x0000b5b4   0x00000030   Data   RO         3151    .constdata          NUemWin_CM4_Keil.lib(F24_1.o)
    0x0000b5e4   0x0000b5e4   0x00000030   Data   RO         3152    .constdata          NUemWin_CM4_Keil.lib(F24_1.o)
    0x0000b614   0x0000b614   0x00000030   Data   RO         3153    .constdata          NUemWin_CM4_Keil.lib(F24_1.o)
    0x0000b644   0x0000b644   0x00000030   Data   RO         3154    .constdata          NUemWin_CM4_Keil.lib(F24_1.o)
    0x0000b674   0x0000b674   0x00000030   Data   RO         3155    .constdata          NUemWin_CM4_Keil.lib(F24_1.o)
    0x0000b6a4   0x0000b6a4   0x00000030   Data   RO         3156    .constdata          NUemWin_CM4_Keil.lib(F24_1.o)
    0x0000b6d4   0x0000b6d4   0x00000030   Data   RO         3157    .constdata          NUemWin_CM4_Keil.lib(F24_1.o)
    0x0000b704   0x0000b704   0x00000030   Data   RO         3158    .constdata          NUemWin_CM4_Keil.lib(F24_1.o)
    0x0000b734   0x0000b734   0x00000030   Data   RO         3159    .constdata          NUemWin_CM4_Keil.lib(F24_1.o)
    0x0000b764   0x0000b764   0x00000030   Data   RO         3160    .constdata          NUemWin_CM4_Keil.lib(F24_1.o)
    0x0000b794   0x0000b794   0x00000030   Data   RO         3161    .constdata          NUemWin_CM4_Keil.lib(F24_1.o)
    0x0000b7c4   0x0000b7c4   0x00000030   Data   RO         3162    .constdata          NUemWin_CM4_Keil.lib(F24_1.o)
    0x0000b7f4   0x0000b7f4   0x00000030   Data   RO         3163    .constdata          NUemWin_CM4_Keil.lib(F24_1.o)
    0x0000b824   0x0000b824   0x00000030   Data   RO         3164    .constdata          NUemWin_CM4_Keil.lib(F24_1.o)
    0x0000b854   0x0000b854   0x00000048   Data   RO         3165    .constdata          NUemWin_CM4_Keil.lib(F24_1.o)
    0x0000b89c   0x0000b89c   0x00000030   Data   RO         3166    .constdata          NUemWin_CM4_Keil.lib(F24_1.o)
    0x0000b8cc   0x0000b8cc   0x00000030   Data   RO         3167    .constdata          NUemWin_CM4_Keil.lib(F24_1.o)
    0x0000b8fc   0x0000b8fc   0x00000030   Data   RO         3168    .constdata          NUemWin_CM4_Keil.lib(F24_1.o)
    0x0000b92c   0x0000b92c   0x00000030   Data   RO         3169    .constdata          NUemWin_CM4_Keil.lib(F24_1.o)
    0x0000b95c   0x0000b95c   0x00000030   Data   RO         3170    .constdata          NUemWin_CM4_Keil.lib(F24_1.o)
    0x0000b98c   0x0000b98c   0x00000018   Data   RO         3171    .constdata          NUemWin_CM4_Keil.lib(F24_1.o)
    0x0000b9a4   0x0000b9a4   0x00000018   Data   RO         3172    .constdata          NUemWin_CM4_Keil.lib(F24_1.o)
    0x0000b9bc   0x0000b9bc   0x00000018   Data   RO         3173    .constdata          NUemWin_CM4_Keil.lib(F24_1.o)
    0x0000b9d4   0x0000b9d4   0x00000018   Data   RO         3174    .constdata          NUemWin_CM4_Keil.lib(F24_1.o)
    0x0000b9ec   0x0000b9ec   0x00000030   Data   RO         3175    .constdata          NUemWin_CM4_Keil.lib(F24_1.o)
    0x0000ba1c   0x0000ba1c   0x00000030   Data   RO         3176    .constdata          NUemWin_CM4_Keil.lib(F24_1.o)
    0x0000ba4c   0x0000ba4c   0x00000030   Data   RO         3177    .constdata          NUemWin_CM4_Keil.lib(F24_1.o)
    0x0000ba7c   0x0000ba7c   0x00000030   Data   RO         3178    .constdata          NUemWin_CM4_Keil.lib(F24_1.o)
    0x0000baac   0x0000baac   0x00000030   Data   RO         3179    .constdata          NUemWin_CM4_Keil.lib(F24_1.o)
    0x0000badc   0x0000badc   0x00000030   Data   RO         3180    .constdata          NUemWin_CM4_Keil.lib(F24_1.o)
    0x0000bb0c   0x0000bb0c   0x00000030   Data   RO         3181    .constdata          NUemWin_CM4_Keil.lib(F24_1.o)
    0x0000bb3c   0x0000bb3c   0x00000030   Data   RO         3182    .constdata          NUemWin_CM4_Keil.lib(F24_1.o)
    0x0000bb6c   0x0000bb6c   0x00000030   Data   RO         3183    .constdata          NUemWin_CM4_Keil.lib(F24_1.o)
    0x0000bb9c   0x0000bb9c   0x00000030   Data   RO         3184    .constdata          NUemWin_CM4_Keil.lib(F24_1.o)
    0x0000bbcc   0x0000bbcc   0x00000030   Data   RO         3185    .constdata          NUemWin_CM4_Keil.lib(F24_1.o)
    0x0000bbfc   0x0000bbfc   0x00000030   Data   RO         3186    .constdata          NUemWin_CM4_Keil.lib(F24_1.o)
    0x0000bc2c   0x0000bc2c   0x00000030   Data   RO         3187    .constdata          NUemWin_CM4_Keil.lib(F24_1.o)
    0x0000bc5c   0x0000bc5c   0x00000030   Data   RO         3188    .constdata          NUemWin_CM4_Keil.lib(F24_1.o)
    0x0000bc8c   0x0000bc8c   0x00000030   Data   RO         3189    .constdata          NUemWin_CM4_Keil.lib(F24_1.o)
    0x0000bcbc   0x0000bcbc   0x00000030   Data   RO         3190    .constdata          NUemWin_CM4_Keil.lib(F24_1.o)
    0x0000bcec   0x0000bcec   0x00000300   Data   RO         3191    .constdata          NUemWin_CM4_Keil.lib(F24_1.o)
    0x0000bfec   0x0000bfec   0x0000000c   Data   RO         3192    .constdata          NUemWin_CM4_Keil.lib(F24_1.o)
    0x0000bff8   0x0000bff8   0x00000024   Data   RO         3193    .constdata          NUemWin_CM4_Keil.lib(F24_1.o)
    0x0000c01c   0x0000c01c   0x00000518   Data   RO         3194    .constdata          NUemWin_CM4_Keil.lib(F6x8.o)
    0x0000c534   0x0000c534   0x000001c0   Data   RO         3195    .constdata          NUemWin_CM4_Keil.lib(F6x8.o)
    0x0000c6f4   0x0000c6f4   0x00000008   Data   RO         3196    .constdata          NUemWin_CM4_Keil.lib(F6x8.o)
    0x0000c6fc   0x0000c6fc   0x00000014   Data   RO         3197    .constdata          NUemWin_CM4_Keil.lib(F6x8.o)
    0x0000c710   0x0000c710   0x00000024   Data   RO         3198    .constdata          NUemWin_CM4_Keil.lib(F6x8.o)
    0x0000c734   0x0000c734   0x00000010   Data   RO         3293    .constdata          NUemWin_CM4_Keil.lib(GUI_UC_EncodeNone.o)
    0x0000c744   0x0000c744   0x00000020   Data   RO         3311    .constdata          NUemWin_CM4_Keil.lib(GUI__DivTbl.o)
    0x0000c764   0x0000c764   0x00000040   Data   RO         3312    .constdata          NUemWin_CM4_Keil.lib(GUI__DivTbl.o)
    0x0000c7a4   0x0000c7a4   0x00000100   Data   RO         3314    .constdata          NUemWin_CM4_Keil.lib(GUI__DivTbl.o)
    0x0000c8a4   0x0000c8a4   0x00000100   Data   RO         3315    .constdata          NUemWin_CM4_Keil.lib(GUI__DivTbl.o)
    0x0000c9a4   0x0000c9a4   0x0000000c   Data   RO         3401    .constdata          NUemWin_CM4_Keil.lib(LCD.o)
    0x0000c9b0   0x0000c9b0   0x00000018   Data   RO         3566    .constdata          NUemWin_CM4_Keil.lib(F24_ASCII.o)
    0x0000c9c8   0x0000c9c8   0x00000018   Data   RO         3567    .constdata          NUemWin_CM4_Keil.lib(F24_ASCII.o)
    0x0000c9e0   0x0000c9e0   0x00000018   Data   RO         3568    .constdata          NUemWin_CM4_Keil.lib(F24_ASCII.o)
    0x0000c9f8   0x0000c9f8   0x00000030   Data   RO         3569    .constdata          NUemWin_CM4_Keil.lib(F24_ASCII.o)
    0x0000ca28   0x0000ca28   0x00000030   Data   RO         3570    .constdata          NUemWin_CM4_Keil.lib(F24_ASCII.o)
    0x0000ca58   0x0000ca58   0x00000048   Data   RO         3571    .constdata          NUemWin_CM4_Keil.lib(F24_ASCII.o)
    0x0000caa0   0x0000caa0   0x00000030   Data   RO         3572    .constdata          NUemWin_CM4_Keil.lib(F24_ASCII.o)
    0x0000cad0   0x0000cad0   0x00000018   Data   RO         3573    .constdata          NUemWin_CM4_Keil.lib(F24_ASCII.o)
    0x0000cae8   0x0000cae8   0x00000018   Data   RO         3574    .constdata          NUemWin_CM4_Keil.lib(F24_ASCII.o)
    0x0000cb00   0x0000cb00   0x00000018   Data   RO         3575    .constdata          NUemWin_CM4_Keil.lib(F24_ASCII.o)
    0x0000cb18   0x0000cb18   0x00000018   Data   RO         3576    .constdata          NUemWin_CM4_Keil.lib(F24_ASCII.o)
    0x0000cb30   0x0000cb30   0x00000030   Data   RO         3577    .constdata          NUemWin_CM4_Keil.lib(F24_ASCII.o)
    0x0000cb60   0x0000cb60   0x00000018   Data   RO         3578    .constdata          NUemWin_CM4_Keil.lib(F24_ASCII.o)
    0x0000cb78   0x0000cb78   0x00000018   Data   RO         3579    .constdata          NUemWin_CM4_Keil.lib(F24_ASCII.o)
    0x0000cb90   0x0000cb90   0x00000018   Data   RO         3580    .constdata          NUemWin_CM4_Keil.lib(F24_ASCII.o)
    0x0000cba8   0x0000cba8   0x00000018   Data   RO         3581    .constdata          NUemWin_CM4_Keil.lib(F24_ASCII.o)
    0x0000cbc0   0x0000cbc0   0x00000030   Data   RO         3582    .constdata          NUemWin_CM4_Keil.lib(F24_ASCII.o)
    0x0000cbf0   0x0000cbf0   0x00000030   Data   RO         3583    .constdata          NUemWin_CM4_Keil.lib(F24_ASCII.o)
    0x0000cc20   0x0000cc20   0x00000030   Data   RO         3584    .constdata          NUemWin_CM4_Keil.lib(F24_ASCII.o)
    0x0000cc50   0x0000cc50   0x00000030   Data   RO         3585    .constdata          NUemWin_CM4_Keil.lib(F24_ASCII.o)
    0x0000cc80   0x0000cc80   0x00000030   Data   RO         3586    .constdata          NUemWin_CM4_Keil.lib(F24_ASCII.o)
    0x0000ccb0   0x0000ccb0   0x00000030   Data   RO         3587    .constdata          NUemWin_CM4_Keil.lib(F24_ASCII.o)
    0x0000cce0   0x0000cce0   0x00000030   Data   RO         3588    .constdata          NUemWin_CM4_Keil.lib(F24_ASCII.o)
    0x0000cd10   0x0000cd10   0x00000030   Data   RO         3589    .constdata          NUemWin_CM4_Keil.lib(F24_ASCII.o)
    0x0000cd40   0x0000cd40   0x00000030   Data   RO         3590    .constdata          NUemWin_CM4_Keil.lib(F24_ASCII.o)
    0x0000cd70   0x0000cd70   0x00000030   Data   RO         3591    .constdata          NUemWin_CM4_Keil.lib(F24_ASCII.o)
    0x0000cda0   0x0000cda0   0x00000018   Data   RO         3592    .constdata          NUemWin_CM4_Keil.lib(F24_ASCII.o)
    0x0000cdb8   0x0000cdb8   0x00000018   Data   RO         3593    .constdata          NUemWin_CM4_Keil.lib(F24_ASCII.o)
    0x0000cdd0   0x0000cdd0   0x00000030   Data   RO         3594    .constdata          NUemWin_CM4_Keil.lib(F24_ASCII.o)
    0x0000ce00   0x0000ce00   0x00000030   Data   RO         3595    .constdata          NUemWin_CM4_Keil.lib(F24_ASCII.o)
    0x0000ce30   0x0000ce30   0x00000030   Data   RO         3596    .constdata          NUemWin_CM4_Keil.lib(F24_ASCII.o)
    0x0000ce60   0x0000ce60   0x00000030   Data   RO         3597    .constdata          NUemWin_CM4_Keil.lib(F24_ASCII.o)
    0x0000ce90   0x0000ce90   0x00000048   Data   RO         3598    .constdata          NUemWin_CM4_Keil.lib(F24_ASCII.o)
    0x0000ced8   0x0000ced8   0x00000030   Data   RO         3599    .constdata          NUemWin_CM4_Keil.lib(F24_ASCII.o)
    0x0000cf08   0x0000cf08   0x00000030   Data   RO         3600    .constdata          NUemWin_CM4_Keil.lib(F24_ASCII.o)
    0x0000cf38   0x0000cf38   0x00000030   Data   RO         3601    .constdata          NUemWin_CM4_Keil.lib(F24_ASCII.o)
    0x0000cf68   0x0000cf68   0x00000030   Data   RO         3602    .constdata          NUemWin_CM4_Keil.lib(F24_ASCII.o)
    0x0000cf98   0x0000cf98   0x00000030   Data   RO         3603    .constdata          NUemWin_CM4_Keil.lib(F24_ASCII.o)
    0x0000cfc8   0x0000cfc8   0x00000030   Data   RO         3604    .constdata          NUemWin_CM4_Keil.lib(F24_ASCII.o)
    0x0000cff8   0x0000cff8   0x00000030   Data   RO         3605    .constdata          NUemWin_CM4_Keil.lib(F24_ASCII.o)
    0x0000d028   0x0000d028   0x00000030   Data   RO         3606    .constdata          NUemWin_CM4_Keil.lib(F24_ASCII.o)
    0x0000d058   0x0000d058   0x00000018   Data   RO         3607    .constdata          NUemWin_CM4_Keil.lib(F24_ASCII.o)
    0x0000d070   0x0000d070   0x00000030   Data   RO         3608    .constdata          NUemWin_CM4_Keil.lib(F24_ASCII.o)
    0x0000d0a0   0x0000d0a0   0x00000030   Data   RO         3609    .constdata          NUemWin_CM4_Keil.lib(F24_ASCII.o)
    0x0000d0d0   0x0000d0d0   0x00000030   Data   RO         3610    .constdata          NUemWin_CM4_Keil.lib(F24_ASCII.o)
    0x0000d100   0x0000d100   0x00000048   Data   RO         3611    .constdata          NUemWin_CM4_Keil.lib(F24_ASCII.o)
    0x0000d148   0x0000d148   0x00000030   Data   RO         3612    .constdata          NUemWin_CM4_Keil.lib(F24_ASCII.o)
    0x0000d178   0x0000d178   0x00000030   Data   RO         3613    .constdata          NUemWin_CM4_Keil.lib(F24_ASCII.o)
    0x0000d1a8   0x0000d1a8   0x00000030   Data   RO         3614    .constdata          NUemWin_CM4_Keil.lib(F24_ASCII.o)
    0x0000d1d8   0x0000d1d8   0x00000030   Data   RO         3615    .constdata          NUemWin_CM4_Keil.lib(F24_ASCII.o)
    0x0000d208   0x0000d208   0x00000030   Data   RO         3616    .constdata          NUemWin_CM4_Keil.lib(F24_ASCII.o)
    0x0000d238   0x0000d238   0x00000030   Data   RO         3617    .constdata          NUemWin_CM4_Keil.lib(F24_ASCII.o)
    0x0000d268   0x0000d268   0x00000030   Data   RO         3618    .constdata          NUemWin_CM4_Keil.lib(F24_ASCII.o)
    0x0000d298   0x0000d298   0x00000030   Data   RO         3619    .constdata          NUemWin_CM4_Keil.lib(F24_ASCII.o)
    0x0000d2c8   0x0000d2c8   0x00000030   Data   RO         3620    .constdata          NUemWin_CM4_Keil.lib(F24_ASCII.o)
    0x0000d2f8   0x0000d2f8   0x00000048   Data   RO         3621    .constdata          NUemWin_CM4_Keil.lib(F24_ASCII.o)
    0x0000d340   0x0000d340   0x00000030   Data   RO         3622    .constdata          NUemWin_CM4_Keil.lib(F24_ASCII.o)
    0x0000d370   0x0000d370   0x00000030   Data   RO         3623    .constdata          NUemWin_CM4_Keil.lib(F24_ASCII.o)
    0x0000d3a0   0x0000d3a0   0x00000030   Data   RO         3624    .constdata          NUemWin_CM4_Keil.lib(F24_ASCII.o)
    0x0000d3d0   0x0000d3d0   0x00000018   Data   RO         3625    .constdata          NUemWin_CM4_Keil.lib(F24_ASCII.o)
    0x0000d3e8   0x0000d3e8   0x00000018   Data   RO         3626    .constdata          NUemWin_CM4_Keil.lib(F24_ASCII.o)
    0x0000d400   0x0000d400   0x00000018   Data   RO         3627    .constdata          NUemWin_CM4_Keil.lib(F24_ASCII.o)
    0x0000d418   0x0000d418   0x00000018   Data   RO         3628    .constdata          NUemWin_CM4_Keil.lib(F24_ASCII.o)
    0x0000d430   0x0000d430   0x00000030   Data   RO         3629    .constdata          NUemWin_CM4_Keil.lib(F24_ASCII.o)
    0x0000d460   0x0000d460   0x00000018   Data   RO         3630    .constdata          NUemWin_CM4_Keil.lib(F24_ASCII.o)
    0x0000d478   0x0000d478   0x00000030   Data   RO         3631    .constdata          NUemWin_CM4_Keil.lib(F24_ASCII.o)
    0x0000d4a8   0x0000d4a8   0x00000030   Data   RO         3632    .constdata          NUemWin_CM4_Keil.lib(F24_ASCII.o)
    0x0000d4d8   0x0000d4d8   0x00000030   Data   RO         3633    .constdata          NUemWin_CM4_Keil.lib(F24_ASCII.o)
    0x0000d508   0x0000d508   0x00000030   Data   RO         3634    .constdata          NUemWin_CM4_Keil.lib(F24_ASCII.o)
    0x0000d538   0x0000d538   0x00000030   Data   RO         3635    .constdata          NUemWin_CM4_Keil.lib(F24_ASCII.o)
    0x0000d568   0x0000d568   0x00000018   Data   RO         3636    .constdata          NUemWin_CM4_Keil.lib(F24_ASCII.o)
    0x0000d580   0x0000d580   0x00000030   Data   RO         3637    .constdata          NUemWin_CM4_Keil.lib(F24_ASCII.o)
    0x0000d5b0   0x0000d5b0   0x00000030   Data   RO         3638    .constdata          NUemWin_CM4_Keil.lib(F24_ASCII.o)
    0x0000d5e0   0x0000d5e0   0x00000018   Data   RO         3639    .constdata          NUemWin_CM4_Keil.lib(F24_ASCII.o)
    0x0000d5f8   0x0000d5f8   0x00000018   Data   RO         3640    .constdata          NUemWin_CM4_Keil.lib(F24_ASCII.o)
    0x0000d610   0x0000d610   0x00000030   Data   RO         3641    .constdata          NUemWin_CM4_Keil.lib(F24_ASCII.o)
    0x0000d640   0x0000d640   0x00000018   Data   RO         3642    .constdata          NUemWin_CM4_Keil.lib(F24_ASCII.o)
    0x0000d658   0x0000d658   0x00000030   Data   RO         3643    .constdata          NUemWin_CM4_Keil.lib(F24_ASCII.o)
    0x0000d688   0x0000d688   0x00000030   Data   RO         3644    .constdata          NUemWin_CM4_Keil.lib(F24_ASCII.o)
    0x0000d6b8   0x0000d6b8   0x00000030   Data   RO         3645    .constdata          NUemWin_CM4_Keil.lib(F24_ASCII.o)
    0x0000d6e8   0x0000d6e8   0x00000030   Data   RO         3646    .constdata          NUemWin_CM4_Keil.lib(F24_ASCII.o)
    0x0000d718   0x0000d718   0x00000030   Data   RO         3647    .constdata          NUemWin_CM4_Keil.lib(F24_ASCII.o)
    0x0000d748   0x0000d748   0x00000018   Data   RO         3648    .constdata          NUemWin_CM4_Keil.lib(F24_ASCII.o)
    0x0000d760   0x0000d760   0x00000030   Data   RO         3649    .constdata          NUemWin_CM4_Keil.lib(F24_ASCII.o)
    0x0000d790   0x0000d790   0x00000018   Data   RO         3650    .constdata          NUemWin_CM4_Keil.lib(F24_ASCII.o)
    0x0000d7a8   0x0000d7a8   0x00000030   Data   RO         3651    .constdata          NUemWin_CM4_Keil.lib(F24_ASCII.o)
    0x0000d7d8   0x0000d7d8   0x00000030   Data   RO         3652    .constdata          NUemWin_CM4_Keil.lib(F24_ASCII.o)
    0x0000d808   0x0000d808   0x00000030   Data   RO         3653    .constdata          NUemWin_CM4_Keil.lib(F24_ASCII.o)
    0x0000d838   0x0000d838   0x00000030   Data   RO         3654    .constdata          NUemWin_CM4_Keil.lib(F24_ASCII.o)
    0x0000d868   0x0000d868   0x00000030   Data   RO         3655    .constdata          NUemWin_CM4_Keil.lib(F24_ASCII.o)
    0x0000d898   0x0000d898   0x00000030   Data   RO         3656    .constdata          NUemWin_CM4_Keil.lib(F24_ASCII.o)
    0x0000d8c8   0x0000d8c8   0x00000018   Data   RO         3657    .constdata          NUemWin_CM4_Keil.lib(F24_ASCII.o)
    0x0000d8e0   0x0000d8e0   0x00000018   Data   RO         3658    .constdata          NUemWin_CM4_Keil.lib(F24_ASCII.o)
    0x0000d8f8   0x0000d8f8   0x00000018   Data   RO         3659    .constdata          NUemWin_CM4_Keil.lib(F24_ASCII.o)
    0x0000d910   0x0000d910   0x00000030   Data   RO         3660    .constdata          NUemWin_CM4_Keil.lib(F24_ASCII.o)
    0x0000d940   0x0000d940   0x000002f8   Data   RO         3661    .constdata          NUemWin_CM4_Keil.lib(F24_ASCII.o)
    0x0000dc38   0x0000dc38   0x0000000c   Data   RO         3662    .constdata          NUemWin_CM4_Keil.lib(F24_ASCII.o)
    0x0000dc44   0x0000dc44   0x00000074   Data   RO         3676    .constdata          NUemWin_CM4_Keil.lib(GUIDEV_16.o)
    0x0000dcb8   0x0000dcb8   0x00000018   Data   RO         3960    .constdata          NUemWin_CM4_Keil.lib(GUICC_0.o)
    0x0000dcd0   0x0000dcd0   0x00000100   Data   RO         4079    .constdata          NUemWin_CM4_Keil.lib(LCD_Mirror.o)
    0x0000ddd0   0x0000ddd0   0x00000008   Data   RO         4133    .constdata          NUemWin_CM4_Keil.lib(GUIDEV_WriteToActiveOpaque.o)
    0x0000ddd8   0x0000ddd8   0x00000028   Data   RO         4626    .constdata          c_w.l(_printf_hex_int.o)
    0x0000de00   0x0000de00   0x00000011   Data   RO         4656    .constdata          c_w.l(__printf_flags_wp.o)
    0x0000de11   0x0000de11   0x00000003   PAD
    0x0000de14   0x0000de14   0x00000094   Data   RO         4777    .constdata          c_w.l(bigflt0.o)
    0x0000dea8   0x0000dea8   0x00000006   Data   RO           16    .conststring        main.o
    0x0000deae   0x0000deae   0x00000002   PAD
    0x0000deb0   0x0000deb0   0x00000020   Data   RO         4950    Region$$Table       anon$$obj.o
    0x0000ded0   0x0000ded0   0x0000001c   Data   RO         4801    locale$$data        c_w.l(lc_numeric_c.o)
    0x0000deec   0x0000deec   0x00000110   Data   RO         4870    locale$$data        c_w.l(lc_ctype_c.o)


    Execution Region RW_IRAM1 (Exec base: 0x20000000, Load base: 0x0000dffc, Size: 0x00010e48, Max: 0x00028000, ABSOLUTE, COMPRESSED[0x00000058])

    Exec Addr    Load Addr    Size         Type   Attr      Idx    E Section Name        Object

    0x20000000   COMPRESSED   0x00000028   Data   RW           17    .data               main.o
    0x20000028   COMPRESSED   0x00000001   Data   RW         1295    .data               lcdconf.o
    0x20000029   COMPRESSED   0x00000003   PAD
    0x2000002c   COMPRESSED   0x0000000c   Data   RW         1849    .data               adcagent.o
    0x20000038   COMPRESSED   0x0000000a   Data   RW         1908    .data               bnctl.o
    0x20000042   COMPRESSED   0x00000002   PAD
    0x20000044   COMPRESSED   0x0000000c   Data   RW         2009    .data               i2c_eeprom.o
    0x20000050   COMPRESSED   0x00000008   Data   RW         2086    .data               stepmotoragent.o
    0x20000058   COMPRESSED   0x00000008   Data   RW         2368    .data               retarget.o
    0x20000060   COMPRESSED   0x0000002c   Data   RW         2456    .data               system_m480.o
    0x2000008c   COMPRESSED   0x00000004   Data   RW         2538    .data               NUemWin_CM4_Keil.lib(GUI_Alloc.o)
    0x20000090   COMPRESSED   0x00000050   Data   RW         2777    .data               NUemWin_CM4_Keil.lib(GUI_Core.o)
    0x200000e0   COMPRESSED   0x00000004   Data   RW         2781    .data               NUemWin_CM4_Keil.lib(GUI_Core.o)
    0x200000e4   COMPRESSED   0x00000004   Data   RW         2782    .data               NUemWin_CM4_Keil.lib(GUI_Core.o)
    0x200000e8   COMPRESSED   0x00000001   Data   RW         2786    .data               NUemWin_CM4_Keil.lib(GUI_Core.o)
    0x200000e9   COMPRESSED   0x00000003   PAD
    0x200000ec   COMPRESSED   0x00000004   Data   RW         2788    .data               NUemWin_CM4_Keil.lib(GUI_Core.o)
    0x200000f0   COMPRESSED   0x00000002   Data   RW         2789    .data               NUemWin_CM4_Keil.lib(GUI_Core.o)
    0x200000f2   COMPRESSED   0x00000002   Data   RW         2790    .data               NUemWin_CM4_Keil.lib(GUI_Core.o)
    0x200000f4   COMPRESSED   0x0000001c   Data   RW         2989    .data               NUemWin_CM4_Keil.lib(GUIDRV_FlexColor.o)
    0x20000110   COMPRESSED   0x00000008   Data   RW         3076    .data               NUemWin_CM4_Keil.lib(GUIDRV_FlexColor_Func66709.o)
    0x20000118   COMPRESSED   0x00000004   Data   RW         3217    .data               NUemWin_CM4_Keil.lib(GUI_CharLine.o)
    0x2000011c   COMPRESSED   0x00000010   Data   RW         3263    .data               NUemWin_CM4_Keil.lib(GUI_OnKey.o)
    0x2000012c   COMPRESSED   0x0000000c   Data   RW         3304    .data               NUemWin_CM4_Keil.lib(GUI_WaitEvent.o)
    0x20000138   COMPRESSED   0x00000004   Data   RW         3335    .data               NUemWin_CM4_Keil.lib(GUI__Private.o)
    0x2000013c   COMPRESSED   0x00000010   Data   RW         3336    .data               NUemWin_CM4_Keil.lib(GUI__Private.o)
    0x2000014c   COMPRESSED   0x00000004   Data   RW         3402    .data               NUemWin_CM4_Keil.lib(LCD.o)
    0x20000150   COMPRESSED   0x00000014   Data   RW         3433    .data               NUemWin_CM4_Keil.lib(LCD_Color.o)
    0x20000164   COMPRESSED   0x00000008   Data   RW         3489    .data               NUemWin_CM4_Keil.lib(LCD_GetEx.o)
    0x2000016c   COMPRESSED   0x00000050   Data   RW         3739    .data               NUemWin_CM4_Keil.lib(WM.o)
    0x200001bc   COMPRESSED   0x00000014   Data   RW         4044    .data               NUemWin_CM4_Keil.lib(GUI__ManageCache.o)
    0x200001d0   COMPRESSED   0x0000002c   Data   RW         4166    .data               NUemWin_CM4_Keil.lib(WM_Touch.o)
    0x200001fc   COMPRESSED   0x00000004   Data   RW         4196    .data               NUemWin_CM4_Keil.lib(WM__Private.o)
    0x20000200        -       0x000000ac   Zero   RW           15    .bss                main.o
    0x200002ac        -       0x00010000   Zero   RW         1007    .bss                guiconf.o
    0x200102ac        -       0x00000010   Zero   RW         1907    .bss                bnctl.o
    0x200102bc        -       0x00000084   Zero   RW         2255    .bss                uart1.o
    0x20010340        -       0x000000cc   Zero   RW         2537    .bss                NUemWin_CM4_Keil.lib(GUI_Alloc.o)
    0x2001040c        -       0x0000006c   Zero   RW         2775    .bss                NUemWin_CM4_Keil.lib(GUI_Core.o)
    0x20010478        -       0x00000058   Zero   RW         3262    .bss                NUemWin_CM4_Keil.lib(GUI_OnKey.o)
    0x200104d0        -       0x00000018   Zero   RW         3737    .bss                NUemWin_CM4_Keil.lib(WM.o)
    0x200104e8        -       0x00000060   Zero   RW         4809    .bss                c_w.l(libspace.o)
    0x20010548        -       0x00000100   Zero   RW         2445    HEAP                startup_m480.o
    0x20010648        -       0x00000800   Zero   RW         2444    STACK               startup_m480.o


==============================================================================

Image component sizes


      Code (inc. data)   RO Data    RW Data    ZI Data      Debug   Object Name

       468         86          0         12          0       3533   adcagent.o
       408         70          0         10         16       3670   bnctl.o
      1312        110          0          0          0       8556   clk.o
        40          6          0          0          0       1197   display.o
       122          4          0          0          0       2437   eadc.o
       404         24          0          0          0       1435   ebi.o
        40         12          0          0          0      12939   fmc.o
        50          0          0          0          0       1163   gpio.o
         4          0          0          0          0        978   gui_x.o
        28          8          0          0      65536        575   guiconf.o
       136          8          0          0          0       2916   i2c.o
       966        208          0         12          0      38933   i2c_eeprom.o
      1424        232          0          1          0      10329   lcdconf.o
      1936        488          6         40        172     160402   main.o
       324        132          0          8          0       5960   retarget.o
       132         38        500          0       2304        932   startup_m480.o
       384         42          0          8          0       2436   stepmotoragent.o
        40          4          0          0          0        606   sys.o
       108         12          0          0          0      84411   system_init.o
       248         44          0         44          0       2107   system_m480.o
        28          0          0          0          0        517   tempsensor.o
       204         22          0          0          0      34536   tmr.o
       444         36         48          0          0       3638   uart.o
       600         84          0          0        132      38332   uart1.o

    ----------------------------------------------------------------------
      9858       1670        588        140      68160     422538   Object Totals
         0          0         32          0          0          0   (incl. Generated)
         8          0          2          5          0          0   (incl. Padding)

    ----------------------------------------------------------------------

      Code (inc. data)   RO Data    RW Data    ZI Data      Debug   Library Member Name

         0          0       5016          0          0          0   F24_1.o
         0          0       4756          0          0          0   F24_ASCII.o
         0          0       1816          0          0          0   F6x8.o
       224          0         24          0          0        388   GUICC_0.o
       382         36         24          0          0        644   GUICC_565.o
       104          4          0          0          0        256   GUIDEV.o
      3026         62        116          0          0       1584   GUIDEV_16.o
        28          0          0          0          0        128   GUIDEV_GetDataPtr.o
        76          0          0          0          0        260   GUIDEV_Usage.o
      2076         14          8          0          0        168   GUIDEV_WriteToActiveOpaque.o
      1740         90        116         28          0       5800   GUIDRV_FlexColor.o
      1724         42          0          0          0        676   GUIDRV_FlexColor_16bpp_C0B16.o
      1344         84          0          8          0       2336   GUIDRV_FlexColor_Func66709.o
      1870         84          0          4        204       1920   GUI_Alloc.o
       100         22          0          0          0        464   GUI_Char.o
       674         34          0          4          0        548   GUI_CharLine.o
       398         10          0          0          0        492   GUI_CharM.o
       378         10          0          0          0        532   GUI_CharP.o
       384         26          0          0          0       1428   GUI_Common.o
       544         84          8         97        108        632   GUI_Core.o
       380         24          0          0          0        612   GUI_Device.o
       276          8          0          0          0        264   GUI_DispString.o
        20          6          0         16         88        116   GUI_OnKey.o
        36          6          0          0          0        128   GUI_SelectLayer.o
        88         12          0          0          0        264   GUI_UC.o
        18          0         16          0          0        464   GUI_UC_EncodeNone.o
        16          4          0         12          0        116   GUI_WaitEvent.o
       396          0          0          0          0        140   GUI__CompactPixelIndices.o
         0          0        608          0          0          0   GUI__DivTbl.o
       248         10          0         20          0        252   GUI__ManageCache.o
       314          0          0         20          0        380   GUI__Private.o
      1976        142         12          4          0       2216   LCD.o
       332         38          0         20          0        520   LCD_Color.o
        32         12          0          0          0        232   LCD_GetColorIndex.o
       434         40          0          8          0       1580   LCD_GetEx.o
        20          0          0          0          0        124   LCD_GetNumDisplays.o
         0          0        256          0          0          0   LCD_Mirror.o
        72         10          0          0          0        128   LCD_SelectLCD.o
       132          0          0          0          0        396   LCD_Set.o
        52         10          0          0          0        132   LCD_SetClipRectEx.o
        36          4          0          0          0        128   LCD_UpdateColorIndices.o
      3726        156          0         80         24       2920   WM.o
       222          6          0          0          0        644   WM_Lib.o
         0          0          0         44          0          0   WM_Touch.o
       156         10          0          4          0        508   WM__Private.o
        60          8          0          0          0         84   __0sscanf.o
        90          0          0          0          0          0   __dczerorl2.o
         8          0          0          0          0         68   __main.o
       312          4         17          0          0         92   __printf_flags_wp.o
        14          0          0          0          0         68   __printf_wp.o
         0          0          0          0          0          0   __rtentry.o
        12          0          0          0          0          0   __rtentry2.o
         6          0          0          0          0          0   __rtentry4.o
        52          8          0          0          0          0   __scatter.o
        28          0          0          0          0          0   __scatter_zi.o
        28          0          0          0          0         68   _chval.o
         6          0          0          0          0          0   _printf_c.o
        44          0          0          0          0        108   _printf_char.o
        48          6          0          0          0         96   _printf_char_common.o
        36          4          0          0          0         80   _printf_char_file.o
         6          0          0          0          0          0   _printf_d.o
       120         16          0          0          0         92   _printf_dec.o
         6          0          0          0          0          0   _printf_f.o
      1054          0          0          0          0        216   _printf_fp_dec.o
       128         16          0          0          0         84   _printf_fp_infnan.o
        88          4         40          0          0         88   _printf_hex_int.o
       178          0          0          0          0         88   _printf_intcommon.o
        78          0          0          0          0        108   _printf_pad.o
         0          0          0          0          0          0   _printf_percent.o
         4          0          0          0          0          0   _printf_percent_end.o
         6          0          0          0          0          0   _printf_s.o
        82          0          0          0          0         80   _printf_str.o
         6          0          0          0          0          0   _printf_x.o
       884          4          0          0          0        100   _scanf.o
       332          0          0          0          0         96   _scanf_int.o
        64          0          0          0          0         84   _sgetc.o
        10          0          0          0          0         68   _sputc.o
       228          4        148          0          0         96   bigflt0.o
      1936        128          0          0          0        672   btod.o
        18          0          0          0          0         80   exit.o
         6          0          0          0          0        152   heapauxi.o
         0          0          0          0          0          0   indicate_semi.o
        18          0          0          0          0         76   isspace.o
        44         10        272          0          0         76   lc_ctype_c.o
        44         10         28          0          0         76   lc_numeric_c.o
         2          0          0          0          0          0   libinit.o
        34          0          0          0          0          0   libinit2.o
         2          0          0          0          0          0   libshutdown.o
         2          0          0          0          0          0   libshutdown2.o
         8          4          0          0         96         68   libspace.o
       138          0          0          0          0         80   lludiv10.o
         8          0          0          0          0         76   memcpy.o
        22          0          0          0          0         76   memset.o
        24          4          0          0          0         84   noretval__2printf.o
        40          6          0          0          0         84   noretval__2sprintf.o
        16          4          0          0          0         76   rt_ctype_table.o
         8          4          0          0          0         68   rt_locale_intlibspace.o
        68          0          0          0          0         68   rt_memclr.o
        78          0          0          0          0         80   rt_memclr_w.o
       138          0          0          0          0         68   rt_memcpy_v6.o
       100          0          0          0          0         80   rt_memcpy_w.o
       132          0          0          0          0         68   rt_memmove_v6.o
       122          0          0          0          0         80   rt_memmove_w.o
         2          0          0          0          0          0   rtexit.o
        10          0          0          0          0          0   rtexit2.o
        44          8          0          0          0         84   scanf_char.o
       128          0          0          0          0         68   strcmpv7m.o
        72          0          0          0          0         80   strcpy.o
        62          0          0          0          0         76   strlen.o
        12          4          0          0          0         68   sys_exit.o
        74          0          0          0          0         80   sys_stackheap_outer.o
         2          0          0          0          0         68   use_no_semi.o
        98          4          0          0          0        140   d2f.o
       804         16          0          0          0        368   daddsub_clz.o
       688        140          0          0          0        256   ddiv.o
       156          4          0          0          0        140   dnaninf.o
        12          0          0          0          0        116   dretinf.o
        86          4          0          0          0        132   f2d.o
       140          4          0          0          0        132   fnaninf.o
        10          0          0          0          0        116   fpinit.o
        10          0          0          0          0        116   fretinf.o
         4          0          0          0          0        116   printf1.o
         0          0          0          0          0          0   usenofp.o
        48          0          0          0          0        124   fpclassify.o

    ----------------------------------------------------------------------
     33610       1528      13284        372        520      36852   Library Totals
        68          0          3          3          0          0   (incl. Padding)

    ----------------------------------------------------------------------

      Code (inc. data)   RO Data    RW Data    ZI Data      Debug   Library Name

     24054       1100      12776        369        424      30520   NUemWin_CM4_Keil.lib
      7432        256        505          0         96       4576   c_w.l
      2008        172          0          0          0       1632   fz_wm.l
        48          0          0          0          0        124   m_wm.l

    ----------------------------------------------------------------------
     33610       1528      13284        372        520      36852   Library Totals

    ----------------------------------------------------------------------

==============================================================================


      Code (inc. data)   RO Data    RW Data    ZI Data      Debug   

     43468       3198      13872        512      68680     422438   Grand Totals
     43468       3198      13872         88      68680     422438   ELF Image Totals (compressed)
     43468       3198      13872         88          0          0   ROM Totals

==============================================================================

    Total RO  Size (Code + RO Data)                57340 (  56.00kB)
    Total RW  Size (RW Data + ZI Data)             69192 (  67.57kB)
    Total ROM Size (Code + RO Data + RW Data)      57428 (  56.08kB)

==============================================================================

